[bringup] cmd:
  ros2  run  mqtt_gateway  mqtt_gateway_node  --run-log-dir  /home/firefly/workspace/zsibot/linkswarm_d1_ros2/logs/platform_sdk_bringup/20260829_165004  --ros-args  --log-level  info  -p  group_control_mode_default:=true  -p  sensor_uwb_timeout_ms:=3000.0

[0m[INFO] [1787993410.577936230] [mqtt_gateway_node]: MQTT parameters loaded host=127.0.0.1 port=1883 client_id=linkswarm_mqtt_gateway keepalive_sec=10 username_set=false[0m
[33m[WARN] [1787993410.581804313] [mqtt_gateway_node]: Heartbeat sn is empty; continuing because RobotHeartbeat.sn is optional for D1[0m
[0m[INFO] [1787993410.581913980] [mqtt_gateway_node]: Heartbeat tl_ip parameter is empty; Tianluo auto detection will use interface eth0[0m
[33m[WARN] [1787993410.581962980] [mqtt_gateway_node]: Heartbeat wifi_ip is empty after checking wlan0 and fallback parameters; platform diagnostics should flag this[0m
[0m[INFO] [1787993410.582008480] [mqtt_gateway_node]: Heartbeat defaults initialized sn= sn_source=empty wifi_ip= tl_ip= wifi_source=empty tianluo_interface=eth0 tl_ip_auto_detect=true tl_default_ip=192.168.168.168 tl_connected_requires_non_default_ip=true battery_percent=100 battery_charging=false battery_source=default uwb_status_code=1 pose_source=default[0m
[0m[INFO] [1787993410.584146688] [mqtt_gateway_node]: Robot management defaults loaded name= product=D1 model= interaction=false fall_detection=false volume=0 group_control_mode=true publish_pnc_capable=false[0m
[0m[INFO] [1787993410.586085105] [mqtt_gateway_node]: Tianluo tl_ip changed old_ip= new_ip=192.168.3.10 interface=eth0 source=interface[0m
[0m[INFO] [1787993410.586217521] [mqtt_gateway_node]: Tianluo tl_ip status interface=eth0 ip=192.168.3.10 source=interface tl_connected=true[0m
[0m[INFO] [1787993410.586425771] [mqtt_gateway_node]: Tianluo tl_ip auto detection initialized interface=eth0 default_ip=192.168.168.168 connected_requires_non_default_ip=true period_ms=1000[0m
[0m[INFO] [1787993410.587272480] [mqtt_gateway_node]: Tianshu USB presence changed connected=false path=/sys/class/net/eth1/device tl_connected_source=tianluo_ip_auto_detection[0m
[0m[INFO] [1787993410.587428521] [mqtt_gateway_node]: Tianshu USB presence detection initialized interface=eth1 override_path= period_ms=1000[0m
[0m[INFO] [1787993410.588776021] [mqtt_gateway_node]: Task audit logger started dir=/home/firefly/workspace/zsibot/linkswarm_d1_ros2/logs/platform_sdk_bringup/20260829_165004/task_audit[0m
[0m[INFO] [1787993410.600402438] [mqtt_gateway_node]: Heartbeat sensor pose source robot_state_topic=/linkswarm_d1/robot_state enabled=true sensor_uwb_timeout_ms=3000 task_status_topic=/motion_manager/task_status[0m
[0m[INFO] [1787993410.606787896] [mqtt_gateway_node]: Heartbeat scheduler started frequency_hz=0.200[0m
[0m[INFO] [1787993410.607082188] [mqtt_gateway_node]: MQTT client connecting to 127.0.0.1:1883 as linkswarm_mqtt_gateway[0m
[0m[INFO] [1787993410.607238230] [mqtt_gateway_node]: MQTT connected[0m
[0m[INFO] [1787993410.607344688] [mqtt_gateway_node]: MQTT subscribe requested topic=aimrt_rpc_req/linkswarm_manager/%2Flinkswarm.protocol.LinkSwarmRobotService%2FTimeSync qos=2 mid=1[0m
[0m[INFO] [1787993410.607424896] [mqtt_gateway_node]: MQTT subscribe requested topic=aimrt_rpc_req/linkswarm_manager/%2Flinkswarm.protocol.LinkSwarmRobotService%2FSetHeartbeatFrequency qos=2 mid=2[0m
[0m[INFO] [1787993410.607493730] [mqtt_gateway_node]: MQTT subscribe requested topic=aimrt_rpc_req/linkswarm_manager/%2Flinkswarm.protocol.LinkSwarmRobotService%2FGetHeartbeat qos=2 mid=3[0m
[0m[INFO] [1787993410.608065980] [mqtt_gateway_node]: MQTT subscribe requested topic=aimrt_rpc_req/linkswarm_manager/%2Flinkswarm.protocol.LinkSwarmRobotService%2FSetGroupControlMode qos=2 mid=4[0m
[0m[INFO] [1787993410.608147063] [mqtt_gateway_node]: MQTT subscribe requested topic=aimrt_rpc_req/linkswarm_manager/%2Flinkswarm.protocol.LinkSwarmRobotService%2FGetRobotConfig qos=2 mid=5[0m
[0m[INFO] [1787993410.608337813] [mqtt_gateway_node]: MQTT subscribe requested topic=aimrt_rpc_req/linkswarm_manager/%2Flinkswarm.protocol.LinkSwarmRobotService%2FHealthDiagnosis qos=2 mid=6[0m
[0m[INFO] [1787993410.608439313] [mqtt_gateway_node]: MQTT subscribe requested topic=aimrt_rpc_req/linkswarm_manager/%2Flinkswarm.protocol.LinkSwarmRobotService%2FGetRobotInfo qos=2 mid=7[0m
[0m[INFO] [1787993410.608523896] [mqtt_gateway_node]: MQTT subscribe requested topic=aimrt_rpc_req/linkswarm_manager/%2Flinkswarm.protocol.LinkSwarmRobotService%2FInitImu qos=2 mid=8[0m
[0m[INFO] [1787993410.608584563] [mqtt_gateway_node]: MQTT subscribe requested topic=aimrt_rpc_req/linkswarm_manager/%2Flinkswarm.protocol.LinkSwarmTaskService%2FCreateTask qos=2 mid=9[0m
[0m[INFO] [1787993410.608672646] [mqtt_gateway_node]: MQTT subscribe requested topic=aimrt_rpc_req/linkswarm_manager/%2Flinkswarm.protocol.LinkSwarmTaskService%2FExecuteTask qos=2 mid=10[0m
[0m[INFO] [1787993410.608732438] [mqtt_gateway_node]: MQTT subscribe requested topic=aimrt_rpc_req/linkswarm_manager/%2Flinkswarm.protocol.LinkSwarmTaskService%2FStopTask qos=2 mid=11[0m
[0m[INFO] [1787993410.608802730] [mqtt_gateway_node]: Heartbeat scheduler MQTT connection state=connected[0m
[0m[INFO] [1787993410.608909188] [mqtt_gateway_node]: heartbeat_snapshot wifi_ip= tl_ip=192.168.3.10 sn= battery=46 battery_source=sdk battery_default=false charging=false state=1 uwb=1 pose=(0.000,0.000,0.000) pose_source=default pose_stale=true source=default[0m
[0m[INFO] [1787993410.608961980] [mqtt_gateway_node]: Heartbeat immediate publish reason=mqtt_connected seq=1 topic=/channel/%2Faima%2Flinkswarm%2Fheartbeat/pb%3Alinkswarm.protocol.LinkSwarmHeartbeatChannel publish=queued[0m
[0m[INFO] [1787993410.609031105] [mqtt_gateway_node]: MQTT subscribe ack mid=1 granted_qos=2[0m
[0m[INFO] [1787993410.609115688] [mqtt_gateway_node]: MQTT subscribe ack mid=2 granted_qos=2[0m
[0m[INFO] [1787993410.653533897] [mqtt_gateway_node]: MQTT subscribe ack mid=3 granted_qos=2[0m
[0m[INFO] [1787993410.653723772] [mqtt_gateway_node]: MQTT subscribe ack mid=4 granted_qos=2[0m
[0m[INFO] [1787993410.653798438] [mqtt_gateway_node]: MQTT subscribe ack mid=5 granted_qos=2[0m
[0m[INFO] [1787993410.653863188] [mqtt_gateway_node]: MQTT subscribe ack mid=6 granted_qos=2[0m
[0m[INFO] [1787993410.653926188] [mqtt_gateway_node]: MQTT subscribe ack mid=7 granted_qos=2[0m
[0m[INFO] [1787993410.653989188] [mqtt_gateway_node]: MQTT subscribe ack mid=8 granted_qos=2[0m
[0m[INFO] [1787993410.654051605] [mqtt_gateway_node]: MQTT subscribe ack mid=9 granted_qos=2[0m
[0m[INFO] [1787993410.654113730] [mqtt_gateway_node]: MQTT subscribe ack mid=10 granted_qos=2[0m
[0m[INFO] [1787993410.654206480] [mqtt_gateway_node]: MQTT subscribe ack mid=11 granted_qos=2[0m
[0m[INFO] [1787993412.062086439] [mqtt_gateway_node]: Received MQTT RPC method=TimeSync topic=aimrt_rpc_req/linkswarm_manager/%2Flinkswarm.protocol.LinkSwarmRobotService%2FTimeSync msg_id=302 res_topic=aimrt_rpc_rsp/linkswarm_manager/%2Flinkswarm.protocol.LinkSwarmRobotService%2FTimeSync payload_bytes=242 inner_bytes=148[0m
[0m[INFO] [1787993412.062397939] [mqtt_gateway_node]: TimeSync handled msg_id=302 trace_id=fca07819-309a-4838-abcd-2f9fc5d121e0 receive_time_ms=1787993412062 server_time_ms=1787993412062 response_topic=aimrt_rpc_rsp/linkswarm_manager/%2Flinkswarm.protocol.LinkSwarmRobotService%2FTimeSync publish=queued[0m
[0m[INFO] [1787993412.062556897] [mqtt_gateway_node]: Received MQTT RPC method=GetRobotConfig topic=aimrt_rpc_req/linkswarm_manager/%2Flinkswarm.protocol.LinkSwarmRobotService%2FGetRobotConfig msg_id=303 res_topic=aimrt_rpc_rsp/linkswarm_manager/%2Flinkswarm.protocol.LinkSwarmRobotService%2FGetRobotConfig payload_bytes=248 inner_bytes=148[0m
[0m[INFO] [1787993412.062652856] [mqtt_gateway_node]: GetRobotConfig handled msg_id=303 trace_id=b87551f7-9e31-413e-bbf7-6ec2d80f7788 response_topic=aimrt_rpc_rsp/linkswarm_manager/%2Flinkswarm.protocol.LinkSwarmRobotService%2FGetRobotConfig publish=queued[0m
[0m[INFO] [1787993412.104849439] [mqtt_gateway_node]: Received MQTT RPC method=TimeSync topic=aimrt_rpc_req/linkswarm_manager/%2Flinkswarm.protocol.LinkSwarmRobotService%2FTimeSync msg_id=304 res_topic=aimrt_rpc_rsp/linkswarm_manager/%2Flinkswarm.protocol.LinkSwarmRobotService%2FTimeSync payload_bytes=242 inner_bytes=148[0m
[0m[INFO] [1787993412.105090939] [mqtt_gateway_node]: TimeSync handled msg_id=304 trace_id=a0c222fc-ff03-483a-b20d-1490911eb137 receive_time_ms=1787993412104 server_time_ms=1787993412105 response_topic=aimrt_rpc_rsp/linkswarm_manager/%2Flinkswarm.protocol.LinkSwarmRobotService%2FTimeSync publish=queued[0m
[0m[INFO] [1787993412.155396731] [mqtt_gateway_node]: Received MQTT RPC method=TimeSync topic=aimrt_rpc_req/linkswarm_manager/%2Flinkswarm.protocol.LinkSwarmRobotService%2FTimeSync msg_id=305 res_topic=aimrt_rpc_rsp/linkswarm_manager/%2Flinkswarm.protocol.LinkSwarmRobotService%2FTimeSync payload_bytes=243 inner_bytes=149[0m
[0m[INFO] [1787993412.155596522] [mqtt_gateway_node]: TimeSync handled msg_id=305 trace_id=6007c67f-c851-42cd-b163-1b58a45a0a1f receive_time_ms=1787993412155 server_time_ms=1787993412155 response_topic=aimrt_rpc_rsp/linkswarm_manager/%2Flinkswarm.protocol.LinkSwarmRobotService%2FTimeSync publish=queued[0m
[0m[INFO] [1787993412.196441231] [mqtt_gateway_node]: Received MQTT RPC method=TimeSync topic=aimrt_rpc_req/linkswarm_manager/%2Flinkswarm.protocol.LinkSwarmRobotService%2FTimeSync msg_id=306 res_topic=aimrt_rpc_rsp/linkswarm_manager/%2Flinkswarm.protocol.LinkSwarmRobotService%2FTimeSync payload_bytes=243 inner_bytes=149[0m
[0m[INFO] [1787993412.196650064] [mqtt_gateway_node]: TimeSync handled msg_id=306 trace_id=f15819f6-08f5-4496-8f4e-a610da867a0e receive_time_ms=1787993412196 server_time_ms=1787993412196 response_topic=aimrt_rpc_rsp/linkswarm_manager/%2Flinkswarm.protocol.LinkSwarmRobotService%2FTimeSync publish=queued[0m
[0m[INFO] [1787993412.238448814] [mqtt_gateway_node]: Received MQTT RPC method=TimeSync topic=aimrt_rpc_req/linkswarm_manager/%2Flinkswarm.protocol.LinkSwarmRobotService%2FTimeSync msg_id=307 res_topic=aimrt_rpc_rsp/linkswarm_manager/%2Flinkswarm.protocol.LinkSwarmRobotService%2FTimeSync payload_bytes=243 inner_bytes=149[0m
[0m[INFO] [1787993412.238645981] [mqtt_gateway_node]: TimeSync handled msg_id=307 trace_id=44ed5be7-0185-4dd0-9f95-85d3aa9f730c receive_time_ms=1787993412238 server_time_ms=1787993412238 response_topic=aimrt_rpc_rsp/linkswarm_manager/%2Flinkswarm.protocol.LinkSwarmRobotService%2FTimeSync publish=queued[0m
[0m[INFO] [1787993412.280457564] [mqtt_gateway_node]: Received MQTT RPC method=TimeSync topic=aimrt_rpc_req/linkswarm_manager/%2Flinkswarm.protocol.LinkSwarmRobotService%2FTimeSync msg_id=308 res_topic=aimrt_rpc_rsp/linkswarm_manager/%2Flinkswarm.protocol.LinkSwarmRobotService%2FTimeSync payload_bytes=243 inner_bytes=149[0m
[0m[INFO] [1787993412.280657064] [mqtt_gateway_node]: TimeSync handled msg_id=308 trace_id=954b392a-53a9-436b-8e51-c27d22182317 receive_time_ms=1787993412280 server_time_ms=1787993412280 response_topic=aimrt_rpc_rsp/linkswarm_manager/%2Flinkswarm.protocol.LinkSwarmRobotService%2FTimeSync publish=queued[0m
[0m[INFO] [1787993412.322486731] [mqtt_gateway_node]: Received MQTT RPC method=TimeSync topic=aimrt_rpc_req/linkswarm_manager/%2Flinkswarm.protocol.LinkSwarmRobotService%2FTimeSync msg_id=309 res_topic=aimrt_rpc_rsp/linkswarm_manager/%2Flinkswarm.protocol.LinkSwarmRobotService%2FTimeSync payload_bytes=243 inner_bytes=149[0m
[0m[INFO] [1787993412.322694106] [mqtt_gateway_node]: TimeSync handled msg_id=309 trace_id=0b03fbdf-3899-43e5-9557-022537b6c980 receive_time_ms=1787993412322 server_time_ms=1787993412322 response_topic=aimrt_rpc_rsp/linkswarm_manager/%2Flinkswarm.protocol.LinkSwarmRobotService%2FTimeSync publish=queued[0m
[0m[INFO] [1787993412.364468356] [mqtt_gateway_node]: Received MQTT RPC method=TimeSync topic=aimrt_rpc_req/linkswarm_manager/%2Flinkswarm.protocol.LinkSwarmRobotService%2FTimeSync msg_id=310 res_topic=aimrt_rpc_rsp/linkswarm_manager/%2Flinkswarm.protocol.LinkSwarmRobotService%2FTimeSync payload_bytes=243 inner_bytes=149[0m
[0m[INFO] [1787993412.364675147] [mqtt_gateway_node]: TimeSync handled msg_id=310 trace_id=fe1d22a1-8065-4af3-af2d-0aa858721f1a receive_time_ms=1787993412364 server_time_ms=1787993412364 response_topic=aimrt_rpc_rsp/linkswarm_manager/%2Flinkswarm.protocol.LinkSwarmRobotService%2FTimeSync publish=queued[0m
[0m[INFO] [1787993412.406456106] [mqtt_gateway_node]: Received MQTT RPC method=TimeSync topic=aimrt_rpc_req/linkswarm_manager/%2Flinkswarm.protocol.LinkSwarmRobotService%2FTimeSync msg_id=311 res_topic=aimrt_rpc_rsp/linkswarm_manager/%2Flinkswarm.protocol.LinkSwarmRobotService%2FTimeSync payload_bytes=243 inner_bytes=149[0m
[0m[INFO] [1787993412.406671356] [mqtt_gateway_node]: TimeSync handled msg_id=311 trace_id=ffba5860-8b1a-4352-ad30-38ff85f3b1bb receive_time_ms=1787993412406 server_time_ms=1787993412406 response_topic=aimrt_rpc_rsp/linkswarm_manager/%2Flinkswarm.protocol.LinkSwarmRobotService%2FTimeSync publish=queued[0m
[0m[INFO] [1787993412.448592314] [mqtt_gateway_node]: Received MQTT RPC method=TimeSync topic=aimrt_rpc_req/linkswarm_manager/%2Flinkswarm.protocol.LinkSwarmRobotService%2FTimeSync msg_id=312 res_topic=aimrt_rpc_rsp/linkswarm_manager/%2Flinkswarm.protocol.LinkSwarmRobotService%2FTimeSync payload_bytes=243 inner_bytes=149[0m
[0m[INFO] [1787993412.448808147] [mqtt_gateway_node]: TimeSync handled msg_id=312 trace_id=b82a37c8-cd0c-4ca0-9204-ab3205f957ac receive_time_ms=1787993412448 server_time_ms=1787993412448 response_topic=aimrt_rpc_rsp/linkswarm_manager/%2Flinkswarm.protocol.LinkSwarmRobotService%2FTimeSync publish=queued[0m
[0m[INFO] [1787993412.884629606] [mqtt_gateway_node]: Received MQTT RPC method=GetRobotConfig topic=aimrt_rpc_req/linkswarm_manager/%2Flinkswarm.protocol.LinkSwarmRobotService%2FGetRobotConfig msg_id=313 res_topic=aimrt_rpc_rsp/linkswarm_manager/%2Flinkswarm.protocol.LinkSwarmRobotService%2FGetRobotConfig payload_bytes=248 inner_bytes=148[0m
[0m[INFO] [1787993412.884739273] [mqtt_gateway_node]: GetRobotConfig handled msg_id=313 trace_id=1a20e932-b668-4ddc-b01d-e98c203738dd response_topic=aimrt_rpc_rsp/linkswarm_manager/%2Flinkswarm.protocol.LinkSwarmRobotService%2FGetRobotConfig publish=queued[0m
[33m[WARN] [1787993414.186784482] [mqtt_gateway_node]: MQTT disconnected: rc=7[0m
[0m[INFO] [1787993414.186881315] [mqtt_gateway_node]: Heartbeat scheduler MQTT connection state=disconnected[0m
[0m[INFO] [1787993415.154679732] [rclcpp]: signal_handler(SIGINT/SIGTERM)[0m
[0m[INFO] [1787993415.155195399] [mqtt_gateway_node]: Heartbeat scheduler stopped[0m
[0m[INFO] [1787993415.160949690] [mqtt_gateway_node]: MQTT client stopped[0m
