1787993452: mosquitto version 2.0.11 starting
1787993452: Config loaded from /opt/linkswarm_mosquitto/config/linkswarm_mosquitto.conf.
1787993452: Opening ipv4 listen socket on port 1883.
1787993452: mosquitto version 2.0.11 running
1787993458: New connection from 127.0.0.1:47210 on port 1883.
1787993458: New client connected from 127.0.0.1:47210 as linkswarm_mqtt_gateway (p2, c1, k10).
1787993458: No will message specified.
1787993458: Sending CONNACK to linkswarm_mqtt_gateway (0, 0)
1787993458: Received SUBSCRIBE from linkswarm_mqtt_gateway
1787993458: 	aimrt_rpc_req/linkswarm_manager/%2Flinkswarm.protocol.LinkSwarmRobotService%2FTimeSync (QoS 2)
1787993458: linkswarm_mqtt_gateway 2 aimrt_rpc_req/linkswarm_manager/%2Flinkswarm.protocol.LinkSwarmRobotService%2FTimeSync
1787993458: Sending SUBACK to linkswarm_mqtt_gateway
1787993458: Received SUBSCRIBE from linkswarm_mqtt_gateway
1787993458: 	aimrt_rpc_req/linkswarm_manager/%2Flinkswarm.protocol.LinkSwarmRobotService%2FSetHeartbeatFrequency (QoS 2)
1787993458: linkswarm_mqtt_gateway 2 aimrt_rpc_req/linkswarm_manager/%2Flinkswarm.protocol.LinkSwarmRobotService%2FSetHeartbeatFrequency
1787993458: Sending SUBACK to linkswarm_mqtt_gateway
1787993458: Received SUBSCRIBE from linkswarm_mqtt_gateway
1787993458: 	aimrt_rpc_req/linkswarm_manager/%2Flinkswarm.protocol.LinkSwarmRobotService%2FGetHeartbeat (QoS 2)
1787993458: linkswarm_mqtt_gateway 2 aimrt_rpc_req/linkswarm_manager/%2Flinkswarm.protocol.LinkSwarmRobotService%2FGetHeartbeat
1787993458: Sending SUBACK to linkswarm_mqtt_gateway
1787993458: Received SUBSCRIBE from linkswarm_mqtt_gateway
1787993458: 	aimrt_rpc_req/linkswarm_manager/%2Flinkswarm.protocol.LinkSwarmRobotService%2FSetGroupControlMode (QoS 2)
1787993458: linkswarm_mqtt_gateway 2 aimrt_rpc_req/linkswarm_manager/%2Flinkswarm.protocol.LinkSwarmRobotService%2FSetGroupControlMode
1787993458: Sending SUBACK to linkswarm_mqtt_gateway
1787993458: Received SUBSCRIBE from linkswarm_mqtt_gateway
1787993458: 	aimrt_rpc_req/linkswarm_manager/%2Flinkswarm.protocol.LinkSwarmRobotService%2FGetRobotConfig (QoS 2)
1787993458: linkswarm_mqtt_gateway 2 aimrt_rpc_req/linkswarm_manager/%2Flinkswarm.protocol.LinkSwarmRobotService%2FGetRobotConfig
1787993458: Sending SUBACK to linkswarm_mqtt_gateway
1787993458: Received SUBSCRIBE from linkswarm_mqtt_gateway
1787993458: 	aimrt_rpc_req/linkswarm_manager/%2Flinkswarm.protocol.LinkSwarmRobotService%2FHealthDiagnosis (QoS 2)
1787993458: linkswarm_mqtt_gateway 2 aimrt_rpc_req/linkswarm_manager/%2Flinkswarm.protocol.LinkSwarmRobotService%2FHealthDiagnosis
1787993458: Sending SUBACK to linkswarm_mqtt_gateway
1787993458: Received SUBSCRIBE from linkswarm_mqtt_gateway
1787993458: 	aimrt_rpc_req/linkswarm_manager/%2Flinkswarm.protocol.LinkSwarmRobotService%2FGetRobotInfo (QoS 2)
1787993458: linkswarm_mqtt_gateway 2 aimrt_rpc_req/linkswarm_manager/%2Flinkswarm.protocol.LinkSwarmRobotService%2FGetRobotInfo
1787993458: Sending SUBACK to linkswarm_mqtt_gateway
1787993458: Received SUBSCRIBE from linkswarm_mqtt_gateway
1787993458: 	aimrt_rpc_req/linkswarm_manager/%2Flinkswarm.protocol.LinkSwarmRobotService%2FInitImu (QoS 2)
1787993458: linkswarm_mqtt_gateway 2 aimrt_rpc_req/linkswarm_manager/%2Flinkswarm.protocol.LinkSwarmRobotService%2FInitImu
1787993458: Sending SUBACK to linkswarm_mqtt_gateway
1787993458: Received SUBSCRIBE from linkswarm_mqtt_gateway
1787993458: 	aimrt_rpc_req/linkswarm_manager/%2Flinkswarm.protocol.LinkSwarmTaskService%2FCreateTask (QoS 2)
1787993458: linkswarm_mqtt_gateway 2 aimrt_rpc_req/linkswarm_manager/%2Flinkswarm.protocol.LinkSwarmTaskService%2FCreateTask
1787993458: Sending SUBACK to linkswarm_mqtt_gateway
1787993458: Received SUBSCRIBE from linkswarm_mqtt_gateway
1787993458: 	aimrt_rpc_req/linkswarm_manager/%2Flinkswarm.protocol.LinkSwarmTaskService%2FExecuteTask (QoS 2)
1787993458: linkswarm_mqtt_gateway 2 aimrt_rpc_req/linkswarm_manager/%2Flinkswarm.protocol.LinkSwarmTaskService%2FExecuteTask
1787993458: Sending SUBACK to linkswarm_mqtt_gateway
1787993458: Received SUBSCRIBE from linkswarm_mqtt_gateway
1787993458: 	aimrt_rpc_req/linkswarm_manager/%2Flinkswarm.protocol.LinkSwarmTaskService%2FStopTask (QoS 2)
1787993458: linkswarm_mqtt_gateway 2 aimrt_rpc_req/linkswarm_manager/%2Flinkswarm.protocol.LinkSwarmTaskService%2FStopTask
1787993458: Sending SUBACK to linkswarm_mqtt_gateway
1787993458: Received PUBLISH from linkswarm_mqtt_gateway (d0, q0, r0, m0, '/channel/%2Faima%2Flinkswarm%2Fheartbeat/pb%3Alinkswarm.protocol.LinkSwarmHeartbeatChannel', ... (82 bytes))
1787993461: mosquitto version 2.0.11 terminating
