[2026-08-29 16:40:07.670] [info] [INFO] [1787992807.669912231] [mqtt_gateway_node]: MQTT parameters loaded host=127.0.0.1 port=1883 client_id=linkswarm_mqtt_gateway keepalive_sec=10 username_set=false
[2026-08-29 16:40:07.670] [warning] [WARN] [1787992807.670558564] [mqtt_gateway_node]: Heartbeat sn is empty; continuing because RobotHeartbeat.sn is optional for D1
[2026-08-29 16:40:07.670] [info] [INFO] [1787992807.670605231] [mqtt_gateway_node]: Heartbeat tl_ip parameter is empty; Tianluo auto detection will use interface eth0
[2026-08-29 16:40:07.670] [warning] [WARN] [1787992807.670621273] [mqtt_gateway_node]: Heartbeat wifi_ip is empty after checking wlan0 and fallback parameters; platform diagnostics should flag this
[2026-08-29 16:40:07.670] [info] [INFO] [1787992807.670637606] [mqtt_gateway_node]: Heartbeat defaults initialized sn= sn_source=empty wifi_ip= tl_ip= wifi_source=empty tianluo_interface=eth0 tl_ip_auto_detect=true tl_default_ip=192.168.168.168 tl_connected_requires_non_default_ip=true battery_percent=100 battery_charging=false battery_source=default uwb_status_code=1 pose_source=default
[2026-08-29 16:40:07.670] [info] [INFO] [1787992807.670935689] [mqtt_gateway_node]: Robot management defaults loaded name= product=D1 model= interaction=false fall_detection=false volume=0 group_control_mode=true publish_pnc_capable=false
[2026-08-29 16:40:07.671] [info] [INFO] [1787992807.671043898] [mqtt_gateway_node]: Tianluo tl_ip changed old_ip= new_ip=192.168.3.10 interface=eth0 source=interface
[2026-08-29 16:40:07.671] [info] [INFO] [1787992807.671066648] [mqtt_gateway_node]: Tianluo tl_ip status interface=eth0 ip=192.168.3.10 source=interface tl_connected=true
[2026-08-29 16:40:07.671] [info] [INFO] [1787992807.671101064] [mqtt_gateway_node]: Tianluo tl_ip auto detection initialized interface=eth0 default_ip=192.168.168.168 connected_requires_non_default_ip=true period_ms=1000
[2026-08-29 16:40:07.671] [info] [INFO] [1787992807.671229689] [mqtt_gateway_node]: Tianshu USB presence changed connected=false path=/sys/class/net/eth1/device tl_connected_source=tianluo_ip_auto_detection
[2026-08-29 16:40:07.671] [info] [INFO] [1787992807.671256814] [mqtt_gateway_node]: Tianshu USB presence detection initialized interface=eth1 override_path= period_ms=1000
[2026-08-29 16:40:07.671] [info] [INFO] [1787992807.671641231] [mqtt_gateway_node]: Task audit logger started dir=/home/firefly/workspace/zsibot/linkswarm_d1_ros2/logs/platform_sdk_bringup/20260829_164002/task_audit
[2026-08-29 16:40:07.677] [info] [INFO] [1787992807.676927398] [mqtt_gateway_node]: Heartbeat sensor pose source robot_state_topic=/linkswarm_d1/robot_state enabled=true sensor_uwb_timeout_ms=3000 task_status_topic=/motion_manager/task_status
[2026-08-29 16:40:07.680] [info] [INFO] [1787992807.680180939] [mqtt_gateway_node]: Heartbeat scheduler started frequency_hz=0.200
[2026-08-29 16:40:07.680] [info] [INFO] [1787992807.680453064] [mqtt_gateway_node]: MQTT client connecting to 127.0.0.1:1883 as linkswarm_mqtt_gateway
[2026-08-29 16:40:07.680] [info] [INFO] [1787992807.680572064] [mqtt_gateway_node]: MQTT connected
[2026-08-29 16:40:07.680] [info] [INFO] [1787992807.680619898] [mqtt_gateway_node]: MQTT subscribe requested topic=aimrt_rpc_req/linkswarm_manager/%2Flinkswarm.protocol.LinkSwarmRobotService%2FTimeSync qos=2 mid=1
[2026-08-29 16:40:07.680] [info] [INFO] [1787992807.680644981] [mqtt_gateway_node]: MQTT subscribe requested topic=aimrt_rpc_req/linkswarm_manager/%2Flinkswarm.protocol.LinkSwarmRobotService%2FSetHeartbeatFrequency qos=2 mid=2
[2026-08-29 16:40:07.680] [info] [INFO] [1787992807.680666273] [mqtt_gateway_node]: MQTT subscribe requested topic=aimrt_rpc_req/linkswarm_manager/%2Flinkswarm.protocol.LinkSwarmRobotService%2FGetHeartbeat qos=2 mid=3
[2026-08-29 16:40:07.680] [info] [INFO] [1787992807.680856148] [mqtt_gateway_node]: MQTT subscribe requested topic=aimrt_rpc_req/linkswarm_manager/%2Flinkswarm.protocol.LinkSwarmRobotService%2FSetGroupControlMode qos=2 mid=4
[2026-08-29 16:40:07.680] [info] [INFO] [1787992807.680880939] [mqtt_gateway_node]: MQTT subscribe requested topic=aimrt_rpc_req/linkswarm_manager/%2Flinkswarm.protocol.LinkSwarmRobotService%2FGetRobotConfig qos=2 mid=5
[2026-08-29 16:40:07.680] [info] [INFO] [1787992807.680931981] [mqtt_gateway_node]: MQTT subscribe requested topic=aimrt_rpc_req/linkswarm_manager/%2Flinkswarm.protocol.LinkSwarmRobotService%2FHealthDiagnosis qos=2 mid=6
[2026-08-29 16:40:07.680] [info] [INFO] [1787992807.680956773] [mqtt_gateway_node]: MQTT subscribe requested topic=aimrt_rpc_req/linkswarm_manager/%2Flinkswarm.protocol.LinkSwarmRobotService%2FGetRobotInfo qos=2 mid=7
[2026-08-29 16:40:07.680] [info] [INFO] [1787992807.680973398] [mqtt_gateway_node]: MQTT subscribe requested topic=aimrt_rpc_req/linkswarm_manager/%2Flinkswarm.protocol.LinkSwarmRobotService%2FInitImu qos=2 mid=8
[2026-08-29 16:40:07.681] [info] [INFO] [1787992807.680992648] [mqtt_gateway_node]: MQTT subscribe requested topic=aimrt_rpc_req/linkswarm_manager/%2Flinkswarm.protocol.LinkSwarmTaskService%2FCreateTask qos=2 mid=9
[2026-08-29 16:40:07.681] [info] [INFO] [1787992807.681022106] [mqtt_gateway_node]: MQTT subscribe requested topic=aimrt_rpc_req/linkswarm_manager/%2Flinkswarm.protocol.LinkSwarmTaskService%2FExecuteTask qos=2 mid=10
[2026-08-29 16:40:07.681] [info] [INFO] [1787992807.681038148] [mqtt_gateway_node]: MQTT subscribe requested topic=aimrt_rpc_req/linkswarm_manager/%2Flinkswarm.protocol.LinkSwarmTaskService%2FStopTask qos=2 mid=11
[2026-08-29 16:40:07.681] [info] [INFO] [1787992807.681058856] [mqtt_gateway_node]: Heartbeat scheduler MQTT connection state=connected
[2026-08-29 16:40:07.681] [info] [INFO] [1787992807.681161231] [mqtt_gateway_node]: MQTT subscribe ack mid=1 granted_qos=2
[2026-08-29 16:40:07.681] [info] [INFO] [1787992807.681186023] [mqtt_gateway_node]: MQTT subscribe ack mid=2 granted_qos=2
[2026-08-29 16:40:07.681] [info] [INFO] [1787992807.681194481] [mqtt_gateway_node]: heartbeat_snapshot wifi_ip= tl_ip=192.168.3.10 sn= battery=100 battery_source=default battery_default=true charging=false state=0 uwb=1 pose=(0.000,0.000,0.000) pose_source=default pose_stale=true source=default
[2026-08-29 16:40:07.681] [info] [INFO] [1787992807.681226273] [mqtt_gateway_node]: MQTT subscribe ack mid=3 granted_qos=2
[2026-08-29 16:40:07.681] [info] [INFO] [1787992807.681386981] [mqtt_gateway_node]: Heartbeat immediate publish reason=mqtt_connected seq=1 topic=/channel/%2Faima%2Flinkswarm%2Fheartbeat/pb%3Alinkswarm.protocol.LinkSwarmHeartbeatChannel publish=queued
[2026-08-29 16:40:07.681] [info] [INFO] [1787992807.681414106] [mqtt_gateway_node]: MQTT subscribe ack mid=4 granted_qos=2
[2026-08-29 16:40:07.721] [info] [INFO] [1787992807.721709023] [mqtt_gateway_node]: MQTT subscribe ack mid=5 granted_qos=2
[2026-08-29 16:40:07.721] [info] [INFO] [1787992807.721809940] [mqtt_gateway_node]: MQTT subscribe ack mid=6 granted_qos=2
[2026-08-29 16:40:07.721] [info] [INFO] [1787992807.721832981] [mqtt_gateway_node]: MQTT subscribe ack mid=7 granted_qos=2
[2026-08-29 16:40:07.721] [info] [INFO] [1787992807.721853981] [mqtt_gateway_node]: MQTT subscribe ack mid=8 granted_qos=2
[2026-08-29 16:40:07.721] [info] [INFO] [1787992807.721875273] [mqtt_gateway_node]: MQTT subscribe ack mid=9 granted_qos=2
[2026-08-29 16:40:07.721] [info] [INFO] [1787992807.721895690] [mqtt_gateway_node]: MQTT subscribe ack mid=10 granted_qos=2
[2026-08-29 16:40:07.721] [info] [INFO] [1787992807.721918440] [mqtt_gateway_node]: MQTT subscribe ack mid=11 granted_qos=2
[2026-08-29 16:40:12.685] [info] [INFO] [1787992812.685849734] [mqtt_gateway_node]: heartbeat_snapshot wifi_ip= tl_ip=192.168.3.10 sn= battery=49 battery_source=sdk battery_default=false charging=false state=1 uwb=1 pose=(0.000,0.000,0.000) pose_source=default pose_stale=true source=default
[2026-08-29 16:40:17.686] [info] [INFO] [1787992817.686039278] [mqtt_gateway_node]: heartbeat_snapshot wifi_ip= tl_ip=192.168.3.10 sn= battery=49 battery_source=sdk battery_default=false charging=false state=1 uwb=1 pose=(0.000,0.000,0.000) pose_source=default pose_stale=true source=default
[2026-08-29 16:40:17.686] [warning] [WARN] [1787992817.686279611] [mqtt_gateway_node]: MQTT disconnected: rc=7
[2026-08-29 16:40:17.686] [info] [INFO] [1787992817.686335028] [mqtt_gateway_node]: Heartbeat scheduler MQTT connection state=disconnected
[2026-08-29 16:40:18.619] [info] [INFO] [1787992818.619543820] [rclcpp]: signal_handler(SIGINT/SIGTERM)
