[bringup] cmd:
  ros2  run  mqtt_gateway  mqtt_gateway_node  --run-log-dir  /home/firefly/workspace/zsibot/linkswarm_d1_ros2/logs/platform_sdk_bringup/20260829_164940  --ros-args  --log-level  info  -p  group_control_mode_default:=true  -p  sensor_uwb_timeout_ms:=3000.0

[0m[INFO] [1787993386.203656218] [mqtt_gateway_node]: MQTT parameters loaded host=127.0.0.1 port=1883 client_id=linkswarm_mqtt_gateway keepalive_sec=10 username_set=false[0m
[33m[WARN] [1787993386.205878135] [mqtt_gateway_node]: Heartbeat sn is empty; continuing because RobotHeartbeat.sn is optional for D1[0m
[0m[INFO] [1787993386.205938802] [mqtt_gateway_node]: Heartbeat tl_ip parameter is empty; Tianluo auto detection will use interface eth0[0m
[33m[WARN] [1787993386.205956010] [mqtt_gateway_node]: Heartbeat wifi_ip is empty after checking wlan0 and fallback parameters; platform diagnostics should flag this[0m
[0m[INFO] [1787993386.205970885] [mqtt_gateway_node]: Heartbeat defaults initialized sn= sn_source=empty wifi_ip= tl_ip= wifi_source=empty tianluo_interface=eth0 tl_ip_auto_detect=true tl_default_ip=192.168.168.168 tl_connected_requires_non_default_ip=true battery_percent=100 battery_charging=false battery_source=default uwb_status_code=1 pose_source=default[0m
[0m[INFO] [1787993386.206243885] [mqtt_gateway_node]: Robot management defaults loaded name= product=D1 model= interaction=false fall_detection=false volume=0 group_control_mode=true publish_pnc_capable=false[0m
[0m[INFO] [1787993386.206405177] [mqtt_gateway_node]: Tianluo tl_ip changed old_ip= new_ip=192.168.3.10 interface=eth0 source=interface[0m
[0m[INFO] [1787993386.206432302] [mqtt_gateway_node]: Tianluo tl_ip status interface=eth0 ip=192.168.3.10 source=interface tl_connected=true[0m
[0m[INFO] [1787993386.206482177] [mqtt_gateway_node]: Tianluo tl_ip auto detection initialized interface=eth0 default_ip=192.168.168.168 connected_requires_non_default_ip=true period_ms=1000[0m
[0m[INFO] [1787993386.206628302] [mqtt_gateway_node]: Tianshu USB presence changed connected=false path=/sys/class/net/eth1/device tl_connected_source=tianluo_ip_auto_detection[0m
[0m[INFO] [1787993386.206655135] [mqtt_gateway_node]: Tianshu USB presence detection initialized interface=eth1 override_path= period_ms=1000[0m
[0m[INFO] [1787993386.207017968] [mqtt_gateway_node]: Task audit logger started dir=/home/firefly/workspace/zsibot/linkswarm_d1_ros2/logs/platform_sdk_bringup/20260829_164940/task_audit[0m
[0m[INFO] [1787993386.210041677] [mqtt_gateway_node]: Heartbeat sensor pose source robot_state_topic=/linkswarm_d1/robot_state enabled=true sensor_uwb_timeout_ms=3000 task_status_topic=/motion_manager/task_status[0m
[0m[INFO] [1787993386.215749010] [mqtt_gateway_node]: Heartbeat scheduler started frequency_hz=0.200[0m
[0m[INFO] [1787993386.216022302] [mqtt_gateway_node]: MQTT client connecting to 127.0.0.1:1883 as linkswarm_mqtt_gateway[0m
[0m[INFO] [1787993386.216399135] [mqtt_gateway_node]: MQTT connected[0m
[0m[INFO] [1787993386.216542052] [mqtt_gateway_node]: MQTT subscribe requested topic=aimrt_rpc_req/linkswarm_manager/%2Flinkswarm.protocol.LinkSwarmRobotService%2FTimeSync qos=2 mid=1[0m
[0m[INFO] [1787993386.216634218] [mqtt_gateway_node]: MQTT subscribe requested topic=aimrt_rpc_req/linkswarm_manager/%2Flinkswarm.protocol.LinkSwarmRobotService%2FSetHeartbeatFrequency qos=2 mid=2[0m
[0m[INFO] [1787993386.216742135] [mqtt_gateway_node]: MQTT subscribe requested topic=aimrt_rpc_req/linkswarm_manager/%2Flinkswarm.protocol.LinkSwarmRobotService%2FGetHeartbeat qos=2 mid=3[0m
[0m[INFO] [1787993386.216903718] [mqtt_gateway_node]: MQTT subscribe requested topic=aimrt_rpc_req/linkswarm_manager/%2Flinkswarm.protocol.LinkSwarmRobotService%2FSetGroupControlMode qos=2 mid=4[0m
[0m[INFO] [1787993386.216962343] [mqtt_gateway_node]: MQTT subscribe requested topic=aimrt_rpc_req/linkswarm_manager/%2Flinkswarm.protocol.LinkSwarmRobotService%2FGetRobotConfig qos=2 mid=5[0m
[0m[INFO] [1787993386.217193927] [mqtt_gateway_node]: MQTT subscribe requested topic=aimrt_rpc_req/linkswarm_manager/%2Flinkswarm.protocol.LinkSwarmRobotService%2FHealthDiagnosis qos=2 mid=6[0m
[0m[INFO] [1787993386.217327510] [mqtt_gateway_node]: MQTT subscribe requested topic=aimrt_rpc_req/linkswarm_manager/%2Flinkswarm.protocol.LinkSwarmRobotService%2FGetRobotInfo qos=2 mid=7[0m
[0m[INFO] [1787993386.217422302] [mqtt_gateway_node]: MQTT subscribe requested topic=aimrt_rpc_req/linkswarm_manager/%2Flinkswarm.protocol.LinkSwarmRobotService%2FInitImu qos=2 mid=8[0m
[0m[INFO] [1787993386.217498135] [mqtt_gateway_node]: MQTT subscribe requested topic=aimrt_rpc_req/linkswarm_manager/%2Flinkswarm.protocol.LinkSwarmTaskService%2FCreateTask qos=2 mid=9[0m
[0m[INFO] [1787993386.217579802] [mqtt_gateway_node]: MQTT subscribe requested topic=aimrt_rpc_req/linkswarm_manager/%2Flinkswarm.protocol.LinkSwarmTaskService%2FExecuteTask qos=2 mid=10[0m
[0m[INFO] [1787993386.217637552] [mqtt_gateway_node]: MQTT subscribe requested topic=aimrt_rpc_req/linkswarm_manager/%2Flinkswarm.protocol.LinkSwarmTaskService%2FStopTask qos=2 mid=11[0m
[0m[INFO] [1787993386.217697052] [mqtt_gateway_node]: Heartbeat scheduler MQTT connection state=connected[0m
[0m[INFO] [1787993386.217766468] [mqtt_gateway_node]: heartbeat_snapshot wifi_ip= tl_ip=192.168.3.10 sn= battery=100 battery_source=default battery_default=true charging=false state=0 uwb=1 pose=(0.000,0.000,0.000) pose_source=default pose_stale=true source=default[0m
[0m[INFO] [1787993386.217818968] [mqtt_gateway_node]: Heartbeat immediate publish reason=mqtt_connected seq=1 topic=/channel/%2Faima%2Flinkswarm%2Fheartbeat/pb%3Alinkswarm.protocol.LinkSwarmHeartbeatChannel publish=queued[0m
[0m[INFO] [1787993386.217929510] [mqtt_gateway_node]: MQTT subscribe ack mid=1 granted_qos=2[0m
[0m[INFO] [1787993386.218035677] [mqtt_gateway_node]: MQTT subscribe ack mid=2 granted_qos=2[0m
[0m[INFO] [1787993386.259175552] [mqtt_gateway_node]: MQTT subscribe ack mid=3 granted_qos=2[0m
[0m[INFO] [1787993386.259411218] [mqtt_gateway_node]: MQTT subscribe ack mid=4 granted_qos=2[0m
[0m[INFO] [1787993386.259517385] [mqtt_gateway_node]: MQTT subscribe ack mid=5 granted_qos=2[0m
[0m[INFO] [1787993386.259582427] [mqtt_gateway_node]: MQTT subscribe ack mid=6 granted_qos=2[0m
[0m[INFO] [1787993386.259647468] [mqtt_gateway_node]: MQTT subscribe ack mid=7 granted_qos=2[0m
[0m[INFO] [1787993386.259710760] [mqtt_gateway_node]: MQTT subscribe ack mid=8 granted_qos=2[0m
[0m[INFO] [1787993386.259773177] [mqtt_gateway_node]: MQTT subscribe ack mid=9 granted_qos=2[0m
[0m[INFO] [1787993386.259835885] [mqtt_gateway_node]: MQTT subscribe ack mid=10 granted_qos=2[0m
[0m[INFO] [1787993386.259900343] [mqtt_gateway_node]: MQTT subscribe ack mid=11 granted_qos=2[0m
[0m[INFO] [1787993389.224916886] [mqtt_gateway_node]: Received MQTT RPC method=TimeSync topic=aimrt_rpc_req/linkswarm_manager/%2Flinkswarm.protocol.LinkSwarmRobotService%2FTimeSync msg_id=288 res_topic=aimrt_rpc_rsp/linkswarm_manager/%2Flinkswarm.protocol.LinkSwarmRobotService%2FTimeSync payload_bytes=243 inner_bytes=149[0m
[0m[INFO] [1787993389.225147303] [mqtt_gateway_node]: TimeSync handled msg_id=288 trace_id=c48280e9-e30f-4d90-ade5-a2403f6c7bb7 receive_time_ms=1787993389224 server_time_ms=1787993389225 response_topic=aimrt_rpc_rsp/linkswarm_manager/%2Flinkswarm.protocol.LinkSwarmRobotService%2FTimeSync publish=queued[0m
[0m[INFO] [1787993389.266651761] [mqtt_gateway_node]: Received MQTT RPC method=TimeSync topic=aimrt_rpc_req/linkswarm_manager/%2Flinkswarm.protocol.LinkSwarmRobotService%2FTimeSync msg_id=289 res_topic=aimrt_rpc_rsp/linkswarm_manager/%2Flinkswarm.protocol.LinkSwarmRobotService%2FTimeSync payload_bytes=243 inner_bytes=149[0m
[0m[INFO] [1787993389.266941970] [mqtt_gateway_node]: TimeSync handled msg_id=289 trace_id=3f0877dd-2999-4440-8840-c8516f962e43 receive_time_ms=1787993389266 server_time_ms=1787993389266 response_topic=aimrt_rpc_rsp/linkswarm_manager/%2Flinkswarm.protocol.LinkSwarmRobotService%2FTimeSync publish=queued[0m
[0m[INFO] [1787993389.309114053] [mqtt_gateway_node]: Received MQTT RPC method=TimeSync topic=aimrt_rpc_req/linkswarm_manager/%2Flinkswarm.protocol.LinkSwarmRobotService%2FTimeSync msg_id=290 res_topic=aimrt_rpc_rsp/linkswarm_manager/%2Flinkswarm.protocol.LinkSwarmRobotService%2FTimeSync payload_bytes=243 inner_bytes=149[0m
[0m[INFO] [1787993389.309515386] [mqtt_gateway_node]: TimeSync handled msg_id=290 trace_id=80cf0e90-20e5-487e-aa1e-b35aed04babf receive_time_ms=1787993389309 server_time_ms=1787993389309 response_topic=aimrt_rpc_rsp/linkswarm_manager/%2Flinkswarm.protocol.LinkSwarmRobotService%2FTimeSync publish=queued[0m
[0m[INFO] [1787993389.350652345] [mqtt_gateway_node]: Received MQTT RPC method=TimeSync topic=aimrt_rpc_req/linkswarm_manager/%2Flinkswarm.protocol.LinkSwarmRobotService%2FTimeSync msg_id=291 res_topic=aimrt_rpc_rsp/linkswarm_manager/%2Flinkswarm.protocol.LinkSwarmRobotService%2FTimeSync payload_bytes=243 inner_bytes=149[0m
[0m[INFO] [1787993389.350866428] [mqtt_gateway_node]: TimeSync handled msg_id=291 trace_id=107c712e-5b0a-483a-90f7-e558f9ea1bf9 receive_time_ms=1787993389350 server_time_ms=1787993389350 response_topic=aimrt_rpc_rsp/linkswarm_manager/%2Flinkswarm.protocol.LinkSwarmRobotService%2FTimeSync publish=queued[0m
[0m[INFO] [1787993389.392796720] [mqtt_gateway_node]: Received MQTT RPC method=TimeSync topic=aimrt_rpc_req/linkswarm_manager/%2Flinkswarm.protocol.LinkSwarmRobotService%2FTimeSync msg_id=292 res_topic=aimrt_rpc_rsp/linkswarm_manager/%2Flinkswarm.protocol.LinkSwarmRobotService%2FTimeSync payload_bytes=243 inner_bytes=149[0m
[0m[INFO] [1787993389.393076136] [mqtt_gateway_node]: TimeSync handled msg_id=292 trace_id=9b7fa372-c7e6-4230-b048-ac6888327805 receive_time_ms=1787993389392 server_time_ms=1787993389393 response_topic=aimrt_rpc_rsp/linkswarm_manager/%2Flinkswarm.protocol.LinkSwarmRobotService%2FTimeSync publish=queued[0m
[0m[INFO] [1787993389.434383720] [mqtt_gateway_node]: Received MQTT RPC method=TimeSync topic=aimrt_rpc_req/linkswarm_manager/%2Flinkswarm.protocol.LinkSwarmRobotService%2FTimeSync msg_id=293 res_topic=aimrt_rpc_rsp/linkswarm_manager/%2Flinkswarm.protocol.LinkSwarmRobotService%2FTimeSync payload_bytes=243 inner_bytes=149[0m
[0m[INFO] [1787993389.434510595] [mqtt_gateway_node]: TimeSync handled msg_id=293 trace_id=a796839c-ad8e-4269-a7bb-8f382cd37738 receive_time_ms=1787993389434 server_time_ms=1787993389434 response_topic=aimrt_rpc_rsp/linkswarm_manager/%2Flinkswarm.protocol.LinkSwarmRobotService%2FTimeSync publish=queued[0m
[0m[INFO] [1787993389.475350053] [mqtt_gateway_node]: Received MQTT RPC method=TimeSync topic=aimrt_rpc_req/linkswarm_manager/%2Flinkswarm.protocol.LinkSwarmRobotService%2FTimeSync msg_id=294 res_topic=aimrt_rpc_rsp/linkswarm_manager/%2Flinkswarm.protocol.LinkSwarmRobotService%2FTimeSync payload_bytes=243 inner_bytes=149[0m
[0m[INFO] [1787993389.475461470] [mqtt_gateway_node]: TimeSync handled msg_id=294 trace_id=57611f5e-52de-481a-be76-a1fc884c2f7e receive_time_ms=1787993389475 server_time_ms=1787993389475 response_topic=aimrt_rpc_rsp/linkswarm_manager/%2Flinkswarm.protocol.LinkSwarmRobotService%2FTimeSync publish=queued[0m
[0m[INFO] [1787993389.516377053] [mqtt_gateway_node]: Received MQTT RPC method=TimeSync topic=aimrt_rpc_req/linkswarm_manager/%2Flinkswarm.protocol.LinkSwarmRobotService%2FTimeSync msg_id=295 res_topic=aimrt_rpc_rsp/linkswarm_manager/%2Flinkswarm.protocol.LinkSwarmRobotService%2FTimeSync payload_bytes=243 inner_bytes=149[0m
[0m[INFO] [1787993389.516477095] [mqtt_gateway_node]: TimeSync handled msg_id=295 trace_id=8e935b69-3c17-4370-bef3-643d08b7ade5 receive_time_ms=1787993389516 server_time_ms=1787993389516 response_topic=aimrt_rpc_rsp/linkswarm_manager/%2Flinkswarm.protocol.LinkSwarmRobotService%2FTimeSync publish=queued[0m
[0m[INFO] [1787993389.579023553] [mqtt_gateway_node]: Received MQTT RPC method=TimeSync topic=aimrt_rpc_req/linkswarm_manager/%2Flinkswarm.protocol.LinkSwarmRobotService%2FTimeSync msg_id=296 res_topic=aimrt_rpc_rsp/linkswarm_manager/%2Flinkswarm.protocol.LinkSwarmRobotService%2FTimeSync payload_bytes=243 inner_bytes=149[0m
[0m[INFO] [1787993389.579216636] [mqtt_gateway_node]: TimeSync handled msg_id=296 trace_id=77dc5bc3-11be-4a22-b199-c8721ae5d015 receive_time_ms=1787993389578 server_time_ms=1787993389579 response_topic=aimrt_rpc_rsp/linkswarm_manager/%2Flinkswarm.protocol.LinkSwarmRobotService%2FTimeSync publish=queued[0m
[0m[INFO] [1787993389.620415720] [mqtt_gateway_node]: Received MQTT RPC method=TimeSync topic=aimrt_rpc_req/linkswarm_manager/%2Flinkswarm.protocol.LinkSwarmRobotService%2FTimeSync msg_id=297 res_topic=aimrt_rpc_rsp/linkswarm_manager/%2Flinkswarm.protocol.LinkSwarmRobotService%2FTimeSync payload_bytes=243 inner_bytes=149[0m
[0m[INFO] [1787993389.620629220] [mqtt_gateway_node]: TimeSync handled msg_id=297 trace_id=f59f87dd-a11f-4292-b0f0-486be7303fae receive_time_ms=1787993389620 server_time_ms=1787993389620 response_topic=aimrt_rpc_rsp/linkswarm_manager/%2Flinkswarm.protocol.LinkSwarmRobotService%2FTimeSync publish=queued[0m
[33m[WARN] [1787993390.222350678] [mqtt_gateway_node]: MQTT disconnected: rc=7[0m
[0m[INFO] [1787993390.222543762] [mqtt_gateway_node]: Heartbeat scheduler MQTT connection state=disconnected[0m
[0m[INFO] [1787993391.181461804] [rclcpp]: signal_handler(SIGINT/SIGTERM)[0m
[0m[INFO] [1787993391.181866054] [mqtt_gateway_node]: Heartbeat scheduler stopped[0m
[0m[INFO] [1787993391.191306137] [mqtt_gateway_node]: MQTT client stopped[0m
