[2026-08-29 16:41:37.410] [info] [INFO] [1787992897.410189941] [mqtt_gateway_node]: MQTT parameters loaded host=127.0.0.1 port=1883 client_id=linkswarm_mqtt_gateway keepalive_sec=10 username_set=false
[2026-08-29 16:41:37.412] [warning] [WARN] [1787992897.412502566] [mqtt_gateway_node]: Heartbeat sn is empty; continuing because RobotHeartbeat.sn is optional for D1
[2026-08-29 16:41:37.412] [info] [INFO] [1787992897.412609607] [mqtt_gateway_node]: Heartbeat tl_ip parameter is empty; Tianluo auto detection will use interface eth0
[2026-08-29 16:41:37.412] [warning] [WARN] [1787992897.412659482] [mqtt_gateway_node]: Heartbeat wifi_ip is empty after checking wlan0 and fallback parameters; platform diagnostics should flag this
[2026-08-29 16:41:37.412] [info] [INFO] [1787992897.412705566] [mqtt_gateway_node]: Heartbeat defaults initialized sn= sn_source=empty wifi_ip= tl_ip= wifi_source=empty tianluo_interface=eth0 tl_ip_auto_detect=true tl_default_ip=192.168.168.168 tl_connected_requires_non_default_ip=true battery_percent=100 battery_charging=false battery_source=default uwb_status_code=1 pose_source=default
[2026-08-29 16:41:37.413] [info] [INFO] [1787992897.413903732] [mqtt_gateway_node]: Robot management defaults loaded name= product=D1 model= interaction=false fall_detection=false volume=0 group_control_mode=true publish_pnc_capable=false
[2026-08-29 16:41:37.414] [info] [INFO] [1787992897.414288149] [mqtt_gateway_node]: Tianluo tl_ip changed old_ip= new_ip=192.168.3.10 interface=eth0 source=interface
[2026-08-29 16:41:37.414] [info] [INFO] [1787992897.414362232] [mqtt_gateway_node]: Tianluo tl_ip status interface=eth0 ip=192.168.3.10 source=interface tl_connected=true
[2026-08-29 16:41:37.414] [info] [INFO] [1787992897.414484732] [mqtt_gateway_node]: Tianluo tl_ip auto detection initialized interface=eth0 default_ip=192.168.168.168 connected_requires_non_default_ip=true period_ms=1000
[2026-08-29 16:41:37.414] [info] [INFO] [1787992897.414882857] [mqtt_gateway_node]: Tianshu USB presence changed connected=false path=/sys/class/net/eth1/device tl_connected_source=tianluo_ip_auto_detection
[2026-08-29 16:41:37.415] [info] [INFO] [1787992897.414967441] [mqtt_gateway_node]: Tianshu USB presence detection initialized interface=eth1 override_path= period_ms=1000
[2026-08-29 16:41:37.416] [info] [INFO] [1787992897.416198857] [mqtt_gateway_node]: Task audit logger started dir=/home/firefly/workspace/zsibot/linkswarm_d1_ros2/logs/platform_sdk_bringup/20260829_164131/task_audit
[2026-08-29 16:41:37.420] [info] [INFO] [1787992897.420755566] [mqtt_gateway_node]: Heartbeat sensor pose source robot_state_topic=/linkswarm_d1/robot_state enabled=true sensor_uwb_timeout_ms=3000 task_status_topic=/motion_manager/task_status
[2026-08-29 16:41:37.429] [info] [INFO] [1787992897.429309274] [mqtt_gateway_node]: Heartbeat scheduler started frequency_hz=0.200
[2026-08-29 16:41:37.429] [info] [INFO] [1787992897.429821441] [mqtt_gateway_node]: MQTT connected
[2026-08-29 16:41:37.429] [info] [INFO] [1787992897.429876274] [mqtt_gateway_node]: MQTT subscribe requested topic=aimrt_rpc_req/linkswarm_manager/%2Flinkswarm.protocol.LinkSwarmRobotService%2FTimeSync qos=2 mid=1
[2026-08-29 16:41:37.429] [info] [INFO] [1787992897.429897566] [mqtt_gateway_node]: MQTT subscribe requested topic=aimrt_rpc_req/linkswarm_manager/%2Flinkswarm.protocol.LinkSwarmRobotService%2FSetHeartbeatFrequency qos=2 mid=2
[2026-08-29 16:41:37.429] [info] [INFO] [1787992897.429923524] [mqtt_gateway_node]: MQTT subscribe requested topic=aimrt_rpc_req/linkswarm_manager/%2Flinkswarm.protocol.LinkSwarmRobotService%2FGetHeartbeat qos=2 mid=3
[2026-08-29 16:41:37.429] [info] [INFO] [1787992897.429939566] [mqtt_gateway_node]: MQTT subscribe requested topic=aimrt_rpc_req/linkswarm_manager/%2Flinkswarm.protocol.LinkSwarmRobotService%2FSetGroupControlMode qos=2 mid=4
[2026-08-29 16:41:37.429] [info] [INFO] [1787992897.429954732] [mqtt_gateway_node]: MQTT subscribe requested topic=aimrt_rpc_req/linkswarm_manager/%2Flinkswarm.protocol.LinkSwarmRobotService%2FGetRobotConfig qos=2 mid=5
[2026-08-29 16:41:37.429] [info] [INFO] [1787992897.429969899] [mqtt_gateway_node]: MQTT subscribe requested topic=aimrt_rpc_req/linkswarm_manager/%2Flinkswarm.protocol.LinkSwarmRobotService%2FHealthDiagnosis qos=2 mid=6
[2026-08-29 16:41:37.430] [info] [INFO] [1787992897.430016274] [mqtt_gateway_node]: MQTT subscribe requested topic=aimrt_rpc_req/linkswarm_manager/%2Flinkswarm.protocol.LinkSwarmRobotService%2FGetRobotInfo qos=2 mid=7
[2026-08-29 16:41:37.430] [info] [INFO] [1787992897.430040482] [mqtt_gateway_node]: MQTT subscribe requested topic=aimrt_rpc_req/linkswarm_manager/%2Flinkswarm.protocol.LinkSwarmRobotService%2FInitImu qos=2 mid=8
[2026-08-29 16:41:37.430] [info] [INFO] [1787992897.430055357] [mqtt_gateway_node]: MQTT subscribe requested topic=aimrt_rpc_req/linkswarm_manager/%2Flinkswarm.protocol.LinkSwarmTaskService%2FCreateTask qos=2 mid=9
[2026-08-29 16:41:37.430] [info] [INFO] [1787992897.430070232] [mqtt_gateway_node]: MQTT subscribe requested topic=aimrt_rpc_req/linkswarm_manager/%2Flinkswarm.protocol.LinkSwarmTaskService%2FExecuteTask qos=2 mid=10
[2026-08-29 16:41:37.430] [info] [INFO] [1787992897.430084816] [mqtt_gateway_node]: MQTT subscribe requested topic=aimrt_rpc_req/linkswarm_manager/%2Flinkswarm.protocol.LinkSwarmTaskService%2FStopTask qos=2 mid=11
[2026-08-29 16:41:37.430] [info] [INFO] [1787992897.430102316] [mqtt_gateway_node]: Heartbeat scheduler MQTT connection state=connected
[2026-08-29 16:41:37.430] [info] [INFO] [1787992897.430170566] [mqtt_gateway_node]: heartbeat_snapshot wifi_ip= tl_ip=192.168.3.10 sn= battery=100 battery_source=default battery_default=true charging=false state=0 uwb=1 pose=(0.000,0.000,0.000) pose_source=default pose_stale=true source=default
[2026-08-29 16:41:37.430] [info] [INFO] [1787992897.430222774] [mqtt_gateway_node]: Heartbeat immediate publish reason=mqtt_connected seq=1 topic=/channel/%2Faima%2Flinkswarm%2Fheartbeat/pb%3Alinkswarm.protocol.LinkSwarmHeartbeatChannel publish=queued
[2026-08-29 16:41:37.430] [info] [INFO] [1787992897.430185149] [mqtt_gateway_node]: MQTT subscribe ack mid=1 granted_qos=2
[2026-08-29 16:41:37.430] [info] [INFO] [1787992897.430277316] [mqtt_gateway_node]: MQTT subscribe ack mid=2 granted_qos=2
[2026-08-29 16:41:37.431] [info] [INFO] [1787992897.431474316] [mqtt_gateway_node]: MQTT client connecting to 127.0.0.1:1883 as linkswarm_mqtt_gateway
[2026-08-29 16:41:37.470] [info] [INFO] [1787992897.470639316] [mqtt_gateway_node]: MQTT subscribe ack mid=3 granted_qos=2
[2026-08-29 16:41:37.470] [info] [INFO] [1787992897.470716607] [mqtt_gateway_node]: MQTT subscribe ack mid=4 granted_qos=2
[2026-08-29 16:41:37.470] [info] [INFO] [1787992897.470737607] [mqtt_gateway_node]: MQTT subscribe ack mid=5 granted_qos=2
[2026-08-29 16:41:37.470] [info] [INFO] [1787992897.470754232] [mqtt_gateway_node]: MQTT subscribe ack mid=6 granted_qos=2
[2026-08-29 16:41:37.470] [info] [INFO] [1787992897.470772607] [mqtt_gateway_node]: MQTT subscribe ack mid=7 granted_qos=2
[2026-08-29 16:41:37.470] [info] [INFO] [1787992897.470791274] [mqtt_gateway_node]: MQTT subscribe ack mid=8 granted_qos=2
[2026-08-29 16:41:37.470] [info] [INFO] [1787992897.470809649] [mqtt_gateway_node]: MQTT subscribe ack mid=9 granted_qos=2
[2026-08-29 16:41:37.470] [info] [INFO] [1787992897.470827441] [mqtt_gateway_node]: MQTT subscribe ack mid=10 granted_qos=2
[2026-08-29 16:41:37.470] [info] [INFO] [1787992897.470846399] [mqtt_gateway_node]: MQTT subscribe ack mid=11 granted_qos=2
[2026-08-29 16:41:42.308] [info] [INFO] [1787992902.308889110] [mqtt_gateway_node]: Received MQTT RPC method=TimeSync topic=aimrt_rpc_req/linkswarm_manager/%2Flinkswarm.protocol.LinkSwarmRobotService%2FTimeSync msg_id=275 res_topic=aimrt_rpc_rsp/linkswarm_manager/%2Flinkswarm.protocol.LinkSwarmRobotService%2FTimeSync payload_bytes=243 inner_bytes=149
[2026-08-29 16:41:42.309] [info] [INFO] [1787992902.309008110] [mqtt_gateway_node]: TimeSync handled msg_id=275 trace_id=e9dbe49b-83fa-4274-bf57-83eeff11b0cc receive_time_ms=1787992902308 server_time_ms=1787992902308 response_topic=aimrt_rpc_rsp/linkswarm_manager/%2Flinkswarm.protocol.LinkSwarmRobotService%2FTimeSync publish=queued
[2026-08-29 16:41:42.350] [info] [INFO] [1787992902.350603568] [mqtt_gateway_node]: Received MQTT RPC method=TimeSync topic=aimrt_rpc_req/linkswarm_manager/%2Flinkswarm.protocol.LinkSwarmRobotService%2FTimeSync msg_id=276 res_topic=aimrt_rpc_rsp/linkswarm_manager/%2Flinkswarm.protocol.LinkSwarmRobotService%2FTimeSync payload_bytes=243 inner_bytes=149
[2026-08-29 16:41:42.350] [info] [INFO] [1787992902.350702443] [mqtt_gateway_node]: TimeSync handled msg_id=276 trace_id=6d7ce84e-21ad-418e-8159-562c55e1d8cf receive_time_ms=1787992902350 server_time_ms=1787992902350 response_topic=aimrt_rpc_rsp/linkswarm_manager/%2Flinkswarm.protocol.LinkSwarmRobotService%2FTimeSync publish=queued
[2026-08-29 16:41:42.391] [info] [INFO] [1787992902.391604318] [mqtt_gateway_node]: Received MQTT RPC method=TimeSync topic=aimrt_rpc_req/linkswarm_manager/%2Flinkswarm.protocol.LinkSwarmRobotService%2FTimeSync msg_id=277 res_topic=aimrt_rpc_rsp/linkswarm_manager/%2Flinkswarm.protocol.LinkSwarmRobotService%2FTimeSync payload_bytes=243 inner_bytes=149
[2026-08-29 16:41:42.391] [info] [INFO] [1787992902.391732943] [mqtt_gateway_node]: TimeSync handled msg_id=277 trace_id=d8db463c-7199-471e-9831-389453a36795 receive_time_ms=1787992902391 server_time_ms=1787992902391 response_topic=aimrt_rpc_rsp/linkswarm_manager/%2Flinkswarm.protocol.LinkSwarmRobotService%2FTimeSync publish=queued
[2026-08-29 16:41:42.430] [info] [INFO] [1787992902.430342318] [mqtt_gateway_node]: heartbeat_snapshot wifi_ip= tl_ip=192.168.3.10 sn= battery=49 battery_source=sdk battery_default=false charging=false state=1 uwb=1 pose=(0.000,0.000,0.000) pose_source=default pose_stale=true source=default
[2026-08-29 16:41:42.430] [info] [INFO] [1787992902.430524318] [mqtt_gateway_node]: Received MQTT RPC method=TimeSync topic=aimrt_rpc_req/linkswarm_manager/%2Flinkswarm.protocol.LinkSwarmRobotService%2FTimeSync msg_id=278 res_topic=aimrt_rpc_rsp/linkswarm_manager/%2Flinkswarm.protocol.LinkSwarmRobotService%2FTimeSync payload_bytes=243 inner_bytes=149
[2026-08-29 16:41:42.430] [info] [INFO] [1787992902.430572735] [mqtt_gateway_node]: TimeSync handled msg_id=278 trace_id=4eb968ab-a8fa-42e8-a329-00676e60c20b receive_time_ms=1787992902430 server_time_ms=1787992902430 response_topic=aimrt_rpc_rsp/linkswarm_manager/%2Flinkswarm.protocol.LinkSwarmRobotService%2FTimeSync publish=queued
[2026-08-29 16:41:42.516] [info] [INFO] [1787992902.515984110] [mqtt_gateway_node]: Received MQTT RPC method=TimeSync topic=aimrt_rpc_req/linkswarm_manager/%2Flinkswarm.protocol.LinkSwarmRobotService%2FTimeSync msg_id=279 res_topic=aimrt_rpc_rsp/linkswarm_manager/%2Flinkswarm.protocol.LinkSwarmRobotService%2FTimeSync payload_bytes=243 inner_bytes=149
[2026-08-29 16:41:42.516] [info] [INFO] [1787992902.516082985] [mqtt_gateway_node]: TimeSync handled msg_id=279 trace_id=77e8e4dd-5e52-45e3-9a8c-a681c9c45627 receive_time_ms=1787992902515 server_time_ms=1787992902516 response_topic=aimrt_rpc_rsp/linkswarm_manager/%2Flinkswarm.protocol.LinkSwarmRobotService%2FTimeSync publish=queued
[2026-08-29 16:41:42.557] [info] [INFO] [1787992902.557619235] [mqtt_gateway_node]: Received MQTT RPC method=TimeSync topic=aimrt_rpc_req/linkswarm_manager/%2Flinkswarm.protocol.LinkSwarmRobotService%2FTimeSync msg_id=280 res_topic=aimrt_rpc_rsp/linkswarm_manager/%2Flinkswarm.protocol.LinkSwarmRobotService%2FTimeSync payload_bytes=242 inner_bytes=148
[2026-08-29 16:41:42.557] [info] [INFO] [1787992902.557743776] [mqtt_gateway_node]: TimeSync handled msg_id=280 trace_id=7ad0ccbe-4814-4d47-865a-5088fad8887a receive_time_ms=1787992902557 server_time_ms=1787992902557 response_topic=aimrt_rpc_rsp/linkswarm_manager/%2Flinkswarm.protocol.LinkSwarmRobotService%2FTimeSync publish=queued
[2026-08-29 16:41:42.598] [info] [INFO] [1787992902.598596068] [mqtt_gateway_node]: Received MQTT RPC method=TimeSync topic=aimrt_rpc_req/linkswarm_manager/%2Flinkswarm.protocol.LinkSwarmRobotService%2FTimeSync msg_id=281 res_topic=aimrt_rpc_rsp/linkswarm_manager/%2Flinkswarm.protocol.LinkSwarmRobotService%2FTimeSync payload_bytes=242 inner_bytes=148
[2026-08-29 16:41:42.598] [info] [INFO] [1787992902.598716526] [mqtt_gateway_node]: TimeSync handled msg_id=281 trace_id=a0f60b11-7fcf-4296-a1c9-b7680816e5e9 receive_time_ms=1787992902598 server_time_ms=1787992902598 response_topic=aimrt_rpc_rsp/linkswarm_manager/%2Flinkswarm.protocol.LinkSwarmRobotService%2FTimeSync publish=queued
[2026-08-29 16:41:42.639] [info] [INFO] [1787992902.639641151] [mqtt_gateway_node]: Received MQTT RPC method=TimeSync topic=aimrt_rpc_req/linkswarm_manager/%2Flinkswarm.protocol.LinkSwarmRobotService%2FTimeSync msg_id=282 res_topic=aimrt_rpc_rsp/linkswarm_manager/%2Flinkswarm.protocol.LinkSwarmRobotService%2FTimeSync payload_bytes=242 inner_bytes=148
[2026-08-29 16:41:42.639] [info] [INFO] [1787992902.639788443] [mqtt_gateway_node]: TimeSync handled msg_id=282 trace_id=3e571fa7-2c6a-41c5-8a57-cead828e6b45 receive_time_ms=1787992902639 server_time_ms=1787992902639 response_topic=aimrt_rpc_rsp/linkswarm_manager/%2Flinkswarm.protocol.LinkSwarmRobotService%2FTimeSync publish=queued
[2026-08-29 16:41:42.680] [info] [INFO] [1787992902.680604276] [mqtt_gateway_node]: Received MQTT RPC method=TimeSync topic=aimrt_rpc_req/linkswarm_manager/%2Flinkswarm.protocol.LinkSwarmRobotService%2FTimeSync msg_id=283 res_topic=aimrt_rpc_rsp/linkswarm_manager/%2Flinkswarm.protocol.LinkSwarmRobotService%2FTimeSync payload_bytes=242 inner_bytes=148
[2026-08-29 16:41:42.680] [info] [INFO] [1787992902.680716568] [mqtt_gateway_node]: TimeSync handled msg_id=283 trace_id=ecdc15f9-8b89-414f-8466-8844cda7c312 receive_time_ms=1787992902680 server_time_ms=1787992902680 response_topic=aimrt_rpc_rsp/linkswarm_manager/%2Flinkswarm.protocol.LinkSwarmRobotService%2FTimeSync publish=queued
[2026-08-29 16:41:42.721] [info] [INFO] [1787992902.721602985] [mqtt_gateway_node]: Received MQTT RPC method=TimeSync topic=aimrt_rpc_req/linkswarm_manager/%2Flinkswarm.protocol.LinkSwarmRobotService%2FTimeSync msg_id=284 res_topic=aimrt_rpc_rsp/linkswarm_manager/%2Flinkswarm.protocol.LinkSwarmRobotService%2FTimeSync payload_bytes=242 inner_bytes=148
[2026-08-29 16:41:42.721] [info] [INFO] [1787992902.721721693] [mqtt_gateway_node]: TimeSync handled msg_id=284 trace_id=9ab0491e-d505-458e-b991-c567768cb45a receive_time_ms=1787992902721 server_time_ms=1787992902721 response_topic=aimrt_rpc_rsp/linkswarm_manager/%2Flinkswarm.protocol.LinkSwarmRobotService%2FTimeSync publish=queued
[2026-08-29 16:41:47.116] [warning] [WARN] [1787992907.116448570] [mqtt_gateway_node]: MQTT disconnected: rc=7
[2026-08-29 16:41:47.116] [info] [INFO] [1787992907.116548612] [mqtt_gateway_node]: Heartbeat scheduler MQTT connection state=disconnected
[2026-08-29 16:41:48.061] [info] [INFO] [1787992908.061472779] [rclcpp]: signal_handler(SIGINT/SIGTERM)
