[2026-08-29 16:42:07.071] [info] [INFO] [1787992927.071636455] [mqtt_gateway_node]: MQTT parameters loaded host=127.0.0.1 port=1883 client_id=linkswarm_mqtt_gateway keepalive_sec=10 username_set=false
[2026-08-29 16:42:07.072] [warning] [WARN] [1787992927.072123830] [mqtt_gateway_node]: Heartbeat sn is empty; continuing because RobotHeartbeat.sn is optional for D1
[2026-08-29 16:42:07.072] [info] [INFO] [1787992927.072156205] [mqtt_gateway_node]: Heartbeat tl_ip parameter is empty; Tianluo auto detection will use interface eth0
[2026-08-29 16:42:07.072] [warning] [WARN] [1787992927.072171663] [mqtt_gateway_node]: Heartbeat wifi_ip is empty after checking wlan0 and fallback parameters; platform diagnostics should flag this
[2026-08-29 16:42:07.072] [info] [INFO] [1787992927.072187705] [mqtt_gateway_node]: Heartbeat defaults initialized sn= sn_source=empty wifi_ip= tl_ip= wifi_source=empty tianluo_interface=eth0 tl_ip_auto_detect=true tl_default_ip=192.168.168.168 tl_connected_requires_non_default_ip=true battery_percent=100 battery_charging=false battery_source=default uwb_status_code=1 pose_source=default
[2026-08-29 16:42:07.072] [info] [INFO] [1787992927.072330038] [mqtt_gateway_node]: Robot management defaults loaded name= product=D1 model= interaction=false fall_detection=false volume=0 group_control_mode=true publish_pnc_capable=false
[2026-08-29 16:42:07.072] [info] [INFO] [1787992927.072427455] [mqtt_gateway_node]: Tianluo tl_ip changed old_ip= new_ip=192.168.3.10 interface=eth0 source=interface
[2026-08-29 16:42:07.072] [info] [INFO] [1787992927.072449038] [mqtt_gateway_node]: Tianluo tl_ip status interface=eth0 ip=192.168.3.10 source=interface tl_connected=true
[2026-08-29 16:42:07.072] [info] [INFO] [1787992927.072482288] [mqtt_gateway_node]: Tianluo tl_ip auto detection initialized interface=eth0 default_ip=192.168.168.168 connected_requires_non_default_ip=true period_ms=1000
[2026-08-29 16:42:07.072] [info] [INFO] [1787992927.072573288] [mqtt_gateway_node]: Tianshu USB presence changed connected=false path=/sys/class/net/eth1/device tl_connected_source=tianluo_ip_auto_detection
[2026-08-29 16:42:07.072] [info] [INFO] [1787992927.072599830] [mqtt_gateway_node]: Tianshu USB presence detection initialized interface=eth1 override_path= period_ms=1000
[2026-08-29 16:42:07.073] [info] [INFO] [1787992927.073001746] [mqtt_gateway_node]: Task audit logger started dir=/home/firefly/workspace/zsibot/linkswarm_d1_ros2/logs/platform_sdk_bringup/20260829_164201/task_audit
[2026-08-29 16:42:07.077] [info] [INFO] [1787992927.077352830] [mqtt_gateway_node]: Heartbeat sensor pose source robot_state_topic=/linkswarm_d1/robot_state enabled=true sensor_uwb_timeout_ms=3000 task_status_topic=/motion_manager/task_status
[2026-08-29 16:42:07.079] [info] [INFO] [1787992927.079693163] [mqtt_gateway_node]: Heartbeat scheduler started frequency_hz=0.200
[2026-08-29 16:42:07.080] [info] [INFO] [1787992927.079974038] [mqtt_gateway_node]: MQTT client connecting to 127.0.0.1:1883 as linkswarm_mqtt_gateway
[2026-08-29 16:42:07.080] [info] [INFO] [1787992927.080378871] [mqtt_gateway_node]: MQTT connected
[2026-08-29 16:42:07.080] [info] [INFO] [1787992927.080481246] [mqtt_gateway_node]: MQTT subscribe requested topic=aimrt_rpc_req/linkswarm_manager/%2Flinkswarm.protocol.LinkSwarmRobotService%2FTimeSync qos=2 mid=1
[2026-08-29 16:42:07.080] [info] [INFO] [1787992927.080565246] [mqtt_gateway_node]: MQTT subscribe requested topic=aimrt_rpc_req/linkswarm_manager/%2Flinkswarm.protocol.LinkSwarmRobotService%2FSetHeartbeatFrequency qos=2 mid=2
[2026-08-29 16:42:07.080] [info] [INFO] [1787992927.080713121] [mqtt_gateway_node]: MQTT subscribe requested topic=aimrt_rpc_req/linkswarm_manager/%2Flinkswarm.protocol.LinkSwarmRobotService%2FGetHeartbeat qos=2 mid=3
[2026-08-29 16:42:07.080] [info] [INFO] [1787992927.080774663] [mqtt_gateway_node]: MQTT subscribe requested topic=aimrt_rpc_req/linkswarm_manager/%2Flinkswarm.protocol.LinkSwarmRobotService%2FSetGroupControlMode qos=2 mid=4
[2026-08-29 16:42:07.080] [info] [INFO] [1787992927.080872955] [mqtt_gateway_node]: MQTT subscribe requested topic=aimrt_rpc_req/linkswarm_manager/%2Flinkswarm.protocol.LinkSwarmRobotService%2FGetRobotConfig qos=2 mid=5
[2026-08-29 16:42:07.081] [info] [INFO] [1787992927.081012080] [mqtt_gateway_node]: MQTT subscribe requested topic=aimrt_rpc_req/linkswarm_manager/%2Flinkswarm.protocol.LinkSwarmRobotService%2FHealthDiagnosis qos=2 mid=6
[2026-08-29 16:42:07.081] [info] [INFO] [1787992927.081148288] [mqtt_gateway_node]: MQTT subscribe requested topic=aimrt_rpc_req/linkswarm_manager/%2Flinkswarm.protocol.LinkSwarmRobotService%2FGetRobotInfo qos=2 mid=7
[2026-08-29 16:42:07.081] [info] [INFO] [1787992927.081207205] [mqtt_gateway_node]: MQTT subscribe requested topic=aimrt_rpc_req/linkswarm_manager/%2Flinkswarm.protocol.LinkSwarmRobotService%2FInitImu qos=2 mid=8
[2026-08-29 16:42:07.081] [info] [INFO] [1787992927.081263788] [mqtt_gateway_node]: MQTT subscribe requested topic=aimrt_rpc_req/linkswarm_manager/%2Flinkswarm.protocol.LinkSwarmTaskService%2FCreateTask qos=2 mid=9
[2026-08-29 16:42:07.081] [info] [INFO] [1787992927.081373455] [mqtt_gateway_node]: MQTT subscribe requested topic=aimrt_rpc_req/linkswarm_manager/%2Flinkswarm.protocol.LinkSwarmTaskService%2FExecuteTask qos=2 mid=10
[2026-08-29 16:42:07.081] [info] [INFO] [1787992927.081430913] [mqtt_gateway_node]: MQTT subscribe requested topic=aimrt_rpc_req/linkswarm_manager/%2Flinkswarm.protocol.LinkSwarmTaskService%2FStopTask qos=2 mid=11
[2026-08-29 16:42:07.081] [info] [INFO] [1787992927.081490121] [mqtt_gateway_node]: Heartbeat scheduler MQTT connection state=connected
[2026-08-29 16:42:07.081] [info] [INFO] [1787992927.081570038] [mqtt_gateway_node]: heartbeat_snapshot wifi_ip= tl_ip=192.168.3.10 sn= battery=100 battery_source=default battery_default=true charging=false state=0 uwb=1 pose=(0.000,0.000,0.000) pose_source=default pose_stale=true source=default
[2026-08-29 16:42:07.081] [info] [INFO] [1787992927.081634788] [mqtt_gateway_node]: Heartbeat immediate publish reason=mqtt_connected seq=1 topic=/channel/%2Faima%2Flinkswarm%2Fheartbeat/pb%3Alinkswarm.protocol.LinkSwarmHeartbeatChannel publish=queued
[2026-08-29 16:42:07.082] [info] [INFO] [1787992927.081848871] [mqtt_gateway_node]: MQTT subscribe ack mid=1 granted_qos=2
[2026-08-29 16:42:07.082] [info] [INFO] [1787992927.082202080] [mqtt_gateway_node]: MQTT subscribe ack mid=2 granted_qos=2
[2026-08-29 16:42:07.082] [info] [INFO] [1787992927.082299205] [mqtt_gateway_node]: MQTT subscribe ack mid=3 granted_qos=2
[2026-08-29 16:42:07.122] [info] [INFO] [1787992927.122456746] [mqtt_gateway_node]: MQTT subscribe ack mid=4 granted_qos=2
[2026-08-29 16:42:07.122] [info] [INFO] [1787992927.122617746] [mqtt_gateway_node]: MQTT subscribe ack mid=5 granted_qos=2
[2026-08-29 16:42:07.122] [info] [INFO] [1787992927.122684830] [mqtt_gateway_node]: MQTT subscribe ack mid=6 granted_qos=2
[2026-08-29 16:42:07.122] [info] [INFO] [1787992927.122748705] [mqtt_gateway_node]: MQTT subscribe ack mid=7 granted_qos=2
[2026-08-29 16:42:07.122] [info] [INFO] [1787992927.122811996] [mqtt_gateway_node]: MQTT subscribe ack mid=8 granted_qos=2
[2026-08-29 16:42:07.122] [info] [INFO] [1787992927.122874413] [mqtt_gateway_node]: MQTT subscribe ack mid=9 granted_qos=2
[2026-08-29 16:42:07.122] [info] [INFO] [1787992927.122936246] [mqtt_gateway_node]: MQTT subscribe ack mid=10 granted_qos=2
[2026-08-29 16:42:07.123] [info] [INFO] [1787992927.123000121] [mqtt_gateway_node]: MQTT subscribe ack mid=11 granted_qos=2
[2026-08-29 16:42:12.081] [info] [INFO] [1787992932.081761915] [mqtt_gateway_node]: heartbeat_snapshot wifi_ip= tl_ip=192.168.3.10 sn= battery=49 battery_source=sdk battery_default=false charging=false state=1 uwb=1 pose=(0.000,0.000,0.000) pose_source=default pose_stale=true source=default
[2026-08-29 16:42:16.988] [warning] [WARN] [1787992936.988835709] [mqtt_gateway_node]: MQTT disconnected: rc=7
[2026-08-29 16:42:16.988] [info] [INFO] [1787992936.988935168] [mqtt_gateway_node]: Heartbeat scheduler MQTT connection state=disconnected
[2026-08-29 16:42:17.996] [info] [INFO] [1787992937.996442835] [rclcpp]: signal_handler(SIGINT/SIGTERM)
