[2026-08-29 17:40:25.889] [info] [INFO] [1787996425.888668426] [mqtt_gateway_node]: MQTT parameters loaded host=127.0.0.1 port=1883 client_id=linkswarm_mqtt_gateway keepalive_sec=10 username_set=false
[2026-08-29 17:40:25.892] [warning] [WARN] [1787996425.892130218] [mqtt_gateway_node]: Heartbeat sn is empty; continuing because RobotHeartbeat.sn is optional for D1
[2026-08-29 17:40:25.892] [info] [INFO] [1787996425.892195551] [mqtt_gateway_node]: Heartbeat tl_ip parameter is empty; Tianluo auto detection will use interface eth0
[2026-08-29 17:40:25.892] [warning] [WARN] [1787996425.892290926] [mqtt_gateway_node]: Heartbeat wifi_ip is empty after checking wlan0 and fallback parameters; platform diagnostics should flag this
[2026-08-29 17:40:25.892] [info] [INFO] [1787996425.892313384] [mqtt_gateway_node]: Heartbeat defaults initialized sn= sn_source=empty wifi_ip= tl_ip= wifi_source=empty tianluo_interface=eth0 tl_ip_auto_detect=true tl_default_ip=192.168.168.168 tl_connected_requires_non_default_ip=true battery_percent=100 battery_charging=false battery_source=default uwb_status_code=1 pose_source=default
[2026-08-29 17:40:25.892] [info] [INFO] [1787996425.892891759] [mqtt_gateway_node]: Robot management defaults loaded name= product=D1 model= interaction=false fall_detection=false volume=0 group_control_mode=true publish_pnc_capable=false
[2026-08-29 17:40:25.893] [info] [INFO] [1787996425.893076384] [mqtt_gateway_node]: Tianluo tl_ip changed old_ip= new_ip=192.168.3.10 interface=eth0 source=interface
[2026-08-29 17:40:25.893] [info] [INFO] [1787996425.893099718] [mqtt_gateway_node]: Tianluo tl_ip status interface=eth0 ip=192.168.3.10 source=interface tl_connected=true
[2026-08-29 17:40:25.893] [info] [INFO] [1787996425.893194801] [mqtt_gateway_node]: Tianluo tl_ip auto detection initialized interface=eth0 default_ip=192.168.168.168 connected_requires_non_default_ip=true period_ms=1000
[2026-08-29 17:40:25.893] [info] [INFO] [1787996425.893352009] [mqtt_gateway_node]: Tianshu USB presence changed connected=false path=/sys/class/net/eth1/device tl_connected_source=tianluo_ip_auto_detection
[2026-08-29 17:40:25.893] [info] [INFO] [1787996425.893380593] [mqtt_gateway_node]: Tianshu USB presence detection initialized interface=eth1 override_path= period_ms=1000
[2026-08-29 17:40:25.893] [info] [INFO] [1787996425.893788634] [mqtt_gateway_node]: Task audit logger started dir=/home/firefly/workspace/zsibot/linkswarm_d1_ros2/logs/platform_sdk_bringup/20260829_174020/task_audit
[2026-08-29 17:40:25.899] [info] [INFO] [1787996425.898944718] [mqtt_gateway_node]: Heartbeat sensor pose source robot_state_topic=/linkswarm_d1/robot_state enabled=true sensor_uwb_timeout_ms=3000 task_status_topic=/motion_manager/task_status
[2026-08-29 17:40:25.907] [info] [INFO] [1787996425.907538676] [mqtt_gateway_node]: Heartbeat scheduler started frequency_hz=0.200
[2026-08-29 17:40:25.907] [info] [INFO] [1787996425.907806134] [mqtt_gateway_node]: MQTT client connecting to 127.0.0.1:1883 as linkswarm_mqtt_gateway
[2026-08-29 17:40:25.909] [info] [INFO] [1787996425.909259218] [mqtt_gateway_node]: MQTT connected
[2026-08-29 17:40:25.910] [info] [INFO] [1787996425.910060134] [mqtt_gateway_node]: MQTT subscribe requested topic=aimrt_rpc_req/linkswarm_manager/%2Flinkswarm.protocol.LinkSwarmRobotService%2FTimeSync qos=2 mid=1
[2026-08-29 17:40:25.910] [info] [INFO] [1787996425.910192551] [mqtt_gateway_node]: MQTT subscribe requested topic=aimrt_rpc_req/linkswarm_manager/%2Flinkswarm.protocol.LinkSwarmRobotService%2FSetHeartbeatFrequency qos=2 mid=2
[2026-08-29 17:40:25.910] [info] [INFO] [1787996425.910266343] [mqtt_gateway_node]: MQTT subscribe requested topic=aimrt_rpc_req/linkswarm_manager/%2Flinkswarm.protocol.LinkSwarmRobotService%2FGetHeartbeat qos=2 mid=3
[2026-08-29 17:40:25.910] [info] [INFO] [1787996425.910730676] [mqtt_gateway_node]: MQTT subscribe requested topic=aimrt_rpc_req/linkswarm_manager/%2Flinkswarm.protocol.LinkSwarmRobotService%2FSetGroupControlMode qos=2 mid=4
[2026-08-29 17:40:25.911] [info] [INFO] [1787996425.910837426] [mqtt_gateway_node]: MQTT subscribe requested topic=aimrt_rpc_req/linkswarm_manager/%2Flinkswarm.protocol.LinkSwarmRobotService%2FGetRobotConfig qos=2 mid=5
[2026-08-29 17:40:25.911] [info] [INFO] [1787996425.911535676] [mqtt_gateway_node]: MQTT subscribe requested topic=aimrt_rpc_req/linkswarm_manager/%2Flinkswarm.protocol.LinkSwarmRobotService%2FHealthDiagnosis qos=2 mid=6
[2026-08-29 17:40:25.911] [info] [INFO] [1787996425.911636009] [mqtt_gateway_node]: MQTT subscribe requested topic=aimrt_rpc_req/linkswarm_manager/%2Flinkswarm.protocol.LinkSwarmRobotService%2FGetRobotInfo qos=2 mid=7
[2026-08-29 17:40:25.911] [info] [INFO] [1787996425.911695801] [mqtt_gateway_node]: MQTT subscribe requested topic=aimrt_rpc_req/linkswarm_manager/%2Flinkswarm.protocol.LinkSwarmRobotService%2FInitImu qos=2 mid=8
[2026-08-29 17:40:25.911] [info] [INFO] [1787996425.911752093] [mqtt_gateway_node]: MQTT subscribe requested topic=aimrt_rpc_req/linkswarm_manager/%2Flinkswarm.protocol.LinkSwarmTaskService%2FCreateTask qos=2 mid=9
[2026-08-29 17:40:25.911] [info] [INFO] [1787996425.911808093] [mqtt_gateway_node]: MQTT subscribe requested topic=aimrt_rpc_req/linkswarm_manager/%2Flinkswarm.protocol.LinkSwarmTaskService%2FExecuteTask qos=2 mid=10
[2026-08-29 17:40:25.911] [info] [INFO] [1787996425.911864093] [mqtt_gateway_node]: MQTT subscribe requested topic=aimrt_rpc_req/linkswarm_manager/%2Flinkswarm.protocol.LinkSwarmTaskService%2FStopTask qos=2 mid=11
[2026-08-29 17:40:25.911] [info] [INFO] [1787996425.911928843] [mqtt_gateway_node]: Heartbeat scheduler MQTT connection state=connected
[2026-08-29 17:40:25.912] [info] [INFO] [1787996425.911999718] [mqtt_gateway_node]: heartbeat_snapshot wifi_ip= tl_ip=192.168.3.10 sn= battery=27 battery_source=sdk battery_default=false charging=false state=1 uwb=1 pose=(0.000,0.000,0.000) pose_source=default pose_stale=true source=default
[2026-08-29 17:40:25.912] [info] [INFO] [1787996425.912049009] [mqtt_gateway_node]: Heartbeat immediate publish reason=mqtt_connected seq=1 topic=/channel/%2Faima%2Flinkswarm%2Fheartbeat/pb%3Alinkswarm.protocol.LinkSwarmHeartbeatChannel publish=queued
[2026-08-29 17:40:25.912] [info] [INFO] [1787996425.912621259] [mqtt_gateway_node]: MQTT subscribe ack mid=1 granted_qos=2
[2026-08-29 17:40:25.912] [info] [INFO] [1787996425.912752218] [mqtt_gateway_node]: MQTT subscribe ack mid=2 granted_qos=2
[2026-08-29 17:40:25.954] [info] [INFO] [1787996425.953926509] [mqtt_gateway_node]: MQTT subscribe ack mid=3 granted_qos=2
[2026-08-29 17:40:25.954] [info] [INFO] [1787996425.954098301] [mqtt_gateway_node]: MQTT subscribe ack mid=4 granted_qos=2
[2026-08-29 17:40:25.954] [info] [INFO] [1787996425.954186093] [mqtt_gateway_node]: MQTT subscribe ack mid=5 granted_qos=2
[2026-08-29 17:40:25.954] [info] [INFO] [1787996425.954254926] [mqtt_gateway_node]: MQTT subscribe ack mid=6 granted_qos=2
[2026-08-29 17:40:25.954] [info] [INFO] [1787996425.954349134] [mqtt_gateway_node]: MQTT subscribe ack mid=7 granted_qos=2
[2026-08-29 17:40:25.954] [info] [INFO] [1787996425.954416801] [mqtt_gateway_node]: MQTT subscribe ack mid=8 granted_qos=2
[2026-08-29 17:40:25.954] [info] [INFO] [1787996425.954480676] [mqtt_gateway_node]: MQTT subscribe ack mid=9 granted_qos=2
[2026-08-29 17:40:25.954] [info] [INFO] [1787996425.954576926] [mqtt_gateway_node]: MQTT subscribe ack mid=10 granted_qos=2
[2026-08-29 17:40:25.954] [info] [INFO] [1787996425.954649843] [mqtt_gateway_node]: MQTT subscribe ack mid=11 granted_qos=2
[2026-08-29 17:40:27.115] [info] [INFO] [1787996427.115013885] [mqtt_gateway_node]: Received MQTT RPC method=TimeSync topic=aimrt_rpc_req/linkswarm_manager/%2Flinkswarm.protocol.LinkSwarmRobotService%2FTimeSync msg_id=7 res_topic=aimrt_rpc_rsp/linkswarm_manager/%2Flinkswarm.protocol.LinkSwarmRobotService%2FTimeSync payload_bytes=241 inner_bytes=148
[2026-08-29 17:40:27.115] [info] [INFO] [1787996427.115244010] [mqtt_gateway_node]: TimeSync handled msg_id=7 trace_id=114e129a-c3e1-4f2d-9b75-f6afc1d056c4 receive_time_ms=1787996427114 server_time_ms=1787996427115 response_topic=aimrt_rpc_rsp/linkswarm_manager/%2Flinkswarm.protocol.LinkSwarmRobotService%2FTimeSync publish=queued
[2026-08-29 17:40:27.115] [info] [INFO] [1787996427.115405301] [mqtt_gateway_node]: Received MQTT RPC method=GetRobotConfig topic=aimrt_rpc_req/linkswarm_manager/%2Flinkswarm.protocol.LinkSwarmRobotService%2FGetRobotConfig msg_id=8 res_topic=aimrt_rpc_rsp/linkswarm_manager/%2Flinkswarm.protocol.LinkSwarmRobotService%2FGetRobotConfig payload_bytes=247 inner_bytes=148
[2026-08-29 17:40:27.115] [info] [INFO] [1787996427.115507968] [mqtt_gateway_node]: GetRobotConfig handled msg_id=8 trace_id=f516f15f-6baa-41f4-849f-0e8b054f4dae response_topic=aimrt_rpc_rsp/linkswarm_manager/%2Flinkswarm.protocol.LinkSwarmRobotService%2FGetRobotConfig publish=queued
[2026-08-29 17:40:27.157] [info] [INFO] [1787996427.156932801] [mqtt_gateway_node]: Received MQTT RPC method=TimeSync topic=aimrt_rpc_req/linkswarm_manager/%2Flinkswarm.protocol.LinkSwarmRobotService%2FTimeSync msg_id=9 res_topic=aimrt_rpc_rsp/linkswarm_manager/%2Flinkswarm.protocol.LinkSwarmRobotService%2FTimeSync payload_bytes=241 inner_bytes=148
[2026-08-29 17:40:27.157] [info] [INFO] [1787996427.157065218] [mqtt_gateway_node]: TimeSync handled msg_id=9 trace_id=89cf6e64-390d-4e1a-a14d-fd3b3fc19892 receive_time_ms=1787996427156 server_time_ms=1787996427157 response_topic=aimrt_rpc_rsp/linkswarm_manager/%2Flinkswarm.protocol.LinkSwarmRobotService%2FTimeSync publish=queued
[2026-08-29 17:40:27.215] [info] [INFO] [1787996427.215887093] [mqtt_gateway_node]: Received MQTT RPC method=TimeSync topic=aimrt_rpc_req/linkswarm_manager/%2Flinkswarm.protocol.LinkSwarmRobotService%2FTimeSync msg_id=10 res_topic=aimrt_rpc_rsp/linkswarm_manager/%2Flinkswarm.protocol.LinkSwarmRobotService%2FTimeSync payload_bytes=242 inner_bytes=149
[2026-08-29 17:40:27.216] [info] [INFO] [1787996427.215991218] [mqtt_gateway_node]: TimeSync handled msg_id=10 trace_id=9c126904-09d4-455d-8d43-4c87b714f67c receive_time_ms=1787996427215 server_time_ms=1787996427215 response_topic=aimrt_rpc_rsp/linkswarm_manager/%2Flinkswarm.protocol.LinkSwarmRobotService%2FTimeSync publish=queued
[2026-08-29 17:40:27.257] [info] [INFO] [1787996427.256955802] [mqtt_gateway_node]: Received MQTT RPC method=TimeSync topic=aimrt_rpc_req/linkswarm_manager/%2Flinkswarm.protocol.LinkSwarmRobotService%2FTimeSync msg_id=11 res_topic=aimrt_rpc_rsp/linkswarm_manager/%2Flinkswarm.protocol.LinkSwarmRobotService%2FTimeSync payload_bytes=242 inner_bytes=149
[2026-08-29 17:40:27.257] [info] [INFO] [1787996427.257480802] [mqtt_gateway_node]: TimeSync handled msg_id=11 trace_id=91e64445-fe1d-4d40-b6ec-609dfe237542 receive_time_ms=1787996427256 server_time_ms=1787996427257 response_topic=aimrt_rpc_rsp/linkswarm_manager/%2Flinkswarm.protocol.LinkSwarmRobotService%2FTimeSync publish=queued
[2026-08-29 17:40:27.299] [info] [INFO] [1787996427.298937718] [mqtt_gateway_node]: Received MQTT RPC method=TimeSync topic=aimrt_rpc_req/linkswarm_manager/%2Flinkswarm.protocol.LinkSwarmRobotService%2FTimeSync msg_id=12 res_topic=aimrt_rpc_rsp/linkswarm_manager/%2Flinkswarm.protocol.LinkSwarmRobotService%2FTimeSync payload_bytes=242 inner_bytes=149
[2026-08-29 17:40:27.299] [info] [INFO] [1787996427.299049718] [mqtt_gateway_node]: TimeSync handled msg_id=12 trace_id=3461467a-0490-47f0-adc6-c7ccecbf3066 receive_time_ms=1787996427298 server_time_ms=1787996427299 response_topic=aimrt_rpc_rsp/linkswarm_manager/%2Flinkswarm.protocol.LinkSwarmRobotService%2FTimeSync publish=queued
[2026-08-29 17:40:27.339] [info] [INFO] [1787996427.339926802] [mqtt_gateway_node]: Received MQTT RPC method=TimeSync topic=aimrt_rpc_req/linkswarm_manager/%2Flinkswarm.protocol.LinkSwarmRobotService%2FTimeSync msg_id=13 res_topic=aimrt_rpc_rsp/linkswarm_manager/%2Flinkswarm.protocol.LinkSwarmRobotService%2FTimeSync payload_bytes=242 inner_bytes=149
[2026-08-29 17:40:27.340] [info] [INFO] [1787996427.340028885] [mqtt_gateway_node]: TimeSync handled msg_id=13 trace_id=28ababf2-5d8a-47ee-b434-59a009eb63f1 receive_time_ms=1787996427339 server_time_ms=1787996427340 response_topic=aimrt_rpc_rsp/linkswarm_manager/%2Flinkswarm.protocol.LinkSwarmRobotService%2FTimeSync publish=queued
[2026-08-29 17:40:27.381] [info] [INFO] [1787996427.381006010] [mqtt_gateway_node]: Received MQTT RPC method=TimeSync topic=aimrt_rpc_req/linkswarm_manager/%2Flinkswarm.protocol.LinkSwarmRobotService%2FTimeSync msg_id=14 res_topic=aimrt_rpc_rsp/linkswarm_manager/%2Flinkswarm.protocol.LinkSwarmRobotService%2FTimeSync payload_bytes=242 inner_bytes=149
[2026-08-29 17:40:27.381] [info] [INFO] [1787996427.381209010] [mqtt_gateway_node]: TimeSync handled msg_id=14 trace_id=294cf492-9c09-4904-9ec3-20ec2e194132 receive_time_ms=1787996427380 server_time_ms=1787996427381 response_topic=aimrt_rpc_rsp/linkswarm_manager/%2Flinkswarm.protocol.LinkSwarmRobotService%2FTimeSync publish=queued
[2026-08-29 17:40:27.422] [info] [INFO] [1787996427.421925093] [mqtt_gateway_node]: Received MQTT RPC method=TimeSync topic=aimrt_rpc_req/linkswarm_manager/%2Flinkswarm.protocol.LinkSwarmRobotService%2FTimeSync msg_id=15 res_topic=aimrt_rpc_rsp/linkswarm_manager/%2Flinkswarm.protocol.LinkSwarmRobotService%2FTimeSync payload_bytes=242 inner_bytes=149
[2026-08-29 17:40:27.422] [info] [INFO] [1787996427.422041760] [mqtt_gateway_node]: TimeSync handled msg_id=15 trace_id=752dcb25-3d65-4c24-9bbd-96ce5d867b18 receive_time_ms=1787996427421 server_time_ms=1787996427422 response_topic=aimrt_rpc_rsp/linkswarm_manager/%2Flinkswarm.protocol.LinkSwarmRobotService%2FTimeSync publish=queued
[2026-08-29 17:40:27.463] [info] [INFO] [1787996427.462987093] [mqtt_gateway_node]: Received MQTT RPC method=TimeSync topic=aimrt_rpc_req/linkswarm_manager/%2Flinkswarm.protocol.LinkSwarmRobotService%2FTimeSync msg_id=16 res_topic=aimrt_rpc_rsp/linkswarm_manager/%2Flinkswarm.protocol.LinkSwarmRobotService%2FTimeSync payload_bytes=242 inner_bytes=149
[2026-08-29 17:40:27.463] [info] [INFO] [1787996427.463118927] [mqtt_gateway_node]: TimeSync handled msg_id=16 trace_id=b4cbc743-0464-44f3-878b-2e7500d0b0da receive_time_ms=1787996427462 server_time_ms=1787996427463 response_topic=aimrt_rpc_rsp/linkswarm_manager/%2Flinkswarm.protocol.LinkSwarmRobotService%2FTimeSync publish=queued
[2026-08-29 17:40:27.503] [info] [INFO] [1787996427.503925718] [mqtt_gateway_node]: Received MQTT RPC method=TimeSync topic=aimrt_rpc_req/linkswarm_manager/%2Flinkswarm.protocol.LinkSwarmRobotService%2FTimeSync msg_id=17 res_topic=aimrt_rpc_rsp/linkswarm_manager/%2Flinkswarm.protocol.LinkSwarmRobotService%2FTimeSync payload_bytes=242 inner_bytes=149
[2026-08-29 17:40:27.504] [info] [INFO] [1787996427.504030427] [mqtt_gateway_node]: TimeSync handled msg_id=17 trace_id=502b8a5a-0a73-4ee7-917c-26c517c4e4ee receive_time_ms=1787996427503 server_time_ms=1787996427504 response_topic=aimrt_rpc_rsp/linkswarm_manager/%2Flinkswarm.protocol.LinkSwarmRobotService%2FTimeSync publish=queued
[2026-08-29 17:40:30.912] [info] [INFO] [1787996430.912165053] [mqtt_gateway_node]: heartbeat_snapshot wifi_ip= tl_ip=192.168.3.10 sn= battery=27 battery_source=sdk battery_default=false charging=false state=1 uwb=1 pose=(0.000,0.000,0.000) pose_source=default pose_stale=true source=default
[2026-08-29 17:40:35.912] [info] [INFO] [1787996435.912368597] [mqtt_gateway_node]: heartbeat_snapshot wifi_ip= tl_ip=192.168.3.10 sn= battery=27 battery_source=sdk battery_default=false charging=false state=1 uwb=0 pose=(3.646,20.328,-0.001) pose_source=sensor_pose2d pose_stale=false source=sensor_pose2d
[2026-08-29 17:40:37.472] [info] [INFO] [1787996437.472851181] [mqtt_gateway_node]: Received MQTT RPC method=TimeSync topic=aimrt_rpc_req/linkswarm_manager/%2Flinkswarm.protocol.LinkSwarmRobotService%2FTimeSync msg_id=18 res_topic=aimrt_rpc_rsp/linkswarm_manager/%2Flinkswarm.protocol.LinkSwarmRobotService%2FTimeSync payload_bytes=242 inner_bytes=149
[2026-08-29 17:40:37.472] [info] [INFO] [1787996437.472972515] [mqtt_gateway_node]: TimeSync handled msg_id=18 trace_id=2e21efa0-73a3-4d81-a4de-291089f6f7d7 receive_time_ms=1787996437472 server_time_ms=1787996437472 response_topic=aimrt_rpc_rsp/linkswarm_manager/%2Flinkswarm.protocol.LinkSwarmRobotService%2FTimeSync publish=queued
[2026-08-29 17:40:37.473] [info] [INFO] [1787996437.473016848] [mqtt_gateway_node]: Received MQTT RPC method=GetRobotConfig topic=aimrt_rpc_req/linkswarm_manager/%2Flinkswarm.protocol.LinkSwarmRobotService%2FGetRobotConfig msg_id=19 res_topic=aimrt_rpc_rsp/linkswarm_manager/%2Flinkswarm.protocol.LinkSwarmRobotService%2FGetRobotConfig payload_bytes=248 inner_bytes=149
[2026-08-29 17:40:37.473] [info] [INFO] [1787996437.473088890] [mqtt_gateway_node]: GetRobotConfig handled msg_id=19 trace_id=47679f68-9318-4a82-98b7-e02d7d080d24 response_topic=aimrt_rpc_rsp/linkswarm_manager/%2Flinkswarm.protocol.LinkSwarmRobotService%2FGetRobotConfig publish=queued
[2026-08-29 17:40:37.513] [info] [INFO] [1787996437.513868848] [mqtt_gateway_node]: Received MQTT RPC method=TimeSync topic=aimrt_rpc_req/linkswarm_manager/%2Flinkswarm.protocol.LinkSwarmRobotService%2FTimeSync msg_id=20 res_topic=aimrt_rpc_rsp/linkswarm_manager/%2Flinkswarm.protocol.LinkSwarmRobotService%2FTimeSync payload_bytes=242 inner_bytes=149
[2026-08-29 17:40:37.513] [info] [INFO] [1787996437.513961890] [mqtt_gateway_node]: TimeSync handled msg_id=20 trace_id=bd2dcfe1-48f8-45d1-a761-35987a43ec1d receive_time_ms=1787996437513 server_time_ms=1787996437513 response_topic=aimrt_rpc_rsp/linkswarm_manager/%2Flinkswarm.protocol.LinkSwarmRobotService%2FTimeSync publish=queued
[2026-08-29 17:40:37.570] [info] [INFO] [1787996437.569924556] [mqtt_gateway_node]: Received MQTT RPC method=TimeSync topic=aimrt_rpc_req/linkswarm_manager/%2Flinkswarm.protocol.LinkSwarmRobotService%2FTimeSync msg_id=21 res_topic=aimrt_rpc_rsp/linkswarm_manager/%2Flinkswarm.protocol.LinkSwarmRobotService%2FTimeSync payload_bytes=242 inner_bytes=149
[2026-08-29 17:40:37.570] [info] [INFO] [1787996437.570048806] [mqtt_gateway_node]: TimeSync handled msg_id=21 trace_id=d6c71f43-5ac5-4a87-a334-617d7207988b receive_time_ms=1787996437569 server_time_ms=1787996437570 response_topic=aimrt_rpc_rsp/linkswarm_manager/%2Flinkswarm.protocol.LinkSwarmRobotService%2FTimeSync publish=queued
[2026-08-29 17:40:37.610] [info] [INFO] [1787996437.610882140] [mqtt_gateway_node]: Received MQTT RPC method=TimeSync topic=aimrt_rpc_req/linkswarm_manager/%2Flinkswarm.protocol.LinkSwarmRobotService%2FTimeSync msg_id=22 res_topic=aimrt_rpc_rsp/linkswarm_manager/%2Flinkswarm.protocol.LinkSwarmRobotService%2FTimeSync payload_bytes=242 inner_bytes=149
[2026-08-29 17:40:37.611] [info] [INFO] [1787996437.610989765] [mqtt_gateway_node]: TimeSync handled msg_id=22 trace_id=98b7a978-d7a4-4b1d-b1c2-d20291e68b44 receive_time_ms=1787996437610 server_time_ms=1787996437610 response_topic=aimrt_rpc_rsp/linkswarm_manager/%2Flinkswarm.protocol.LinkSwarmRobotService%2FTimeSync publish=queued
[2026-08-29 17:40:37.651] [info] [INFO] [1787996437.651875890] [mqtt_gateway_node]: Received MQTT RPC method=TimeSync topic=aimrt_rpc_req/linkswarm_manager/%2Flinkswarm.protocol.LinkSwarmRobotService%2FTimeSync msg_id=23 res_topic=aimrt_rpc_rsp/linkswarm_manager/%2Flinkswarm.protocol.LinkSwarmRobotService%2FTimeSync payload_bytes=242 inner_bytes=149
[2026-08-29 17:40:37.651] [info] [INFO] [1787996437.651972431] [mqtt_gateway_node]: TimeSync handled msg_id=23 trace_id=a1963c0f-791e-4289-b9d5-8a699b5a6cd2 receive_time_ms=1787996437651 server_time_ms=1787996437651 response_topic=aimrt_rpc_rsp/linkswarm_manager/%2Flinkswarm.protocol.LinkSwarmRobotService%2FTimeSync publish=queued
[2026-08-29 17:40:37.693] [info] [INFO] [1787996437.692938765] [mqtt_gateway_node]: Received MQTT RPC method=TimeSync topic=aimrt_rpc_req/linkswarm_manager/%2Flinkswarm.protocol.LinkSwarmRobotService%2FTimeSync msg_id=24 res_topic=aimrt_rpc_rsp/linkswarm_manager/%2Flinkswarm.protocol.LinkSwarmRobotService%2FTimeSync payload_bytes=242 inner_bytes=149
[2026-08-29 17:40:37.693] [info] [INFO] [1787996437.693153432] [mqtt_gateway_node]: TimeSync handled msg_id=24 trace_id=69842d8c-8031-49f0-b971-dad0903fb794 receive_time_ms=1787996437692 server_time_ms=1787996437693 response_topic=aimrt_rpc_rsp/linkswarm_manager/%2Flinkswarm.protocol.LinkSwarmRobotService%2FTimeSync publish=queued
[2026-08-29 17:40:37.734] [info] [INFO] [1787996437.734814515] [mqtt_gateway_node]: Received MQTT RPC method=TimeSync topic=aimrt_rpc_req/linkswarm_manager/%2Flinkswarm.protocol.LinkSwarmRobotService%2FTimeSync msg_id=25 res_topic=aimrt_rpc_rsp/linkswarm_manager/%2Flinkswarm.protocol.LinkSwarmRobotService%2FTimeSync payload_bytes=242 inner_bytes=149
[2026-08-29 17:40:37.734] [info] [INFO] [1787996437.734944598] [mqtt_gateway_node]: TimeSync handled msg_id=25 trace_id=11e7d829-8635-4df1-b53a-9826fe238f0e receive_time_ms=1787996437734 server_time_ms=1787996437734 response_topic=aimrt_rpc_rsp/linkswarm_manager/%2Flinkswarm.protocol.LinkSwarmRobotService%2FTimeSync publish=queued
[2026-08-29 17:40:37.775] [info] [INFO] [1787996437.775788140] [mqtt_gateway_node]: Received MQTT RPC method=TimeSync topic=aimrt_rpc_req/linkswarm_manager/%2Flinkswarm.protocol.LinkSwarmRobotService%2FTimeSync msg_id=26 res_topic=aimrt_rpc_rsp/linkswarm_manager/%2Flinkswarm.protocol.LinkSwarmRobotService%2FTimeSync payload_bytes=242 inner_bytes=149
[2026-08-29 17:40:37.775] [info] [INFO] [1787996437.775884682] [mqtt_gateway_node]: TimeSync handled msg_id=26 trace_id=4f63c9ee-4b6f-4c2d-85c0-018fbacb0b8a receive_time_ms=1787996437775 server_time_ms=1787996437775 response_topic=aimrt_rpc_rsp/linkswarm_manager/%2Flinkswarm.protocol.LinkSwarmRobotService%2FTimeSync publish=queued
[2026-08-29 17:40:37.816] [info] [INFO] [1787996437.816855390] [mqtt_gateway_node]: Received MQTT RPC method=TimeSync topic=aimrt_rpc_req/linkswarm_manager/%2Flinkswarm.protocol.LinkSwarmRobotService%2FTimeSync msg_id=27 res_topic=aimrt_rpc_rsp/linkswarm_manager/%2Flinkswarm.protocol.LinkSwarmRobotService%2FTimeSync payload_bytes=242 inner_bytes=149
[2026-08-29 17:40:37.817] [info] [INFO] [1787996437.817090473] [mqtt_gateway_node]: TimeSync handled msg_id=27 trace_id=093e6e0b-0deb-4e19-8358-f11438d1df0f receive_time_ms=1787996437816 server_time_ms=1787996437817 response_topic=aimrt_rpc_rsp/linkswarm_manager/%2Flinkswarm.protocol.LinkSwarmRobotService%2FTimeSync publish=queued
[2026-08-29 17:40:37.858] [info] [INFO] [1787996437.858743973] [mqtt_gateway_node]: Received MQTT RPC method=TimeSync topic=aimrt_rpc_req/linkswarm_manager/%2Flinkswarm.protocol.LinkSwarmRobotService%2FTimeSync msg_id=28 res_topic=aimrt_rpc_rsp/linkswarm_manager/%2Flinkswarm.protocol.LinkSwarmRobotService%2FTimeSync payload_bytes=242 inner_bytes=149
[2026-08-29 17:40:37.859] [info] [INFO] [1787996437.859000057] [mqtt_gateway_node]: TimeSync handled msg_id=28 trace_id=adb35ad8-a0bd-42df-8fa8-09b9f82d5367 receive_time_ms=1787996437858 server_time_ms=1787996437858 response_topic=aimrt_rpc_rsp/linkswarm_manager/%2Flinkswarm.protocol.LinkSwarmRobotService%2FTimeSync publish=queued
[2026-08-29 17:40:40.912] [info] [INFO] [1787996440.912548516] [mqtt_gateway_node]: heartbeat_snapshot wifi_ip= tl_ip=192.168.3.10 sn= battery=27 battery_source=sdk battery_default=false charging=false state=1 uwb=0 pose=(4.115,18.503,-0.001) pose_source=sensor_pose2d pose_stale=false source=sensor_pose2d
[2026-08-29 17:40:41.872] [info] [INFO] [1787996441.872453850] [mqtt_gateway_node]: Received MQTT RPC method=TimeSync topic=aimrt_rpc_req/linkswarm_manager/%2Flinkswarm.protocol.LinkSwarmRobotService%2FTimeSync msg_id=29 res_topic=aimrt_rpc_rsp/linkswarm_manager/%2Flinkswarm.protocol.LinkSwarmRobotService%2FTimeSync payload_bytes=242 inner_bytes=149
[2026-08-29 17:40:41.872] [info] [INFO] [1787996441.872560309] [mqtt_gateway_node]: TimeSync handled msg_id=29 trace_id=89a5323e-79d3-4300-8dd5-fb3e310e6568 receive_time_ms=1787996441872 server_time_ms=1787996441872 response_topic=aimrt_rpc_rsp/linkswarm_manager/%2Flinkswarm.protocol.LinkSwarmRobotService%2FTimeSync publish=queued
[2026-08-29 17:40:41.919] [info] [INFO] [1787996441.919655725] [mqtt_gateway_node]: Received MQTT RPC method=TimeSync topic=aimrt_rpc_req/linkswarm_manager/%2Flinkswarm.protocol.LinkSwarmRobotService%2FTimeSync msg_id=30 res_topic=aimrt_rpc_rsp/linkswarm_manager/%2Flinkswarm.protocol.LinkSwarmRobotService%2FTimeSync payload_bytes=241 inner_bytes=148
[2026-08-29 17:40:41.919] [info] [INFO] [1787996441.919817600] [mqtt_gateway_node]: TimeSync handled msg_id=30 trace_id=89a13073-c00e-41ed-8abc-66cb15a94cf2 receive_time_ms=1787996441919 server_time_ms=1787996441919 response_topic=aimrt_rpc_rsp/linkswarm_manager/%2Flinkswarm.protocol.LinkSwarmRobotService%2FTimeSync publish=queued
[2026-08-29 17:40:41.960] [info] [INFO] [1787996441.960867642] [mqtt_gateway_node]: Received MQTT RPC method=TimeSync topic=aimrt_rpc_req/linkswarm_manager/%2Flinkswarm.protocol.LinkSwarmRobotService%2FTimeSync msg_id=31 res_topic=aimrt_rpc_rsp/linkswarm_manager/%2Flinkswarm.protocol.LinkSwarmRobotService%2FTimeSync payload_bytes=241 inner_bytes=148
[2026-08-29 17:40:41.961] [info] [INFO] [1787996441.960998309] [mqtt_gateway_node]: TimeSync handled msg_id=31 trace_id=571c4088-25fa-4245-aca9-692e367d0ccf receive_time_ms=1787996441960 server_time_ms=1787996441960 response_topic=aimrt_rpc_rsp/linkswarm_manager/%2Flinkswarm.protocol.LinkSwarmRobotService%2FTimeSync publish=queued
[2026-08-29 17:40:42.001] [info] [INFO] [1787996442.001797517] [mqtt_gateway_node]: Received MQTT RPC method=TimeSync topic=aimrt_rpc_req/linkswarm_manager/%2Flinkswarm.protocol.LinkSwarmRobotService%2FTimeSync msg_id=32 res_topic=aimrt_rpc_rsp/linkswarm_manager/%2Flinkswarm.protocol.LinkSwarmRobotService%2FTimeSync payload_bytes=241 inner_bytes=148
[2026-08-29 17:40:42.001] [info] [INFO] [1787996442.001901642] [mqtt_gateway_node]: TimeSync handled msg_id=32 trace_id=2c345089-1512-467c-a592-1d0bd399dea0 receive_time_ms=1787996442001 server_time_ms=1787996442001 response_topic=aimrt_rpc_rsp/linkswarm_manager/%2Flinkswarm.protocol.LinkSwarmRobotService%2FTimeSync publish=queued
[2026-08-29 17:40:42.042] [info] [INFO] [1787996442.042819850] [mqtt_gateway_node]: Received MQTT RPC method=TimeSync topic=aimrt_rpc_req/linkswarm_manager/%2Flinkswarm.protocol.LinkSwarmRobotService%2FTimeSync msg_id=33 res_topic=aimrt_rpc_rsp/linkswarm_manager/%2Flinkswarm.protocol.LinkSwarmRobotService%2FTimeSync payload_bytes=241 inner_bytes=148
[2026-08-29 17:40:42.042] [info] [INFO] [1787996442.042913767] [mqtt_gateway_node]: TimeSync handled msg_id=33 trace_id=55bc0330-2401-47da-b08c-8beec192a4c4 receive_time_ms=1787996442042 server_time_ms=1787996442042 response_topic=aimrt_rpc_rsp/linkswarm_manager/%2Flinkswarm.protocol.LinkSwarmRobotService%2FTimeSync publish=queued
[2026-08-29 17:40:42.083] [info] [INFO] [1787996442.083801642] [mqtt_gateway_node]: Received MQTT RPC method=TimeSync topic=aimrt_rpc_req/linkswarm_manager/%2Flinkswarm.protocol.LinkSwarmRobotService%2FTimeSync msg_id=34 res_topic=aimrt_rpc_rsp/linkswarm_manager/%2Flinkswarm.protocol.LinkSwarmRobotService%2FTimeSync payload_bytes=241 inner_bytes=148
[2026-08-29 17:40:42.083] [info] [INFO] [1787996442.083902850] [mqtt_gateway_node]: TimeSync handled msg_id=34 trace_id=63982baf-2312-4f36-b2e7-6d306d9a9e7e receive_time_ms=1787996442083 server_time_ms=1787996442083 response_topic=aimrt_rpc_rsp/linkswarm_manager/%2Flinkswarm.protocol.LinkSwarmRobotService%2FTimeSync publish=queued
[2026-08-29 17:40:42.124] [info] [INFO] [1787996442.124817267] [mqtt_gateway_node]: Received MQTT RPC method=TimeSync topic=aimrt_rpc_req/linkswarm_manager/%2Flinkswarm.protocol.LinkSwarmRobotService%2FTimeSync msg_id=35 res_topic=aimrt_rpc_rsp/linkswarm_manager/%2Flinkswarm.protocol.LinkSwarmRobotService%2FTimeSync payload_bytes=241 inner_bytes=148
[2026-08-29 17:40:42.124] [info] [INFO] [1787996442.124930142] [mqtt_gateway_node]: TimeSync handled msg_id=35 trace_id=c9b99687-d6b6-4d21-99c1-62e937cfe9ba receive_time_ms=1787996442124 server_time_ms=1787996442124 response_topic=aimrt_rpc_rsp/linkswarm_manager/%2Flinkswarm.protocol.LinkSwarmRobotService%2FTimeSync publish=queued
[2026-08-29 17:40:42.165] [info] [INFO] [1787996442.165820642] [mqtt_gateway_node]: Received MQTT RPC method=TimeSync topic=aimrt_rpc_req/linkswarm_manager/%2Flinkswarm.protocol.LinkSwarmRobotService%2FTimeSync msg_id=36 res_topic=aimrt_rpc_rsp/linkswarm_manager/%2Flinkswarm.protocol.LinkSwarmRobotService%2FTimeSync payload_bytes=241 inner_bytes=148
[2026-08-29 17:40:42.165] [info] [INFO] [1787996442.165924475] [mqtt_gateway_node]: TimeSync handled msg_id=36 trace_id=615659fb-a2c8-495c-926d-0f8ab8907889 receive_time_ms=1787996442165 server_time_ms=1787996442165 response_topic=aimrt_rpc_rsp/linkswarm_manager/%2Flinkswarm.protocol.LinkSwarmRobotService%2FTimeSync publish=queued
[2026-08-29 17:40:42.206] [info] [INFO] [1787996442.206850559] [mqtt_gateway_node]: Received MQTT RPC method=TimeSync topic=aimrt_rpc_req/linkswarm_manager/%2Flinkswarm.protocol.LinkSwarmRobotService%2FTimeSync msg_id=37 res_topic=aimrt_rpc_rsp/linkswarm_manager/%2Flinkswarm.protocol.LinkSwarmRobotService%2FTimeSync payload_bytes=242 inner_bytes=149
[2026-08-29 17:40:42.207] [info] [INFO] [1787996442.206993184] [mqtt_gateway_node]: TimeSync handled msg_id=37 trace_id=5f0be4b0-0daa-4ac3-900d-2b0643486693 receive_time_ms=1787996442206 server_time_ms=1787996442206 response_topic=aimrt_rpc_rsp/linkswarm_manager/%2Flinkswarm.protocol.LinkSwarmRobotService%2FTimeSync publish=queued
[2026-08-29 17:40:42.247] [info] [INFO] [1787996442.247810767] [mqtt_gateway_node]: Received MQTT RPC method=TimeSync topic=aimrt_rpc_req/linkswarm_manager/%2Flinkswarm.protocol.LinkSwarmRobotService%2FTimeSync msg_id=38 res_topic=aimrt_rpc_rsp/linkswarm_manager/%2Flinkswarm.protocol.LinkSwarmRobotService%2FTimeSync payload_bytes=242 inner_bytes=149
[2026-08-29 17:40:42.247] [info] [INFO] [1787996442.247905850] [mqtt_gateway_node]: TimeSync handled msg_id=38 trace_id=f7e8f930-5271-4282-90b6-2076c15552e1 receive_time_ms=1787996442247 server_time_ms=1787996442247 response_topic=aimrt_rpc_rsp/linkswarm_manager/%2Flinkswarm.protocol.LinkSwarmRobotService%2FTimeSync publish=queued
[2026-08-29 17:40:44.257] [info] [INFO] [1787996444.257590393] [mqtt_gateway_node]: Received MQTT RPC method=TimeSync topic=aimrt_rpc_req/linkswarm_manager/%2Flinkswarm.protocol.LinkSwarmRobotService%2FTimeSync msg_id=39 res_topic=aimrt_rpc_rsp/linkswarm_manager/%2Flinkswarm.protocol.LinkSwarmRobotService%2FTimeSync payload_bytes=242 inner_bytes=149
[2026-08-29 17:40:44.257] [info] [INFO] [1787996444.257694226] [mqtt_gateway_node]: TimeSync handled msg_id=39 trace_id=5dc71eb6-a5e9-4aba-be10-606bd7fb678e receive_time_ms=1787996444257 server_time_ms=1787996444257 response_topic=aimrt_rpc_rsp/linkswarm_manager/%2Flinkswarm.protocol.LinkSwarmRobotService%2FTimeSync publish=queued
[2026-08-29 17:40:44.299] [info] [INFO] [1787996444.298906726] [mqtt_gateway_node]: Received MQTT RPC method=TimeSync topic=aimrt_rpc_req/linkswarm_manager/%2Flinkswarm.protocol.LinkSwarmRobotService%2FTimeSync msg_id=40 res_topic=aimrt_rpc_rsp/linkswarm_manager/%2Flinkswarm.protocol.LinkSwarmRobotService%2FTimeSync payload_bytes=242 inner_bytes=149
[2026-08-29 17:40:44.299] [info] [INFO] [1787996444.299033893] [mqtt_gateway_node]: TimeSync handled msg_id=40 trace_id=1b270b52-e720-4595-9f81-78474a422ebb receive_time_ms=1787996444298 server_time_ms=1787996444299 response_topic=aimrt_rpc_rsp/linkswarm_manager/%2Flinkswarm.protocol.LinkSwarmRobotService%2FTimeSync publish=queued
[2026-08-29 17:40:44.340] [info] [INFO] [1787996444.340694101] [mqtt_gateway_node]: Received MQTT RPC method=TimeSync topic=aimrt_rpc_req/linkswarm_manager/%2Flinkswarm.protocol.LinkSwarmRobotService%2FTimeSync msg_id=41 res_topic=aimrt_rpc_rsp/linkswarm_manager/%2Flinkswarm.protocol.LinkSwarmRobotService%2FTimeSync payload_bytes=242 inner_bytes=149
[2026-08-29 17:40:44.340] [info] [INFO] [1787996444.340908476] [mqtt_gateway_node]: TimeSync handled msg_id=41 trace_id=20d860e3-79dc-43e3-b6d4-5b7f969cc79f receive_time_ms=1787996444340 server_time_ms=1787996444340 response_topic=aimrt_rpc_rsp/linkswarm_manager/%2Flinkswarm.protocol.LinkSwarmRobotService%2FTimeSync publish=queued
[2026-08-29 17:40:44.381] [info] [INFO] [1787996444.381718768] [mqtt_gateway_node]: Received MQTT RPC method=TimeSync topic=aimrt_rpc_req/linkswarm_manager/%2Flinkswarm.protocol.LinkSwarmRobotService%2FTimeSync msg_id=42 res_topic=aimrt_rpc_rsp/linkswarm_manager/%2Flinkswarm.protocol.LinkSwarmRobotService%2FTimeSync payload_bytes=242 inner_bytes=149
[2026-08-29 17:40:44.382] [info] [INFO] [1787996444.381962310] [mqtt_gateway_node]: TimeSync handled msg_id=42 trace_id=6d3c8640-26ac-4b04-8f58-a498f6ffbe26 receive_time_ms=1787996444381 server_time_ms=1787996444381 response_topic=aimrt_rpc_rsp/linkswarm_manager/%2Flinkswarm.protocol.LinkSwarmRobotService%2FTimeSync publish=queued
[2026-08-29 17:40:44.423] [info] [INFO] [1787996444.423687851] [mqtt_gateway_node]: Received MQTT RPC method=TimeSync topic=aimrt_rpc_req/linkswarm_manager/%2Flinkswarm.protocol.LinkSwarmRobotService%2FTimeSync msg_id=43 res_topic=aimrt_rpc_rsp/linkswarm_manager/%2Flinkswarm.protocol.LinkSwarmRobotService%2FTimeSync payload_bytes=242 inner_bytes=149
[2026-08-29 17:40:44.423] [info] [INFO] [1787996444.423878601] [mqtt_gateway_node]: TimeSync handled msg_id=43 trace_id=910c4719-d7b6-406b-8493-c1eb4d9d2e2a receive_time_ms=1787996444423 server_time_ms=1787996444423 response_topic=aimrt_rpc_rsp/linkswarm_manager/%2Flinkswarm.protocol.LinkSwarmRobotService%2FTimeSync publish=queued
[2026-08-29 17:40:44.465] [info] [INFO] [1787996444.465705351] [mqtt_gateway_node]: Received MQTT RPC method=TimeSync topic=aimrt_rpc_req/linkswarm_manager/%2Flinkswarm.protocol.LinkSwarmRobotService%2FTimeSync msg_id=44 res_topic=aimrt_rpc_rsp/linkswarm_manager/%2Flinkswarm.protocol.LinkSwarmRobotService%2FTimeSync payload_bytes=242 inner_bytes=149
[2026-08-29 17:40:44.465] [info] [INFO] [1787996444.465926435] [mqtt_gateway_node]: TimeSync handled msg_id=44 trace_id=11440ce9-ed15-4e7a-aa23-321bce969f5b receive_time_ms=1787996444465 server_time_ms=1787996444465 response_topic=aimrt_rpc_rsp/linkswarm_manager/%2Flinkswarm.protocol.LinkSwarmRobotService%2FTimeSync publish=queued
[2026-08-29 17:40:44.506] [info] [INFO] [1787996444.506732935] [mqtt_gateway_node]: Received MQTT RPC method=TimeSync topic=aimrt_rpc_req/linkswarm_manager/%2Flinkswarm.protocol.LinkSwarmRobotService%2FTimeSync msg_id=45 res_topic=aimrt_rpc_rsp/linkswarm_manager/%2Flinkswarm.protocol.LinkSwarmRobotService%2FTimeSync payload_bytes=242 inner_bytes=149
[2026-08-29 17:40:44.507] [info] [INFO] [1787996444.506953143] [mqtt_gateway_node]: TimeSync handled msg_id=45 trace_id=890fb252-9e94-41e9-b888-60074cef61e4 receive_time_ms=1787996444506 server_time_ms=1787996444506 response_topic=aimrt_rpc_rsp/linkswarm_manager/%2Flinkswarm.protocol.LinkSwarmRobotService%2FTimeSync publish=queued
[2026-08-29 17:40:44.547] [info] [INFO] [1787996444.547702768] [mqtt_gateway_node]: Received MQTT RPC method=TimeSync topic=aimrt_rpc_req/linkswarm_manager/%2Flinkswarm.protocol.LinkSwarmRobotService%2FTimeSync msg_id=46 res_topic=aimrt_rpc_rsp/linkswarm_manager/%2Flinkswarm.protocol.LinkSwarmRobotService%2FTimeSync payload_bytes=242 inner_bytes=149
[2026-08-29 17:40:44.547] [info] [INFO] [1787996444.547901393] [mqtt_gateway_node]: TimeSync handled msg_id=46 trace_id=d420a1ca-0858-485b-af5e-eefe81e1ecaa receive_time_ms=1787996444547 server_time_ms=1787996444547 response_topic=aimrt_rpc_rsp/linkswarm_manager/%2Flinkswarm.protocol.LinkSwarmRobotService%2FTimeSync publish=queued
[2026-08-29 17:40:44.588] [info] [INFO] [1787996444.588696518] [mqtt_gateway_node]: Received MQTT RPC method=TimeSync topic=aimrt_rpc_req/linkswarm_manager/%2Flinkswarm.protocol.LinkSwarmRobotService%2FTimeSync msg_id=47 res_topic=aimrt_rpc_rsp/linkswarm_manager/%2Flinkswarm.protocol.LinkSwarmRobotService%2FTimeSync payload_bytes=242 inner_bytes=149
[2026-08-29 17:40:44.588] [info] [INFO] [1787996444.588915851] [mqtt_gateway_node]: TimeSync handled msg_id=47 trace_id=f938d1c4-d703-422e-afaf-17366e218fa6 receive_time_ms=1787996444588 server_time_ms=1787996444588 response_topic=aimrt_rpc_rsp/linkswarm_manager/%2Flinkswarm.protocol.LinkSwarmRobotService%2FTimeSync publish=queued
[2026-08-29 17:40:44.630] [info] [INFO] [1787996444.630721601] [mqtt_gateway_node]: Received MQTT RPC method=TimeSync topic=aimrt_rpc_req/linkswarm_manager/%2Flinkswarm.protocol.LinkSwarmRobotService%2FTimeSync msg_id=48 res_topic=aimrt_rpc_rsp/linkswarm_manager/%2Flinkswarm.protocol.LinkSwarmRobotService%2FTimeSync payload_bytes=242 inner_bytes=149
[2026-08-29 17:40:44.631] [info] [INFO] [1787996444.630947060] [mqtt_gateway_node]: TimeSync handled msg_id=48 trace_id=48b6b9ec-bed9-4206-9d7e-d093051c337b receive_time_ms=1787996444630 server_time_ms=1787996444630 response_topic=aimrt_rpc_rsp/linkswarm_manager/%2Flinkswarm.protocol.LinkSwarmRobotService%2FTimeSync publish=queued
[2026-08-29 17:40:45.912] [info] [INFO] [1787996445.912815644] [mqtt_gateway_node]: heartbeat_snapshot wifi_ip= tl_ip=192.168.3.10 sn= battery=27 battery_source=sdk battery_default=false charging=false state=1 uwb=0 pose=(3.543,19.676,-0.001) pose_source=sensor_pose2d pose_stale=false source=sensor_pose2d
[2026-08-29 17:40:46.753] [info] [INFO] [1787996446.753310019] [mqtt_gateway_node]: Received MQTT RPC method=TimeSync topic=aimrt_rpc_req/linkswarm_manager/%2Flinkswarm.protocol.LinkSwarmRobotService%2FTimeSync msg_id=49 res_topic=aimrt_rpc_rsp/linkswarm_manager/%2Flinkswarm.protocol.LinkSwarmRobotService%2FTimeSync payload_bytes=242 inner_bytes=149
[2026-08-29 17:40:46.753] [info] [INFO] [1787996446.753517103] [mqtt_gateway_node]: TimeSync handled msg_id=49 trace_id=1588b4c9-4be7-4865-89ce-0214aac497dd receive_time_ms=1787996446753 server_time_ms=1787996446753 response_topic=aimrt_rpc_rsp/linkswarm_manager/%2Flinkswarm.protocol.LinkSwarmRobotService%2FTimeSync publish=queued
[2026-08-29 17:40:46.794] [info] [INFO] [1787996446.794729311] [mqtt_gateway_node]: Received MQTT RPC method=TimeSync topic=aimrt_rpc_req/linkswarm_manager/%2Flinkswarm.protocol.LinkSwarmRobotService%2FTimeSync msg_id=50 res_topic=aimrt_rpc_rsp/linkswarm_manager/%2Flinkswarm.protocol.LinkSwarmRobotService%2FTimeSync payload_bytes=242 inner_bytes=149
[2026-08-29 17:40:46.795] [info] [INFO] [1787996446.794952436] [mqtt_gateway_node]: TimeSync handled msg_id=50 trace_id=d3f3f73c-3c7d-4eab-b056-a49a28dddaeb receive_time_ms=1787996446794 server_time_ms=1787996446794 response_topic=aimrt_rpc_rsp/linkswarm_manager/%2Flinkswarm.protocol.LinkSwarmRobotService%2FTimeSync publish=queued
[2026-08-29 17:40:46.836] [info] [INFO] [1787996446.836753228] [mqtt_gateway_node]: Received MQTT RPC method=TimeSync topic=aimrt_rpc_req/linkswarm_manager/%2Flinkswarm.protocol.LinkSwarmRobotService%2FTimeSync msg_id=51 res_topic=aimrt_rpc_rsp/linkswarm_manager/%2Flinkswarm.protocol.LinkSwarmRobotService%2FTimeSync payload_bytes=242 inner_bytes=149
[2026-08-29 17:40:46.837] [info] [INFO] [1787996446.837000853] [mqtt_gateway_node]: TimeSync handled msg_id=51 trace_id=d47ba48f-2b68-4a99-ab3e-0997a7f5067e receive_time_ms=1787996446836 server_time_ms=1787996446836 response_topic=aimrt_rpc_rsp/linkswarm_manager/%2Flinkswarm.protocol.LinkSwarmRobotService%2FTimeSync publish=queued
[2026-08-29 17:40:46.878] [info] [INFO] [1787996446.878696061] [mqtt_gateway_node]: Received MQTT RPC method=TimeSync topic=aimrt_rpc_req/linkswarm_manager/%2Flinkswarm.protocol.LinkSwarmRobotService%2FTimeSync msg_id=52 res_topic=aimrt_rpc_rsp/linkswarm_manager/%2Flinkswarm.protocol.LinkSwarmRobotService%2FTimeSync payload_bytes=242 inner_bytes=149
[2026-08-29 17:40:46.879] [info] [INFO] [1787996446.879063269] [mqtt_gateway_node]: TimeSync handled msg_id=52 trace_id=da745150-e7d0-45ef-be2c-94d671c8321f receive_time_ms=1787996446878 server_time_ms=1787996446878 response_topic=aimrt_rpc_rsp/linkswarm_manager/%2Flinkswarm.protocol.LinkSwarmRobotService%2FTimeSync publish=queued
[2026-08-29 17:40:46.920] [info] [INFO] [1787996446.920707436] [mqtt_gateway_node]: Received MQTT RPC method=TimeSync topic=aimrt_rpc_req/linkswarm_manager/%2Flinkswarm.protocol.LinkSwarmRobotService%2FTimeSync msg_id=53 res_topic=aimrt_rpc_rsp/linkswarm_manager/%2Flinkswarm.protocol.LinkSwarmRobotService%2FTimeSync payload_bytes=241 inner_bytes=148
[2026-08-29 17:40:46.920] [info] [INFO] [1787996446.920917436] [mqtt_gateway_node]: TimeSync handled msg_id=53 trace_id=682a15e3-43c4-455c-bde9-2d3cc2b5cf0c receive_time_ms=1787996446920 server_time_ms=1787996446920 response_topic=aimrt_rpc_rsp/linkswarm_manager/%2Flinkswarm.protocol.LinkSwarmRobotService%2FTimeSync publish=queued
[2026-08-29 17:40:46.961] [info] [INFO] [1787996446.961724811] [mqtt_gateway_node]: Received MQTT RPC method=TimeSync topic=aimrt_rpc_req/linkswarm_manager/%2Flinkswarm.protocol.LinkSwarmRobotService%2FTimeSync msg_id=54 res_topic=aimrt_rpc_rsp/linkswarm_manager/%2Flinkswarm.protocol.LinkSwarmRobotService%2FTimeSync payload_bytes=241 inner_bytes=148
[2026-08-29 17:40:46.962] [info] [INFO] [1787996446.962056728] [mqtt_gateway_node]: TimeSync handled msg_id=54 trace_id=40c580ab-2ca2-4ed5-bb6b-162c3f5b3b9a receive_time_ms=1787996446961 server_time_ms=1787996446961 response_topic=aimrt_rpc_rsp/linkswarm_manager/%2Flinkswarm.protocol.LinkSwarmRobotService%2FTimeSync publish=queued
[2026-08-29 17:40:47.003] [info] [INFO] [1787996447.003697686] [mqtt_gateway_node]: Received MQTT RPC method=TimeSync topic=aimrt_rpc_req/linkswarm_manager/%2Flinkswarm.protocol.LinkSwarmRobotService%2FTimeSync msg_id=55 res_topic=aimrt_rpc_rsp/linkswarm_manager/%2Flinkswarm.protocol.LinkSwarmRobotService%2FTimeSync payload_bytes=241 inner_bytes=148
[2026-08-29 17:40:47.003] [info] [INFO] [1787996447.003910894] [mqtt_gateway_node]: TimeSync handled msg_id=55 trace_id=6de7fac8-c67b-46e9-8a05-8a9d69c46250 receive_time_ms=1787996447003 server_time_ms=1787996447003 response_topic=aimrt_rpc_rsp/linkswarm_manager/%2Flinkswarm.protocol.LinkSwarmRobotService%2FTimeSync publish=queued
[2026-08-29 17:40:47.045] [info] [INFO] [1787996447.045704394] [mqtt_gateway_node]: Received MQTT RPC method=TimeSync topic=aimrt_rpc_req/linkswarm_manager/%2Flinkswarm.protocol.LinkSwarmRobotService%2FTimeSync msg_id=56 res_topic=aimrt_rpc_rsp/linkswarm_manager/%2Flinkswarm.protocol.LinkSwarmRobotService%2FTimeSync payload_bytes=241 inner_bytes=148
[2026-08-29 17:40:47.045] [info] [INFO] [1787996447.045904478] [mqtt_gateway_node]: TimeSync handled msg_id=56 trace_id=5103bf72-3de2-407a-9121-e0be64ba8b81 receive_time_ms=1787996447045 server_time_ms=1787996447045 response_topic=aimrt_rpc_rsp/linkswarm_manager/%2Flinkswarm.protocol.LinkSwarmRobotService%2FTimeSync publish=queued
[2026-08-29 17:40:47.086] [info] [INFO] [1787996447.086706311] [mqtt_gateway_node]: Received MQTT RPC method=TimeSync topic=aimrt_rpc_req/linkswarm_manager/%2Flinkswarm.protocol.LinkSwarmRobotService%2FTimeSync msg_id=57 res_topic=aimrt_rpc_rsp/linkswarm_manager/%2Flinkswarm.protocol.LinkSwarmRobotService%2FTimeSync payload_bytes=241 inner_bytes=148
[2026-08-29 17:40:47.087] [info] [INFO] [1787996447.086912811] [mqtt_gateway_node]: TimeSync handled msg_id=57 trace_id=47e64370-82d3-499d-a1a6-1356d66559e7 receive_time_ms=1787996447086 server_time_ms=1787996447086 response_topic=aimrt_rpc_rsp/linkswarm_manager/%2Flinkswarm.protocol.LinkSwarmRobotService%2FTimeSync publish=queued
[2026-08-29 17:40:47.127] [info] [INFO] [1787996447.127735353] [mqtt_gateway_node]: Received MQTT RPC method=TimeSync topic=aimrt_rpc_req/linkswarm_manager/%2Flinkswarm.protocol.LinkSwarmRobotService%2FTimeSync msg_id=58 res_topic=aimrt_rpc_rsp/linkswarm_manager/%2Flinkswarm.protocol.LinkSwarmRobotService%2FTimeSync payload_bytes=241 inner_bytes=148
[2026-08-29 17:40:47.128] [info] [INFO] [1787996447.127948269] [mqtt_gateway_node]: TimeSync handled msg_id=58 trace_id=2e02d096-d72b-4807-babe-bdeeae8940d3 receive_time_ms=1787996447127 server_time_ms=1787996447127 response_topic=aimrt_rpc_rsp/linkswarm_manager/%2Flinkswarm.protocol.LinkSwarmRobotService%2FTimeSync publish=queued
[2026-08-29 17:40:50.913] [info] [INFO] [1787996450.913003729] [mqtt_gateway_node]: heartbeat_snapshot wifi_ip= tl_ip=192.168.3.10 sn= battery=27 battery_source=sdk battery_default=false charging=false state=1 uwb=0 pose=(3.346,20.643,-0.001) pose_source=sensor_pose2d pose_stale=false source=sensor_pose2d
[2026-08-29 17:40:55.913] [info] [INFO] [1787996455.913158857] [mqtt_gateway_node]: heartbeat_snapshot wifi_ip= tl_ip=192.168.3.10 sn= battery=27 battery_source=sdk battery_default=false charging=false state=1 uwb=0 pose=(3.660,18.531,-0.001) pose_source=sensor_pose2d pose_stale=false source=sensor_pose2d
[2026-08-29 17:40:56.349] [info] [INFO] [1787996456.349595732] [mqtt_gateway_node]: Received MQTT RPC method=TimeSync topic=aimrt_rpc_req/linkswarm_manager/%2Flinkswarm.protocol.LinkSwarmRobotService%2FTimeSync msg_id=59 res_topic=aimrt_rpc_rsp/linkswarm_manager/%2Flinkswarm.protocol.LinkSwarmRobotService%2FTimeSync payload_bytes=242 inner_bytes=149
[2026-08-29 17:40:56.349] [info] [INFO] [1787996456.349904315] [mqtt_gateway_node]: TimeSync handled msg_id=59 trace_id=a99860a9-be6e-478f-8588-91259a730d0a receive_time_ms=1787996456349 server_time_ms=1787996456349 response_topic=aimrt_rpc_rsp/linkswarm_manager/%2Flinkswarm.protocol.LinkSwarmRobotService%2FTimeSync publish=queued
[2026-08-29 17:40:56.391] [info] [INFO] [1787996456.391806899] [mqtt_gateway_node]: Received MQTT RPC method=TimeSync topic=aimrt_rpc_req/linkswarm_manager/%2Flinkswarm.protocol.LinkSwarmRobotService%2FTimeSync msg_id=60 res_topic=aimrt_rpc_rsp/linkswarm_manager/%2Flinkswarm.protocol.LinkSwarmRobotService%2FTimeSync payload_bytes=242 inner_bytes=149
[2026-08-29 17:40:56.392] [info] [INFO] [1787996456.391997065] [mqtt_gateway_node]: TimeSync handled msg_id=60 trace_id=50396d26-e929-43b8-8efb-ddd1fb152533 receive_time_ms=1787996456391 server_time_ms=1787996456391 response_topic=aimrt_rpc_rsp/linkswarm_manager/%2Flinkswarm.protocol.LinkSwarmRobotService%2FTimeSync publish=queued
[2026-08-29 17:40:56.433] [info] [INFO] [1787996456.433827315] [mqtt_gateway_node]: Received MQTT RPC method=TimeSync topic=aimrt_rpc_req/linkswarm_manager/%2Flinkswarm.protocol.LinkSwarmRobotService%2FTimeSync msg_id=61 res_topic=aimrt_rpc_rsp/linkswarm_manager/%2Flinkswarm.protocol.LinkSwarmRobotService%2FTimeSync payload_bytes=242 inner_bytes=149
[2026-08-29 17:40:56.434] [info] [INFO] [1787996456.434016607] [mqtt_gateway_node]: TimeSync handled msg_id=61 trace_id=083a9f57-bd8f-49c6-a1ae-17912ae0ea0c receive_time_ms=1787996456433 server_time_ms=1787996456433 response_topic=aimrt_rpc_rsp/linkswarm_manager/%2Flinkswarm.protocol.LinkSwarmRobotService%2FTimeSync publish=queued
[2026-08-29 17:40:56.476] [info] [INFO] [1787996456.476237982] [mqtt_gateway_node]: Received MQTT RPC method=TimeSync topic=aimrt_rpc_req/linkswarm_manager/%2Flinkswarm.protocol.LinkSwarmRobotService%2FTimeSync msg_id=62 res_topic=aimrt_rpc_rsp/linkswarm_manager/%2Flinkswarm.protocol.LinkSwarmRobotService%2FTimeSync payload_bytes=242 inner_bytes=149
[2026-08-29 17:40:56.476] [info] [INFO] [1787996456.476469274] [mqtt_gateway_node]: TimeSync handled msg_id=62 trace_id=f1aaa92c-401f-4ac9-9020-baee90432b8b receive_time_ms=1787996456476 server_time_ms=1787996456476 response_topic=aimrt_rpc_rsp/linkswarm_manager/%2Flinkswarm.protocol.LinkSwarmRobotService%2FTimeSync publish=queued
[2026-08-29 17:40:56.517] [info] [INFO] [1787996456.517826732] [mqtt_gateway_node]: Received MQTT RPC method=TimeSync topic=aimrt_rpc_req/linkswarm_manager/%2Flinkswarm.protocol.LinkSwarmRobotService%2FTimeSync msg_id=63 res_topic=aimrt_rpc_rsp/linkswarm_manager/%2Flinkswarm.protocol.LinkSwarmRobotService%2FTimeSync payload_bytes=242 inner_bytes=149
[2026-08-29 17:40:56.518] [info] [INFO] [1787996456.518020399] [mqtt_gateway_node]: TimeSync handled msg_id=63 trace_id=b9a08938-19c2-4eb7-887c-14556572c9d3 receive_time_ms=1787996456517 server_time_ms=1787996456517 response_topic=aimrt_rpc_rsp/linkswarm_manager/%2Flinkswarm.protocol.LinkSwarmRobotService%2FTimeSync publish=queued
[2026-08-29 17:40:56.559] [info] [INFO] [1787996456.558868899] [mqtt_gateway_node]: Received MQTT RPC method=TimeSync topic=aimrt_rpc_req/linkswarm_manager/%2Flinkswarm.protocol.LinkSwarmRobotService%2FTimeSync msg_id=64 res_topic=aimrt_rpc_rsp/linkswarm_manager/%2Flinkswarm.protocol.LinkSwarmRobotService%2FTimeSync payload_bytes=242 inner_bytes=149
[2026-08-29 17:40:56.559] [info] [INFO] [1787996456.559098149] [mqtt_gateway_node]: TimeSync handled msg_id=64 trace_id=6825b881-6f23-4118-aa9b-dd960a968f9a receive_time_ms=1787996456558 server_time_ms=1787996456559 response_topic=aimrt_rpc_rsp/linkswarm_manager/%2Flinkswarm.protocol.LinkSwarmRobotService%2FTimeSync publish=queued
[2026-08-29 17:40:56.600] [info] [INFO] [1787996456.600694482] [mqtt_gateway_node]: Received MQTT RPC method=TimeSync topic=aimrt_rpc_req/linkswarm_manager/%2Flinkswarm.protocol.LinkSwarmRobotService%2FTimeSync msg_id=65 res_topic=aimrt_rpc_rsp/linkswarm_manager/%2Flinkswarm.protocol.LinkSwarmRobotService%2FTimeSync payload_bytes=242 inner_bytes=149
[2026-08-29 17:40:56.601] [info] [INFO] [1787996456.601006857] [mqtt_gateway_node]: TimeSync handled msg_id=65 trace_id=f84f23a0-6f91-4dbb-8892-8b7b08416f74 receive_time_ms=1787996456600 server_time_ms=1787996456600 response_topic=aimrt_rpc_rsp/linkswarm_manager/%2Flinkswarm.protocol.LinkSwarmRobotService%2FTimeSync publish=queued
[2026-08-29 17:40:56.641] [info] [INFO] [1787996456.641667816] [mqtt_gateway_node]: Received MQTT RPC method=TimeSync topic=aimrt_rpc_req/linkswarm_manager/%2Flinkswarm.protocol.LinkSwarmRobotService%2FTimeSync msg_id=66 res_topic=aimrt_rpc_rsp/linkswarm_manager/%2Flinkswarm.protocol.LinkSwarmRobotService%2FTimeSync payload_bytes=242 inner_bytes=149
[2026-08-29 17:40:56.641] [info] [INFO] [1787996456.641864399] [mqtt_gateway_node]: TimeSync handled msg_id=66 trace_id=c9263a79-f7e4-429f-9daa-ae4d7755903e receive_time_ms=1787996456641 server_time_ms=1787996456641 response_topic=aimrt_rpc_rsp/linkswarm_manager/%2Flinkswarm.protocol.LinkSwarmRobotService%2FTimeSync publish=queued
[2026-08-29 17:40:56.682] [info] [INFO] [1787996456.682689857] [mqtt_gateway_node]: Received MQTT RPC method=TimeSync topic=aimrt_rpc_req/linkswarm_manager/%2Flinkswarm.protocol.LinkSwarmRobotService%2FTimeSync msg_id=67 res_topic=aimrt_rpc_rsp/linkswarm_manager/%2Flinkswarm.protocol.LinkSwarmRobotService%2FTimeSync payload_bytes=242 inner_bytes=149
[2026-08-29 17:40:56.683] [info] [INFO] [1787996456.682942441] [mqtt_gateway_node]: TimeSync handled msg_id=67 trace_id=d822d1c9-3265-4097-b0d3-2f92e4bed7ab receive_time_ms=1787996456682 server_time_ms=1787996456682 response_topic=aimrt_rpc_rsp/linkswarm_manager/%2Flinkswarm.protocol.LinkSwarmRobotService%2FTimeSync publish=queued
[2026-08-29 17:40:56.723] [info] [INFO] [1787996456.723668441] [mqtt_gateway_node]: Received MQTT RPC method=TimeSync topic=aimrt_rpc_req/linkswarm_manager/%2Flinkswarm.protocol.LinkSwarmRobotService%2FTimeSync msg_id=68 res_topic=aimrt_rpc_rsp/linkswarm_manager/%2Flinkswarm.protocol.LinkSwarmRobotService%2FTimeSync payload_bytes=242 inner_bytes=149
[2026-08-29 17:40:56.723] [info] [INFO] [1787996456.723769066] [mqtt_gateway_node]: TimeSync handled msg_id=68 trace_id=0bd144a3-5a55-4a38-94ab-92ab5e0dffd7 receive_time_ms=1787996456723 server_time_ms=1787996456723 response_topic=aimrt_rpc_rsp/linkswarm_manager/%2Flinkswarm.protocol.LinkSwarmRobotService%2FTimeSync publish=queued
[2026-08-29 17:41:00.913] [info] [INFO] [1787996460.913341984] [mqtt_gateway_node]: heartbeat_snapshot wifi_ip= tl_ip=192.168.3.10 sn= battery=27 battery_source=sdk battery_default=false charging=false state=1 uwb=0 pose=(3.520,21.384,-0.001) pose_source=sensor_pose2d pose_stale=false source=sensor_pose2d
[2026-08-29 17:41:05.913] [info] [INFO] [1787996465.913528320] [mqtt_gateway_node]: heartbeat_snapshot wifi_ip= tl_ip=192.168.3.10 sn= battery=27 battery_source=sdk battery_default=false charging=false state=1 uwb=0 pose=(3.555,21.601,-0.001) pose_source=sensor_pose2d pose_stale=false source=sensor_pose2d
[2026-08-29 17:41:10.913] [info] [INFO] [1787996470.913711156] [mqtt_gateway_node]: heartbeat_snapshot wifi_ip= tl_ip=192.168.3.10 sn= battery=27 battery_source=sdk battery_default=false charging=false state=1 uwb=0 pose=(3.488,24.623,-0.001) pose_source=sensor_pose2d pose_stale=false source=sensor_pose2d
[2026-08-29 17:41:15.913] [info] [INFO] [1787996475.913901866] [mqtt_gateway_node]: heartbeat_snapshot wifi_ip= tl_ip=192.168.3.10 sn= battery=27 battery_source=sdk battery_default=false charging=false state=1 uwb=0 pose=(3.634,22.872,-0.001) pose_source=sensor_pose2d pose_stale=false source=sensor_pose2d
[2026-08-29 17:41:20.914] [info] [INFO] [1787996480.914119994] [mqtt_gateway_node]: heartbeat_snapshot wifi_ip= tl_ip=192.168.3.10 sn= battery=27 battery_source=sdk battery_default=false charging=false state=1 uwb=0 pose=(3.439,19.184,-0.001) pose_source=sensor_pose2d pose_stale=false source=sensor_pose2d
[2026-08-29 17:41:25.914] [info] [INFO] [1787996485.914561830] [mqtt_gateway_node]: heartbeat_snapshot wifi_ip= tl_ip=192.168.3.10 sn= battery=27 battery_source=sdk battery_default=false charging=false state=1 uwb=0 pose=(3.378,18.174,-0.001) pose_source=sensor_pose2d pose_stale=false source=sensor_pose2d
[2026-08-29 17:41:30.914] [info] [INFO] [1787996490.914751957] [mqtt_gateway_node]: heartbeat_snapshot wifi_ip= tl_ip=192.168.3.10 sn= battery=27 battery_source=sdk battery_default=false charging=false state=1 uwb=0 pose=(3.057,22.335,-0.001) pose_source=sensor_pose2d pose_stale=false source=sensor_pose2d
[2026-08-29 17:41:35.915] [info] [INFO] [1787996495.914943543] [mqtt_gateway_node]: heartbeat_snapshot wifi_ip= tl_ip=192.168.3.10 sn= battery=27 battery_source=sdk battery_default=false charging=false state=1 uwb=0 pose=(4.012,22.514,-0.001) pose_source=sensor_pose2d pose_stale=false source=sensor_pose2d
[2026-08-29 17:41:40.915] [info] [INFO] [1787996500.915125212] [mqtt_gateway_node]: heartbeat_snapshot wifi_ip= tl_ip=192.168.3.10 sn= battery=27 battery_source=sdk battery_default=false charging=false state=1 uwb=0 pose=(3.705,19.450,-0.001) pose_source=sensor_pose2d pose_stale=false source=sensor_pose2d
[2026-08-29 17:41:45.915] [info] [INFO] [1787996505.915553922] [mqtt_gateway_node]: heartbeat_snapshot wifi_ip= tl_ip=192.168.3.10 sn= battery=27 battery_source=sdk battery_default=false charging=false state=1 uwb=0 pose=(3.446,19.836,-0.001) pose_source=sensor_pose2d pose_stale=false source=sensor_pose2d
[2026-08-29 17:41:50.915] [info] [INFO] [1787996510.915769716] [mqtt_gateway_node]: heartbeat_snapshot wifi_ip= tl_ip=192.168.3.10 sn= battery=27 battery_source=sdk battery_default=false charging=false state=1 uwb=0 pose=(3.918,20.375,-0.001) pose_source=sensor_pose2d pose_stale=false source=sensor_pose2d
[2026-08-29 17:41:55.916] [info] [INFO] [1787996515.916147969] [mqtt_gateway_node]: heartbeat_snapshot wifi_ip= tl_ip=192.168.3.10 sn= battery=27 battery_source=sdk battery_default=false charging=false state=1 uwb=0 pose=(3.198,21.519,-0.001) pose_source=sensor_pose2d pose_stale=false source=sensor_pose2d
[2026-08-29 17:42:00.917] [info] [INFO] [1787996520.916840638] [mqtt_gateway_node]: heartbeat_snapshot wifi_ip= tl_ip=192.168.3.10 sn= battery=27 battery_source=sdk battery_default=false charging=false state=1 uwb=0 pose=(4.282,19.977,-0.001) pose_source=sensor_pose2d pose_stale=false source=sensor_pose2d
[2026-08-29 17:42:05.917] [info] [INFO] [1787996525.917187974] [mqtt_gateway_node]: heartbeat_snapshot wifi_ip= tl_ip=192.168.3.10 sn= battery=27 battery_source=sdk battery_default=false charging=false state=1 uwb=0 pose=(3.759,21.476,-0.001) pose_source=sensor_pose2d pose_stale=false source=sensor_pose2d
[2026-08-29 17:42:10.917] [info] [INFO] [1787996530.917467934] [mqtt_gateway_node]: heartbeat_snapshot wifi_ip= tl_ip=192.168.3.10 sn= battery=27 battery_source=sdk battery_default=false charging=false state=1 uwb=0 pose=(3.703,19.151,-0.001) pose_source=sensor_pose2d pose_stale=false source=sensor_pose2d
[2026-08-29 17:42:15.917] [info] [INFO] [1787996535.917646395] [mqtt_gateway_node]: heartbeat_snapshot wifi_ip= tl_ip=192.168.3.10 sn= battery=27 battery_source=sdk battery_default=false charging=false state=1 uwb=0 pose=(3.842,19.739,-0.001) pose_source=sensor_pose2d pose_stale=false source=sensor_pose2d
[2026-08-29 17:42:20.917] [info] [INFO] [1787996540.917831272] [mqtt_gateway_node]: heartbeat_snapshot wifi_ip= tl_ip=192.168.3.10 sn= battery=27 battery_source=sdk battery_default=false charging=false state=1 uwb=0 pose=(3.641,18.281,-0.001) pose_source=sensor_pose2d pose_stale=false source=sensor_pose2d
[2026-08-29 17:42:25.918] [info] [INFO] [1787996545.918009441] [mqtt_gateway_node]: heartbeat_snapshot wifi_ip= tl_ip=192.168.3.10 sn= battery=26 battery_source=sdk battery_default=false charging=false state=1 uwb=0 pose=(3.823,20.007,-0.001) pose_source=sensor_pose2d pose_stale=false source=sensor_pose2d
[2026-08-29 17:42:30.918] [info] [INFO] [1787996550.918186444] [mqtt_gateway_node]: heartbeat_snapshot wifi_ip= tl_ip=192.168.3.10 sn= battery=26 battery_source=sdk battery_default=false charging=false state=1 uwb=0 pose=(3.616,22.763,-0.001) pose_source=sensor_pose2d pose_stale=false source=sensor_pose2d
[2026-08-29 17:42:35.918] [info] [INFO] [1787996555.918406030] [mqtt_gateway_node]: heartbeat_snapshot wifi_ip= tl_ip=192.168.3.10 sn= battery=26 battery_source=sdk battery_default=false charging=false state=1 uwb=0 pose=(3.739,23.707,-0.001) pose_source=sensor_pose2d pose_stale=false source=sensor_pose2d
[2026-08-29 17:42:40.918] [info] [INFO] [1787996560.918608990] [mqtt_gateway_node]: heartbeat_snapshot wifi_ip= tl_ip=192.168.3.10 sn= battery=26 battery_source=sdk battery_default=false charging=false state=1 uwb=0 pose=(3.824,21.045,-0.001) pose_source=sensor_pose2d pose_stale=false source=sensor_pose2d
[2026-08-29 17:42:45.918] [info] [INFO] [1787996565.918798243] [mqtt_gateway_node]: heartbeat_snapshot wifi_ip= tl_ip=192.168.3.10 sn= battery=26 battery_source=sdk battery_default=false charging=false state=1 uwb=0 pose=(3.798,20.112,-0.001) pose_source=sensor_pose2d pose_stale=false source=sensor_pose2d
[2026-08-29 17:42:50.919] [info] [INFO] [1787996570.919109995] [mqtt_gateway_node]: heartbeat_snapshot wifi_ip= tl_ip=192.168.3.10 sn= battery=26 battery_source=sdk battery_default=false charging=false state=1 uwb=0 pose=(3.309,17.854,-0.001) pose_source=sensor_pose2d pose_stale=false source=sensor_pose2d
[2026-08-29 17:42:55.919] [info] [INFO] [1787996575.919415914] [mqtt_gateway_node]: heartbeat_snapshot wifi_ip= tl_ip=192.168.3.10 sn= battery=26 battery_source=sdk battery_default=false charging=false state=1 uwb=0 pose=(4.175,20.704,-0.001) pose_source=sensor_pose2d pose_stale=false source=sensor_pose2d
[2026-08-29 17:43:00.919] [info] [INFO] [1787996580.919594083] [mqtt_gateway_node]: heartbeat_snapshot wifi_ip= tl_ip=192.168.3.10 sn= battery=26 battery_source=sdk battery_default=false charging=false state=1 uwb=0 pose=(3.194,21.488,-0.001) pose_source=sensor_pose2d pose_stale=false source=sensor_pose2d
[2026-08-29 17:43:05.919] [info] [INFO] [1787996585.919811627] [mqtt_gateway_node]: heartbeat_snapshot wifi_ip= tl_ip=192.168.3.10 sn= battery=26 battery_source=sdk battery_default=false charging=false state=1 uwb=0 pose=(3.513,21.329,-0.001) pose_source=sensor_pose2d pose_stale=false source=sensor_pose2d
[2026-08-29 17:43:10.920] [info] [INFO] [1787996590.920105005] [mqtt_gateway_node]: heartbeat_snapshot wifi_ip= tl_ip=192.168.3.10 sn= battery=26 battery_source=sdk battery_default=false charging=false state=1 uwb=0 pose=(3.320,21.567,-0.001) pose_source=sensor_pose2d pose_stale=false source=sensor_pose2d
[2026-08-29 17:43:15.920] [info] [INFO] [1787996595.920278215] [mqtt_gateway_node]: heartbeat_snapshot wifi_ip= tl_ip=192.168.3.10 sn= battery=26 battery_source=sdk battery_default=false charging=false state=1 uwb=0 pose=(3.577,20.903,-0.001) pose_source=sensor_pose2d pose_stale=false source=sensor_pose2d
[2026-08-29 17:43:20.920] [info] [INFO] [1787996600.920453759] [mqtt_gateway_node]: heartbeat_snapshot wifi_ip= tl_ip=192.168.3.10 sn= battery=26 battery_source=sdk battery_default=false charging=false state=1 uwb=0 pose=(3.692,18.867,-0.001) pose_source=sensor_pose2d pose_stale=false source=sensor_pose2d
[2026-08-29 17:43:25.920] [info] [INFO] [1787996605.920636303] [mqtt_gateway_node]: heartbeat_snapshot wifi_ip= tl_ip=192.168.3.10 sn= battery=26 battery_source=sdk battery_default=false charging=false state=1 uwb=0 pose=(3.414,19.815,-0.001) pose_source=sensor_pose2d pose_stale=false source=sensor_pose2d
[2026-08-29 17:43:30.920] [info] [INFO] [1787996610.920827014] [mqtt_gateway_node]: heartbeat_snapshot wifi_ip= tl_ip=192.168.3.10 sn= battery=26 battery_source=sdk battery_default=false charging=false state=1 uwb=0 pose=(3.585,19.860,-0.001) pose_source=sensor_pose2d pose_stale=false source=sensor_pose2d
[2026-08-29 17:43:35.921] [info] [INFO] [1787996615.921089767] [mqtt_gateway_node]: heartbeat_snapshot wifi_ip= tl