1787992891: mosquitto version 2.0.11 starting
1787992891: Config loaded from /opt/linkswarm_mosquitto/config/linkswarm_mosquitto.conf.
1787992891: Opening ipv4 listen socket on port 1883.
1787992891: mosquitto version 2.0.11 running
1787992892: New connection from 192.168.3.24:61901 on port 1883.
1787992892: New client connected from 192.168.3.24:61901 as link-pulse-de61d472-1206-4772-8bcf-61a6f4291198 (p1, c1, k5).
1787992892: No will message specified.
1787992892: Sending CONNACK to link-pulse-de61d472-1206-4772-8bcf-61a6f4291198 (0, 0)
1787992892: Received SUBSCRIBE from link-pulse-de61d472-1206-4772-8bcf-61a6f4291198
1787992892: 	aimrt_rpc_rsp/linkswarm_manager/# (QoS 0)
1787992892: link-pulse-de61d472-1206-4772-8bcf-61a6f4291198 0 aimrt_rpc_rsp/linkswarm_manager/#
1787992892: Sending SUBACK to link-pulse-de61d472-1206-4772-8bcf-61a6f4291198
1787992892: Received SUBSCRIBE from link-pulse-de61d472-1206-4772-8bcf-61a6f4291198
1787992892: 	/channel/%2Faima%2Flinkswarm%2Fheartbeat/pb%3Alinkswarm.protocol.LinkSwarmHeartbeatChannel (QoS 0)
1787992892: link-pulse-de61d472-1206-4772-8bcf-61a6f4291198 0 /channel/%2Faima%2Flinkswarm%2Fheartbeat/pb%3Alinkswarm.protocol.LinkSwarmHeartbeatChannel
1787992892: Sending SUBACK to link-pulse-de61d472-1206-4772-8bcf-61a6f4291198
1787992892: Received PUBLISH from link-pulse-de61d472-1206-4772-8bcf-61a6f4291198 (d0, q0, r0, m0, 'aimrt_rpc_req/linkswarm_manager/%2Flinkswarm.protocol.LinkSwarmRobotService%2FTimeSync', ... (243 bytes))
1787992892: Received PUBLISH from link-pulse-de61d472-1206-4772-8bcf-61a6f4291198 (d0, q0, r0, m0, 'aimrt_rpc_req/linkswarm_manager/%2Flinkswarm.protocol.LinkSwarmRobotService%2FGetRobotConfig', ... (249 bytes))
1787992895: Received PINGREQ from link-pulse-de61d472-1206-4772-8bcf-61a6f4291198
1787992895: Sending PINGRESP to link-pulse-de61d472-1206-4772-8bcf-61a6f4291198
1787992895: Received PUBLISH from link-pulse-de61d472-1206-4772-8bcf-61a6f4291198 (d0, q0, r0, m0, 'aimrt_rpc_req/linkswarm_manager/%2Flinkswarm.protocol.LinkSwarmRobotService%2FSetHeartbeatFrequency', ... (265 bytes))
1787992897: Received PUBLISH from link-pulse-de61d472-1206-4772-8bcf-61a6f4291198 (d0, q0, r0, m0, 'aimrt_rpc_req/linkswarm_manager/%2Flinkswarm.protocol.LinkSwarmRobotService%2FTimeSync', ... (243 bytes))
1787992897: New connection from 127.0.0.1:32860 on port 1883.
1787992897: New client connected from 127.0.0.1:32860 as linkswarm_mqtt_gateway (p2, c1, k10).
1787992897: No will message specified.
1787992897: Sending CONNACK to linkswarm_mqtt_gateway (0, 0)
1787992897: Received SUBSCRIBE from linkswarm_mqtt_gateway
1787992897: 	aimrt_rpc_req/linkswarm_manager/%2Flinkswarm.protocol.LinkSwarmRobotService%2FTimeSync (QoS 2)
1787992897: linkswarm_mqtt_gateway 2 aimrt_rpc_req/linkswarm_manager/%2Flinkswarm.protocol.LinkSwarmRobotService%2FTimeSync
1787992897: Sending SUBACK to linkswarm_mqtt_gateway
1787992897: Received SUBSCRIBE from linkswarm_mqtt_gateway
1787992897: 	aimrt_rpc_req/linkswarm_manager/%2Flinkswarm.protocol.LinkSwarmRobotService%2FSetHeartbeatFrequency (QoS 2)
1787992897: linkswarm_mqtt_gateway 2 aimrt_rpc_req/linkswarm_manager/%2Flinkswarm.protocol.LinkSwarmRobotService%2FSetHeartbeatFrequency
1787992897: Sending SUBACK to linkswarm_mqtt_gateway
1787992897: Received SUBSCRIBE from linkswarm_mqtt_gateway
1787992897: 	aimrt_rpc_req/linkswarm_manager/%2Flinkswarm.protocol.LinkSwarmRobotService%2FGetHeartbeat (QoS 2)
1787992897: linkswarm_mqtt_gateway 2 aimrt_rpc_req/linkswarm_manager/%2Flinkswarm.protocol.LinkSwarmRobotService%2FGetHeartbeat
1787992897: Sending SUBACK to linkswarm_mqtt_gateway
1787992897: Received SUBSCRIBE from linkswarm_mqtt_gateway
1787992897: 	aimrt_rpc_req/linkswarm_manager/%2Flinkswarm.protocol.LinkSwarmRobotService%2FSetGroupControlMode (QoS 2)
1787992897: linkswarm_mqtt_gateway 2 aimrt_rpc_req/linkswarm_manager/%2Flinkswarm.protocol.LinkSwarmRobotService%2FSetGroupControlMode
1787992897: Sending SUBACK to linkswarm_mqtt_gateway
1787992897: Received SUBSCRIBE from linkswarm_mqtt_gateway
1787992897: 	aimrt_rpc_req/linkswarm_manager/%2Flinkswarm.protocol.LinkSwarmRobotService%2FGetRobotConfig (QoS 2)
1787992897: linkswarm_mqtt_gateway 2 aimrt_rpc_req/linkswarm_manager/%2Flinkswarm.protocol.LinkSwarmRobotService%2FGetRobotConfig
1787992897: Sending SUBACK to linkswarm_mqtt_gateway
1787992897: Received SUBSCRIBE from linkswarm_mqtt_gateway
1787992897: 	aimrt_rpc_req/linkswarm_manager/%2Flinkswarm.protocol.LinkSwarmRobotService%2FHealthDiagnosis (QoS 2)
1787992897: linkswarm_mqtt_gateway 2 aimrt_rpc_req/linkswarm_manager/%2Flinkswarm.protocol.LinkSwarmRobotService%2FHealthDiagnosis
1787992897: Sending SUBACK to linkswarm_mqtt_gateway
1787992897: Received SUBSCRIBE from linkswarm_mqtt_gateway
1787992897: 	aimrt_rpc_req/linkswarm_manager/%2Flinkswarm.protocol.LinkSwarmRobotService%2FGetRobotInfo (QoS 2)
1787992897: linkswarm_mqtt_gateway 2 aimrt_rpc_req/linkswarm_manager/%2Flinkswarm.protocol.LinkSwarmRobotService%2FGetRobotInfo
1787992897: Sending SUBACK to linkswarm_mqtt_gateway
1787992897: Received SUBSCRIBE from linkswarm_mqtt_gateway
1787992897: 	aimrt_rpc_req/linkswarm_manager/%2Flinkswarm.protocol.LinkSwarmRobotService%2FInitImu (QoS 2)
1787992897: linkswarm_mqtt_gateway 2 aimrt_rpc_req/linkswarm_manager/%2Flinkswarm.protocol.LinkSwarmRobotService%2FInitImu
1787992897: Sending SUBACK to linkswarm_mqtt_gateway
1787992897: Received SUBSCRIBE from linkswarm_mqtt_gateway
1787992897: 	aimrt_rpc_req/linkswarm_manager/%2Flinkswarm.protocol.LinkSwarmTaskService%2FCreateTask (QoS 2)
1787992897: linkswarm_mqtt_gateway 2 aimrt_rpc_req/linkswarm_manager/%2Flinkswarm.protocol.LinkSwarmTaskService%2FCreateTask
1787992897: Sending SUBACK to linkswarm_mqtt_gateway
1787992897: Received SUBSCRIBE from linkswarm_mqtt_gateway
1787992897: 	aimrt_rpc_req/linkswarm_manager/%2Flinkswarm.protocol.LinkSwarmTaskService%2FExecuteTask (QoS 2)
1787992897: linkswarm_mqtt_gateway 2 aimrt_rpc_req/linkswarm_manager/%2Flinkswarm.protocol.LinkSwarmTaskService%2FExecuteTask
1787992897: Sending SUBACK to linkswarm_mqtt_gateway
1787992897: Received SUBSCRIBE from linkswarm_mqtt_gateway
1787992897: 	aimrt_rpc_req/linkswarm_manager/%2Flinkswarm.protocol.LinkSwarmTaskService%2FStopTask (QoS 2)
1787992897: linkswarm_mqtt_gateway 2 aimrt_rpc_req/linkswarm_manager/%2Flinkswarm.protocol.LinkSwarmTaskService%2FStopTask
1787992897: Sending SUBACK to linkswarm_mqtt_gateway
1787992897: Received PUBLISH from linkswarm_mqtt_gateway (d0, q0, r0, m0, '/channel/%2Faima%2Flinkswarm%2Fheartbeat/pb%3Alinkswarm.protocol.LinkSwarmHeartbeatChannel', ... (83 bytes))
1787992897: Sending PUBLISH to link-pulse-de61d472-1206-4772-8bcf-61a6f4291198 (d0, q0, r0, m0, '/channel/%2Faima%2Flinkswarm%2Fheartbeat/pb%3Alinkswarm.protocol.LinkSwarmHeartbeatChannel', ... (83 bytes))
1787992900: Received PINGREQ from link-pulse-de61d472-1206-4772-8bcf-61a6f4291198
1787992900: Sending PINGRESP to link-pulse-de61d472-1206-4772-8bcf-61a6f4291198
1787992902: Received PUBLISH from link-pulse-de61d472-1206-4772-8bcf-61a6f4291198 (d0, q0, r0, m0, 'aimrt_rpc_req/linkswarm_manager/%2Flinkswarm.protocol.LinkSwarmRobotService%2FTimeSync', ... (243 bytes))
1787992902: Sending PUBLISH to linkswarm_mqtt_gateway (d0, q0, r0, m0, 'aimrt_rpc_req/linkswarm_manager/%2Flinkswarm.protocol.LinkSwarmRobotService%2FTimeSync', ... (243 bytes))
1787992902: Received PUBLISH from linkswarm_mqtt_gateway (d0, q2, r0, m13, 'aimrt_rpc_rsp/linkswarm_manager/%2Flinkswarm.protocol.LinkSwarmRobotService%2FTimeSync', ... (139 bytes))
1787992902: Sending PUBREC to linkswarm_mqtt_gateway (m13, rc0)
1787992902: Received PUBREL from linkswarm_mqtt_gateway (Mid: 13)
1787992902: Sending PUBLISH to link-pulse-de61d472-1206-4772-8bcf-61a6f4291198 (d0, q0, r0, m0, 'aimrt_rpc_rsp/linkswarm_manager/%2Flinkswarm.protocol.LinkSwarmRobotService%2FTimeSync', ... (139 bytes))
1787992902: Sending PUBCOMP to linkswarm_mqtt_gateway (m13)
1787992902: Received PUBLISH from link-pulse-de61d472-1206-4772-8bcf-61a6f4291198 (d0, q0, r0, m0, 'aimrt_rpc_req/linkswarm_manager/%2Flinkswarm.protocol.LinkSwarmRobotService%2FTimeSync', ... (243 bytes))
1787992902: Sending PUBLISH to linkswarm_mqtt_gateway (d0, q0, r0, m0, 'aimrt_rpc_req/linkswarm_manager/%2Flinkswarm.protocol.LinkSwarmRobotService%2FTimeSync', ... (243 bytes))
1787992902: Received PUBLISH from linkswarm_mqtt_gateway (d0, q2, r0, m14, 'aimrt_rpc_rsp/linkswarm_manager/%2Flinkswarm.protocol.LinkSwarmRobotService%2FTimeSync', ... (139 bytes))
1787992902: Sending PUBREC to linkswarm_mqtt_gateway (m14, rc0)
1787992902: Received PUBREL from linkswarm_mqtt_gateway (Mid: 14)
1787992902: Sending PUBLISH to link-pulse-de61d472-1206-4772-8bcf-61a6f4291198 (d0, q0, r0, m0, 'aimrt_rpc_rsp/linkswarm_manager/%2Flinkswarm.protocol.LinkSwarmRobotService%2FTimeSync', ... (139 bytes))
1787992902: Sending PUBCOMP to linkswarm_mqtt_gateway (m14)
1787992902: Received PUBLISH from link-pulse-de61d472-1206-4772-8bcf-61a6f4291198 (d0, q0, r0, m0, 'aimrt_rpc_req/linkswarm_manager/%2Flinkswarm.protocol.LinkSwarmRobotService%2FTimeSync', ... (243 bytes))
1787992902: Sending PUBLISH to linkswarm_mqtt_gateway (d0, q0, r0, m0, 'aimrt_rpc_req/linkswarm_manager/%2Flinkswarm.protocol.LinkSwarmRobotService%2FTimeSync', ... (243 bytes))
1787992902: Received PUBLISH from linkswarm_mqtt_gateway (d0, q2, r0, m15, 'aimrt_rpc_rsp/linkswarm_manager/%2Flinkswarm.protocol.LinkSwarmRobotService%2FTimeSync', ... (139 bytes))
1787992902: Sending PUBREC to linkswarm_mqtt_gateway (m15, rc0)
1787992902: Received PUBREL from linkswarm_mqtt_gateway (Mid: 15)
1787992902: Sending PUBLISH to link-pulse-de61d472-1206-4772-8bcf-61a6f4291198 (d0, q0, r0, m0, 'aimrt_rpc_rsp/linkswarm_manager/%2Flinkswarm.protocol.LinkSwarmRobotService%2FTimeSync', ... (139 bytes))
1787992902: Sending PUBCOMP to linkswarm_mqtt_gateway (m15)
1787992902: Received PUBLISH from link-pulse-de61d472-1206-4772-8bcf-61a6f4291198 (d0, q0, r0, m0, 'aimrt_rpc_req/linkswarm_manager/%2Flinkswarm.protocol.LinkSwarmRobotService%2FTimeSync', ... (243 bytes))
1787992902: Sending PUBLISH to linkswarm_mqtt_gateway (d0, q0, r0, m0, 'aimrt_rpc_req/linkswarm_manager/%2Flinkswarm.protocol.LinkSwarmRobotService%2FTimeSync', ... (243 bytes))
1787992902: Received PUBLISH from linkswarm_mqtt_gateway (d0, q0, r0, m0, '/channel/%2Faima%2Flinkswarm%2Fheartbeat/pb%3Alinkswarm.protocol.LinkSwarmHeartbeatChannel', ... (85 bytes))
1787992902: Sending PUBLISH to link-pulse-de61d472-1206-4772-8bcf-61a6f4291198 (d0, q0, r0, m0, '/channel/%2Faima%2Flinkswarm%2Fheartbeat/pb%3Alinkswarm.protocol.LinkSwarmHeartbeatChannel', ... (85 bytes))
1787992902: Received PUBLISH from linkswarm_mqtt_gateway (d0, q2, r0, m17, 'aimrt_rpc_rsp/linkswarm_manager/%2Flinkswarm.protocol.LinkSwarmRobotService%2FTimeSync', ... (139 bytes))
1787992902: Sending PUBREC to linkswarm_mqtt_gateway (m17, rc0)
1787992902: Received PUBREL from linkswarm_mqtt_gateway (Mid: 17)
1787992902: Sending PUBLISH to link-pulse-de61d472-1206-4772-8bcf-61a6f4291198 (d0, q0, r0, m0, 'aimrt_rpc_rsp/linkswarm_manager/%2Flinkswarm.protocol.LinkSwarmRobotService%2FTimeSync', ... (139 bytes))
1787992902: Sending PUBCOMP to linkswarm_mqtt_gateway (m17)
1787992902: Received PUBLISH from link-pulse-de61d472-1206-4772-8bcf-61a6f4291198 (d0, q0, r0, m0, 'aimrt_rpc_req/linkswarm_manager/%2Flinkswarm.protocol.LinkSwarmRobotService%2FTimeSync', ... (243 bytes))
1787992902: Sending PUBLISH to linkswarm_mqtt_gateway (d0, q0, r0, m0, 'aimrt_rpc_req/linkswarm_manager/%2Flinkswarm.protocol.LinkSwarmRobotService%2FTimeSync', ... (243 bytes))
1787992902: Received PUBLISH from linkswarm_mqtt_gateway (d0, q2, r0, m18, 'aimrt_rpc_rsp/linkswarm_manager/%2Flinkswarm.protocol.LinkSwarmRobotService%2FTimeSync', ... (139 bytes))
1787992902: Sending PUBREC to linkswarm_mqtt_gateway (m18, rc0)
1787992902: Received PUBREL from linkswarm_mqtt_gateway (Mid: 18)
1787992902: Sending PUBLISH to link-pulse-de61d472-1206-4772-8bcf-61a6f4291198 (d0, q0, r0, m0, 'aimrt_rpc_rsp/linkswarm_manager/%2Flinkswarm.protocol.LinkSwarmRobotService%2FTimeSync', ... (139 bytes))
1787992902: Sending PUBCOMP to linkswarm_mqtt_gateway (m18)
1787992902: Received PUBLISH from link-pulse-de61d472-1206-4772-8bcf-61a6f4291198 (d0, q0, r0, m0, 'aimrt_rpc_req/linkswarm_manager/%2Flinkswarm.protocol.LinkSwarmRobotService%2FTimeSync', ... (242 bytes))
1787992902: Sending PUBLISH to linkswarm_mqtt_gateway (d0, q0, r0, m0, 'aimrt_rpc_req/linkswarm_manager/%2Flinkswarm.protocol.LinkSwarmRobotService%2FTimeSync', ... (242 bytes))
1787992902: Received PUBLISH from linkswarm_mqtt_gateway (d0, q2, r0, m19, 'aimrt_rpc_rsp/linkswarm_manager/%2Flinkswarm.protocol.LinkSwarmRobotService%2FTimeSync', ... (139 bytes))
1787992902: Sending PUBREC to linkswarm_mqtt_gateway (m19, rc0)
1787992902: Received PUBREL from linkswarm_mqtt_gateway (Mid: 19)
1787992902: Sending PUBLISH to link-pulse-de61d472-1206-4772-8bcf-61a6f4291198 (d0, q0, r0, m0, 'aimrt_rpc_rsp/linkswarm_manager/%2Flinkswarm.protocol.LinkSwarmRobotService%2FTimeSync', ... (139 bytes))
1787992902: Sending PUBCOMP to linkswarm_mqtt_gateway (m19)
1787992902: Received PUBLISH from link-pulse-de61d472-1206-4772-8bcf-61a6f4291198 (d0, q0, r0, m0, 'aimrt_rpc_req/linkswarm_manager/%2Flinkswarm.protocol.LinkSwarmRobotService%2FTimeSync', ... (242 bytes))
1787992902: Sending PUBLISH to linkswarm_mqtt_gateway (d0, q0, r0, m0, 'aimrt_rpc_req/linkswarm_manager/%2Flinkswarm.protocol.LinkSwarmRobotService%2FTimeSync', ... (242 bytes))
1787992902: Received PUBLISH from linkswarm_mqtt_gateway (d0, q2, r0, m20, 'aimrt_rpc_rsp/linkswarm_manager/%2Flinkswarm.protocol.LinkSwarmRobotService%2FTimeSync', ... (139 bytes))
1787992902: Sending PUBREC to linkswarm_mqtt_gateway (m20, rc0)
1787992902: Received PUBREL from linkswarm_mqtt_gateway (Mid: 20)
1787992902: Sending PUBLISH to link-pulse-de61d472-1206-4772-8bcf-61a6f4291198 (d0, q0, r0, m0, 'aimrt_rpc_rsp/linkswarm_manager/%2Flinkswarm.protocol.LinkSwarmRobotService%2FTimeSync', ... (139 bytes))
1787992902: Sending PUBCOMP to linkswarm_mqtt_gateway (m20)
1787992902: Received PUBLISH from link-pulse-de61d472-1206-4772-8bcf-61a6f4291198 (d0, q0, r0, m0, 'aimrt_rpc_req/linkswarm_manager/%2Flinkswarm.protocol.LinkSwarmRobotService%2FTimeSync', ... (242 bytes))
1787992902: Sending PUBLISH to linkswarm_mqtt_gateway (d0, q0, r0, m0, 'aimrt_rpc_req/linkswarm_manager/%2Flinkswarm.protocol.LinkSwarmRobotService%2FTimeSync', ... (242 bytes))
1787992902: Received PUBLISH from linkswarm_mqtt_gateway (d0, q2, r0, m21, 'aimrt_rpc_rsp/linkswarm_manager/%2Flinkswarm.protocol.LinkSwarmRobotService%2FTimeSync', ... (139 bytes))
1787992902: Sending PUBREC to linkswarm_mqtt_gateway (m21, rc0)
1787992902: Received PUBREL from linkswarm_mqtt_gateway (Mid: 21)
1787992902: Sending PUBLISH to link-pulse-de61d472-1206-4772-8bcf-61a6f4291198 (d0, q0, r0, m0, 'aimrt_rpc_rsp/linkswarm_manager/%2Flinkswarm.protocol.LinkSwarmRobotService%2FTimeSync', ... (139 bytes))
1787992902: Sending PUBCOMP to linkswarm_mqtt_gateway (m21)
1787992902: Received PUBLISH from link-pulse-de61d472-1206-4772-8bcf-61a6f4291198 (d0, q0, r0, m0, 'aimrt_rpc_req/linkswarm_manager/%2Flinkswarm.protocol.LinkSwarmRobotService%2FTimeSync', ... (242 bytes))
1787992902: Sending PUBLISH to linkswarm_mqtt_gateway (d0, q0, r0, m0, 'aimrt_rpc_req/linkswarm_manager/%2Flinkswarm.protocol.LinkSwarmRobotService%2FTimeSync', ... (242 bytes))
1787992902: Received PUBLISH from linkswarm_mqtt_gateway (d0, q2, r0, m22, 'aimrt_rpc_rsp/linkswarm_manager/%2Flinkswarm.protocol.LinkSwarmRobotService%2FTimeSync', ... (139 bytes))
1787992902: Sending PUBREC to linkswarm_mqtt_gateway (m22, rc0)
1787992902: Received PUBREL from linkswarm_mqtt_gateway (Mid: 22)
1787992902: Sending PUBLISH to link-pulse-de61d472-1206-4772-8bcf-61a6f4291198 (d0, q0, r0, m0, 'aimrt_rpc_rsp/linkswarm_manager/%2Flinkswarm.protocol.LinkSwarmRobotService%2FTimeSync', ... (139 bytes))
1787992902: Sending PUBCOMP to linkswarm_mqtt_gateway (m22)
1787992902: Received PUBLISH from link-pulse-de61d472-1206-4772-8bcf-61a6f4291198 (d0, q0, r0, m0, 'aimrt_rpc_req/linkswarm_manager/%2Flinkswarm.protocol.LinkSwarmRobotService%2FTimeSync', ... (242 bytes))
1787992902: Sending PUBLISH to linkswarm_mqtt_gateway (d0, q0, r0, m0, 'aimrt_rpc_req/linkswarm_manager/%2Flinkswarm.protocol.LinkSwarmRobotService%2FTimeSync', ... (242 bytes))
1787992902: Received PUBLISH from linkswarm_mqtt_gateway (d0, q2, r0, m23, 'aimrt_rpc_rsp/linkswarm_manager/%2Flinkswarm.protocol.LinkSwarmRobotService%2FTimeSync', ... (139 bytes))
1787992902: Sending PUBREC to linkswarm_mqtt_gateway (m23, rc0)
1787992902: Received PUBREL from linkswarm_mqtt_gateway (Mid: 23)
1787992902: Sending PUBLISH to link-pulse-de61d472-1206-4772-8bcf-61a6f4291198 (d0, q0, r0, m0, 'aimrt_rpc_rsp/linkswarm_manager/%2Flinkswarm.protocol.LinkSwarmRobotService%2FTimeSync', ... (139 bytes))
1787992902: Sending PUBCOMP to linkswarm_mqtt_gateway (m23)
1787992905: Received PINGREQ from link-pulse-de61d472-1206-4772-8bcf-61a6f4291198
1787992905: Sending PINGRESP to link-pulse-de61d472-1206-4772-8bcf-61a6f4291198
1787992907: mosquitto version 2.0.11 terminating
