1787992862: mosquitto version 2.0.11 starting
1787992862: Config loaded from /opt/linkswarm_mosquitto/config/linkswarm_mosquitto.conf.
1787992862: Opening ipv4 listen socket on port 1883.
1787992862: mosquitto version 2.0.11 running
1787992867: New connection from 127.0.0.1:44910 on port 1883.
1787992867: New client connected from 127.0.0.1:44910 as linkswarm_mqtt_gateway (p2, c1, k10).
1787992867: No will message specified.
1787992867: Sending CONNACK to linkswarm_mqtt_gateway (0, 0)
1787992867: Received SUBSCRIBE from linkswarm_mqtt_gateway
1787992867: 	aimrt_rpc_req/linkswarm_manager/%2Flinkswarm.protocol.LinkSwarmRobotService%2FTimeSync (QoS 2)
1787992867: linkswarm_mqtt_gateway 2 aimrt_rpc_req/linkswarm_manager/%2Flinkswarm.protocol.LinkSwarmRobotService%2FTimeSync
1787992867: Sending SUBACK to linkswarm_mqtt_gateway
1787992867: Received SUBSCRIBE from linkswarm_mqtt_gateway
1787992867: 	aimrt_rpc_req/linkswarm_manager/%2Flinkswarm.protocol.LinkSwarmRobotService%2FSetHeartbeatFrequency (QoS 2)
1787992867: linkswarm_mqtt_gateway 2 aimrt_rpc_req/linkswarm_manager/%2Flinkswarm.protocol.LinkSwarmRobotService%2FSetHeartbeatFrequency
1787992867: Sending SUBACK to linkswarm_mqtt_gateway
1787992867: Received SUBSCRIBE from linkswarm_mqtt_gateway
1787992867: 	aimrt_rpc_req/linkswarm_manager/%2Flinkswarm.protocol.LinkSwarmRobotService%2FGetHeartbeat (QoS 2)
1787992867: linkswarm_mqtt_gateway 2 aimrt_rpc_req/linkswarm_manager/%2Flinkswarm.protocol.LinkSwarmRobotService%2FGetHeartbeat
1787992867: Sending SUBACK to linkswarm_mqtt_gateway
1787992867: Received SUBSCRIBE from linkswarm_mqtt_gateway
1787992867: 	aimrt_rpc_req/linkswarm_manager/%2Flinkswarm.protocol.LinkSwarmRobotService%2FSetGroupControlMode (QoS 2)
1787992867: linkswarm_mqtt_gateway 2 aimrt_rpc_req/linkswarm_manager/%2Flinkswarm.protocol.LinkSwarmRobotService%2FSetGroupControlMode
1787992867: Sending SUBACK to linkswarm_mqtt_gateway
1787992867: Received SUBSCRIBE from linkswarm_mqtt_gateway
1787992867: 	aimrt_rpc_req/linkswarm_manager/%2Flinkswarm.protocol.LinkSwarmRobotService%2FGetRobotConfig (QoS 2)
1787992867: linkswarm_mqtt_gateway 2 aimrt_rpc_req/linkswarm_manager/%2Flinkswarm.protocol.LinkSwarmRobotService%2FGetRobotConfig
1787992867: Sending SUBACK to linkswarm_mqtt_gateway
1787992867: Received SUBSCRIBE from linkswarm_mqtt_gateway
1787992867: 	aimrt_rpc_req/linkswarm_manager/%2Flinkswarm.protocol.LinkSwarmRobotService%2FHealthDiagnosis (QoS 2)
1787992867: linkswarm_mqtt_gateway 2 aimrt_rpc_req/linkswarm_manager/%2Flinkswarm.protocol.LinkSwarmRobotService%2FHealthDiagnosis
1787992867: Sending SUBACK to linkswarm_mqtt_gateway
1787992867: Received SUBSCRIBE from linkswarm_mqtt_gateway
1787992867: 	aimrt_rpc_req/linkswarm_manager/%2Flinkswarm.protocol.LinkSwarmRobotService%2FGetRobotInfo (QoS 2)
1787992867: linkswarm_mqtt_gateway 2 aimrt_rpc_req/linkswarm_manager/%2Flinkswarm.protocol.LinkSwarmRobotService%2FGetRobotInfo
1787992867: Sending SUBACK to linkswarm_mqtt_gateway
1787992867: Received SUBSCRIBE from linkswarm_mqtt_gateway
1787992867: 	aimrt_rpc_req/linkswarm_manager/%2Flinkswarm.protocol.LinkSwarmRobotService%2FInitImu (QoS 2)
1787992867: linkswarm_mqtt_gateway 2 aimrt_rpc_req/linkswarm_manager/%2Flinkswarm.protocol.LinkSwarmRobotService%2FInitImu
1787992867: Sending SUBACK to linkswarm_mqtt_gateway
1787992867: Received SUBSCRIBE from linkswarm_mqtt_gateway
1787992867: 	aimrt_rpc_req/linkswarm_manager/%2Flinkswarm.protocol.LinkSwarmTaskService%2FCreateTask (QoS 2)
1787992867: linkswarm_mqtt_gateway 2 aimrt_rpc_req/linkswarm_manager/%2Flinkswarm.protocol.LinkSwarmTaskService%2FCreateTask
1787992867: Sending SUBACK to linkswarm_mqtt_gateway
1787992867: Received SUBSCRIBE from linkswarm_mqtt_gateway
1787992867: 	aimrt_rpc_req/linkswarm_manager/%2Flinkswarm.protocol.LinkSwarmTaskService%2FExecuteTask (QoS 2)
1787992867: linkswarm_mqtt_gateway 2 aimrt_rpc_req/linkswarm_manager/%2Flinkswarm.protocol.LinkSwarmTaskService%2FExecuteTask
1787992867: Sending SUBACK to linkswarm_mqtt_gateway
1787992867: Received SUBSCRIBE from linkswarm_mqtt_gateway
1787992867: 	aimrt_rpc_req/linkswarm_manager/%2Flinkswarm.protocol.LinkSwarmTaskService%2FStopTask (QoS 2)
1787992867: linkswarm_mqtt_gateway 2 aimrt_rpc_req/linkswarm_manager/%2Flinkswarm.protocol.LinkSwarmTaskService%2FStopTask
1787992867: Sending SUBACK to linkswarm_mqtt_gateway
1787992867: Received PUBLISH from linkswarm_mqtt_gateway (d0, q0, r0, m0, '/channel/%2Faima%2Flinkswarm%2Fheartbeat/pb%3Alinkswarm.protocol.LinkSwarmHeartbeatChannel', ... (85 bytes))
1787992872: Received PUBLISH from linkswarm_mqtt_gateway (d0, q0, r0, m0, '/channel/%2Faima%2Flinkswarm%2Fheartbeat/pb%3Alinkswarm.protocol.LinkSwarmHeartbeatChannel', ... (85 bytes))
1787992874: New connection from 192.168.3.24:50315 on port 1883.
1787992874: New client connected from 192.168.3.24:50315 as link-pulse-de61d472-1206-4772-8bcf-61a6f4291198 (p1, c1, k5).
1787992874: No will message specified.
1787992874: Sending CONNACK to link-pulse-de61d472-1206-4772-8bcf-61a6f4291198 (0, 0)
1787992874: Received SUBSCRIBE from link-pulse-de61d472-1206-4772-8bcf-61a6f4291198
1787992874: 	aimrt_rpc_rsp/linkswarm_manager/# (QoS 0)
1787992874: link-pulse-de61d472-1206-4772-8bcf-61a6f4291198 0 aimrt_rpc_rsp/linkswarm_manager/#
1787992874: Sending SUBACK to link-pulse-de61d472-1206-4772-8bcf-61a6f4291198
1787992874: Received SUBSCRIBE from link-pulse-de61d472-1206-4772-8bcf-61a6f4291198
1787992874: 	/channel/%2Faima%2Flinkswarm%2Fheartbeat/pb%3Alinkswarm.protocol.LinkSwarmHeartbeatChannel (QoS 0)
1787992874: link-pulse-de61d472-1206-4772-8bcf-61a6f4291198 0 /channel/%2Faima%2Flinkswarm%2Fheartbeat/pb%3Alinkswarm.protocol.LinkSwarmHeartbeatChannel
1787992874: Sending SUBACK to link-pulse-de61d472-1206-4772-8bcf-61a6f4291198
1787992874: Received PUBLISH from link-pulse-de61d472-1206-4772-8bcf-61a6f4291198 (d0, q0, r0, m0, 'aimrt_rpc_req/linkswarm_manager/%2Flinkswarm.protocol.LinkSwarmTaskService%2FCreateTask', ... (89367 bytes))
1787992874: Sending PUBLISH to linkswarm_mqtt_gateway (d0, q0, r0, m0, 'aimrt_rpc_req/linkswarm_manager/%2Flinkswarm.protocol.LinkSwarmTaskService%2FCreateTask', ... (89367 bytes))
1787992874: Received PUBLISH from link-pulse-de61d472-1206-4772-8bcf-61a6f4291198 (d0, q0, r0, m0, 'aimrt_rpc_req/linkswarm_manager/%2Flinkswarm.protocol.LinkSwarmRobotService%2FGetRobotConfig', ... (249 bytes))
1787992874: Sending PUBLISH to linkswarm_mqtt_gateway (d0, q0, r0, m0, 'aimrt_rpc_req/linkswarm_manager/%2Flinkswarm.protocol.LinkSwarmRobotService%2FGetRobotConfig', ... (249 bytes))
1787992874: Received PUBLISH from linkswarm_mqtt_gateway (d0, q2, r0, m14, 'aimrt_rpc_rsp/linkswarm_manager/%2Flinkswarm.protocol.LinkSwarmRobotService%2FGetRobotConfig', ... (145 bytes))
1787992874: Sending PUBREC to linkswarm_mqtt_gateway (m14, rc0)
1787992874: Received PUBREL from linkswarm_mqtt_gateway (Mid: 14)
1787992874: Sending PUBLISH to link-pulse-de61d472-1206-4772-8bcf-61a6f4291198 (d0, q0, r0, m0, 'aimrt_rpc_rsp/linkswarm_manager/%2Flinkswarm.protocol.LinkSwarmRobotService%2FGetRobotConfig', ... (145 bytes))
1787992874: Sending PUBCOMP to linkswarm_mqtt_gateway (m14)
1787992874: Received PUBLISH from linkswarm_mqtt_gateway (d0, q2, r0, m15, 'aimrt_rpc_rsp/linkswarm_manager/%2Flinkswarm.protocol.LinkSwarmTaskService%2FCreateTask', ... (168 bytes))
1787992874: Sending PUBREC to linkswarm_mqtt_gateway (m15, rc0)
1787992874: Received PUBREL from linkswarm_mqtt_gateway (Mid: 15)
1787992874: Sending PUBLISH to link-pulse-de61d472-1206-4772-8bcf-61a6f4291198 (d0, q0, r0, m0, 'aimrt_rpc_rsp/linkswarm_manager/%2Flinkswarm.protocol.LinkSwarmTaskService%2FCreateTask', ... (168 bytes))
1787992874: Sending PUBCOMP to linkswarm_mqtt_gateway (m15)
1787992877: mosquitto version 2.0.11 terminating
