[bringup] cmd:
  ros2  run  d1_sensor_bridge  d1_sensor_bridge_node  --ros-args  --log-level  info  -p  auto_detect:=true  -p  topic_prefix:=/linkswarm_d1/sensors  -p  frame_id:=linkswarm_map  -p  imu_baud:=460800  -p  uwb_source_mode:=esp32_dual_uwb  -p  uwb_baud:=115200  -p  esp32_dual_uwb_baud:=921600  -p  esp32_dual_uwb_stale_timeout_ms:=300.0  -p  esp32_dual_uwb_host_position_filter_enabled:=false  -p  esp32_dual_uwb_yaw_correction_enabled:=false  -p  scan_timeout_sec:=3.0  -p  reject_uwb_error_code:=false  -p  reject_uwb_high_noise:=false  -p  pose_output_point:=base  -p  uwb_to_output_offset_x_m:=0.0  -p  uwb_to_output_offset_y_m:=0.0  -p  log_raw_uwb_pose:=true  -p  uwb_filter_enabled:=true  -p  uwb_filter_frame:=base  -p  uwb_filter_outlier_gate_enabled:=true  -p  uwb_filter_outlier_max_jump_m:=0.20  -p  uwb_filter_outlier_resync_after_reject_count:=3  -p  uwb_filter_lowpass_enabled:=true  -p  uwb_filter_lowpass_alpha:=0.35  -p  tianluo_netat_iface:=eth0  -p  tianluo_timeout_sec:=10.0  -p  tianluo_retries:=0  -p  tianluo_max_at_response_bytes:=80  -p  tianluo_netat_script:=tools/taixin_netat.py

[0m[INFO] [1787992834.409861786] [d1_sensor_bridge_node]: [d1_sensor_bridge] pose output config uwb_source_mode=esp32_dual_uwb pose_output_point=base uwb_to_output_offset=(0.000,0.000) effective_offset_enabled=false offset_reason=dual_uwb_body_center uwb_filter_enabled=true uwb_filter_frame=base uwb_filter_outlier_gate_enabled=true uwb_filter_outlier_max_jump_m=0.200 uwb_filter_outlier_resync_after_reject_count=3 uwb_filter_lowpass_enabled=true uwb_filter_lowpass_alpha=0.350 esp32_dual_uwb_port=<auto> esp32_dual_uwb_baud=921600 esp32_dual_uwb_stale_timeout_ms=300 esp32_dual_uwb_host_position_filter_enabled=false esp32_dual_uwb_yaw_correction_enabled=false[0m
[0m[INFO] [1787992834.410265744] [d1_sensor_bridge_node]: [d1_sensor_bridge] tianluo config enabled=true executor_mode=netat netat_iface=eth0 expected_ip=<auto> netat_script=tools/taixin_netat.py target_mac=<auto> timeout_sec=10.000 retries=0 ap_iface=ap0 sn_fallback=D1_UNKNOWN max_at_response_bytes=80 mask_secrets=true[0m
[0m[INFO] [1787992834.418646786] [d1_sensor_bridge_node]: [d1_sensor_bridge] subscribed yaw alignment offset topic=/linkswarm_d1/sensors/imu_yaw_alignment_offset[0m
[0m[INFO] [1787992834.419942369] [d1_sensor_bridge_node]: [d1_sensor_bridge] serial candidates: /dev/serial/by-id/usb-1a86_USB_Serial-if00-port0, /dev/serial/by-id/usb-1a86_USB_Single_Serial_5B90109609-if00, /dev/serial/by-id/usb-Espressif_USB_JTAG_serial_debug_unit_E8:F6:0A:14:C8:18-if00[0m
[0m[INFO] [1787992834.420037452] [d1_sensor_bridge_node]: [d1_sensor_bridge] detecting ESP32 dual UWB V3.1 baud=921600[0m
[0m[INFO] [1787992846.475235625] [d1_sensor_bridge_node]: [d1_sensor_bridge] scan UWB try port=/dev/serial/by-id/usb-1a86_USB_Serial-if00-port0 baud=921600[0m
[0m[INFO] [1787992846.475335083] [d1_sensor_bridge_node]: [d1_sensor_bridge] scan UWB port=/dev/serial/by-id/usb-1a86_USB_Serial-if00-port0 result=no_data_timeout bytes=0 reason=no data within 3s[0m
[0m[INFO] [1787992846.475356083] [d1_sensor_bridge_node]: [d1_sensor_bridge] scan UWB try port=/dev/serial/by-id/usb-1a86_USB_Single_Serial_5B90109609-if00 baud=921600[0m
[0m[INFO] [1787992846.475370666] [d1_sensor_bridge_node]: [d1_sensor_bridge] scan UWB port=/dev/serial/by-id/usb-1a86_USB_Single_Serial_5B90109609-if00 result=no_data_timeout bytes=0 reason=no data within 3s[0m
[0m[INFO] [1787992846.475387583] [d1_sensor_bridge_node]: [d1_sensor_bridge] scan UWB try port=/dev/serial/by-id/usb-Espressif_USB_JTAG_serial_debug_unit_E8:F6:0A:14:C8:18-if00 baud=921600[0m
[0m[INFO] [1787992846.475403333] [d1_sensor_bridge_node]: [d1_sensor_bridge] scan UWB port=/dev/serial/by-id/usb-Espressif_USB_JTAG_serial_debug_unit_E8:F6:0A:14:C8:18-if00 result=detected bytes=96 reason=valid ESP32 dual UWB V3.1 frame[0m
[0m[INFO] [1787992846.475420250] [d1_sensor_bridge_node]: [d1_sensor_bridge] detecting IMU baud=460800[0m
[0m[INFO] [1787992846.475435125] [d1_sensor_bridge_node]: [d1_sensor_bridge] scan IMU skip port=/dev/serial/by-id/usb-Espressif_USB_JTAG_serial_debug_unit_E8:F6:0A:14:C8:18-if00 reason=already used by UWB[0m
[0m[INFO] [1787992846.475467500] [d1_sensor_bridge_node]: [d1_sensor_bridge] scan IMU try port=/dev/serial/by-id/usb-1a86_USB_Serial-if00-port0 baud=460800[0m
[0m[INFO] [1787992846.475483250] [d1_sensor_bridge_node]: [d1_sensor_bridge] scan IMU port=/dev/serial/by-id/usb-1a86_USB_Serial-if00-port0 result=no_data_timeout bytes=0 reason=no data within 3s[0m
[0m[INFO] [1787992846.475499583] [d1_sensor_bridge_node]: [d1_sensor_bridge] scan IMU try port=/dev/serial/by-id/usb-1a86_USB_Single_Serial_5B90109609-if00 baud=460800[0m
[0m[INFO] [1787992846.475513875] [d1_sensor_bridge_node]: [d1_sensor_bridge] scan IMU port=/dev/serial/by-id/usb-1a86_USB_Single_Serial_5B90109609-if00 result=no_data_timeout bytes=0 reason=no data within 3s[0m
[31m[FATAL] [1787992846.475565791] [d1_sensor_bridge_node]: [d1_sensor_bridge] failed to detect IMU: scanned 2 ports, baud=460800[0m
[31m[FATAL] [1787992846.483736541] [d1_sensor_bridge_node]: failed to start: failed to detect IMU: scanned 2 ports, baud=460800[0m
[ros2run]: Process exited with failure 1
