[bringup] cmd:
  ros2  run  mqtt_gateway  mqtt_gateway_node  --run-log-dir  /home/firefly/workspace/zsibot/linkswarm_d1_ros2/logs/platform_sdk_bringup/20260829_164032  --ros-args  --log-level  info  -p  group_control_mode_default:=true  -p  sensor_uwb_timeout_ms:=3000.0

[0m[INFO] [1787992837.900379121] [mqtt_gateway_node]: MQTT parameters loaded host=127.0.0.1 port=1883 client_id=linkswarm_mqtt_gateway keepalive_sec=10 username_set=false[0m
[33m[WARN] [1787992837.901495329] [mqtt_gateway_node]: Heartbeat sn is empty; continuing because RobotHeartbeat.sn is optional for D1[0m
[0m[INFO] [1787992837.901571162] [mqtt_gateway_node]: Heartbeat tl_ip parameter is empty; Tianluo auto detection will use interface eth0[0m
[33m[WARN] [1787992837.901606162] [mqtt_gateway_node]: Heartbeat wifi_ip is empty after checking wlan0 and fallback parameters; platform diagnostics should flag this[0m
[0m[INFO] [1787992837.901623371] [mqtt_gateway_node]: Heartbeat defaults initialized sn= sn_source=empty wifi_ip= tl_ip= wifi_source=empty tianluo_interface=eth0 tl_ip_auto_detect=true tl_default_ip=192.168.168.168 tl_connected_requires_non_default_ip=true battery_percent=100 battery_charging=false battery_source=default uwb_status_code=1 pose_source=default[0m
[0m[INFO] [1787992837.902145162] [mqtt_gateway_node]: Robot management defaults loaded name= product=D1 model= interaction=false fall_detection=false volume=0 group_control_mode=true publish_pnc_capable=false[0m
[0m[INFO] [1787992837.902289246] [mqtt_gateway_node]: Tianluo tl_ip changed old_ip= new_ip=192.168.3.10 interface=eth0 source=interface[0m
[0m[INFO] [1787992837.902344079] [mqtt_gateway_node]: Tianluo tl_ip status interface=eth0 ip=192.168.3.10 source=interface tl_connected=true[0m
[0m[INFO] [1787992837.902388996] [mqtt_gateway_node]: Tianluo tl_ip auto detection initialized interface=eth0 default_ip=192.168.168.168 connected_requires_non_default_ip=true period_ms=1000[0m
[0m[INFO] [1787992837.902543579] [mqtt_gateway_node]: Tianshu USB presence changed connected=false path=/sys/class/net/eth1/device tl_connected_source=tianluo_ip_auto_detection[0m
[0m[INFO] [1787992837.902665787] [mqtt_gateway_node]: Tianshu USB presence detection initialized interface=eth1 override_path= period_ms=1000[0m
[0m[INFO] [1787992837.903599412] [mqtt_gateway_node]: Task audit logger started dir=/home/firefly/workspace/zsibot/linkswarm_d1_ros2/logs/platform_sdk_bringup/20260829_164032/task_audit[0m
[0m[INFO] [1787992837.908068037] [mqtt_gateway_node]: Heartbeat sensor pose source robot_state_topic=/linkswarm_d1/robot_state enabled=true sensor_uwb_timeout_ms=3000 task_status_topic=/motion_manager/task_status[0m
[0m[INFO] [1787992837.916068454] [mqtt_gateway_node]: Heartbeat scheduler started frequency_hz=0.200[0m
[0m[INFO] [1787992837.916335621] [mqtt_gateway_node]: MQTT client connecting to 127.0.0.1:1883 as linkswarm_mqtt_gateway[0m
[0m[INFO] [1787992837.916496329] [mqtt_gateway_node]: MQTT connected[0m
[0m[INFO] [1787992837.916545329] [mqtt_gateway_node]: MQTT subscribe requested topic=aimrt_rpc_req/linkswarm_manager/%2Flinkswarm.protocol.LinkSwarmRobotService%2FTimeSync qos=2 mid=1[0m
[0m[INFO] [1787992837.916571579] [mqtt_gateway_node]: MQTT subscribe requested topic=aimrt_rpc_req/linkswarm_manager/%2Flinkswarm.protocol.LinkSwarmRobotService%2FSetHeartbeatFrequency qos=2 mid=2[0m
[0m[INFO] [1787992837.916592579] [mqtt_gateway_node]: MQTT subscribe requested topic=aimrt_rpc_req/linkswarm_manager/%2Flinkswarm.protocol.LinkSwarmRobotService%2FGetHeartbeat qos=2 mid=3[0m
[0m[INFO] [1787992837.916609787] [mqtt_gateway_node]: MQTT subscribe requested topic=aimrt_rpc_req/linkswarm_manager/%2Flinkswarm.protocol.LinkSwarmRobotService%2FSetGroupControlMode qos=2 mid=4[0m
[0m[INFO] [1787992837.916628454] [mqtt_gateway_node]: MQTT subscribe requested topic=aimrt_rpc_req/linkswarm_manager/%2Flinkswarm.protocol.LinkSwarmRobotService%2FGetRobotConfig qos=2 mid=5[0m
[0m[INFO] [1787992837.916686204] [mqtt_gateway_node]: MQTT subscribe requested topic=aimrt_rpc_req/linkswarm_manager/%2Flinkswarm.protocol.LinkSwarmRobotService%2FHealthDiagnosis qos=2 mid=6[0m
[0m[INFO] [1787992837.916712746] [mqtt_gateway_node]: MQTT subscribe requested topic=aimrt_rpc_req/linkswarm_manager/%2Flinkswarm.protocol.LinkSwarmRobotService%2FGetRobotInfo qos=2 mid=7[0m
[0m[INFO] [1787992837.916773996] [mqtt_gateway_node]: MQTT subscribe requested topic=aimrt_rpc_req/linkswarm_manager/%2Flinkswarm.protocol.LinkSwarmRobotService%2FInitImu qos=2 mid=8[0m
[0m[INFO] [1787992837.916797912] [mqtt_gateway_node]: MQTT subscribe requested topic=aimrt_rpc_req/linkswarm_manager/%2Flinkswarm.protocol.LinkSwarmTaskService%2FCreateTask qos=2 mid=9[0m
[0m[INFO] [1787992837.916846329] [mqtt_gateway_node]: MQTT subscribe requested topic=aimrt_rpc_req/linkswarm_manager/%2Flinkswarm.protocol.LinkSwarmTaskService%2FExecuteTask qos=2 mid=10[0m
[0m[INFO] [1787992837.916868496] [mqtt_gateway_node]: MQTT subscribe requested topic=aimrt_rpc_req/linkswarm_manager/%2Flinkswarm.protocol.LinkSwarmTaskService%2FStopTask qos=2 mid=11[0m
[0m[INFO] [1787992837.916890954] [mqtt_gateway_node]: Heartbeat scheduler MQTT connection state=connected[0m
[0m[INFO] [1787992837.917012579] [mqtt_gateway_node]: heartbeat_snapshot wifi_ip= tl_ip=192.168.3.10 sn= battery=49 battery_source=sdk battery_default=false charging=false state=1 uwb=1 pose=(0.000,0.000,0.000) pose_source=default pose_stale=true source=default[0m
[0m[INFO] [1787992837.917116996] [mqtt_gateway_node]: Heartbeat immediate publish reason=mqtt_connected seq=1 topic=/channel/%2Faima%2Flinkswarm%2Fheartbeat/pb%3Alinkswarm.protocol.LinkSwarmHeartbeatChannel publish=queued[0m
[0m[INFO] [1787992837.918031662] [mqtt_gateway_node]: MQTT subscribe ack mid=1 granted_qos=2[0m
[0m[INFO] [1787992837.918086204] [mqtt_gateway_node]: MQTT subscribe ack mid=2 granted_qos=2[0m
[0m[INFO] [1787992837.918110704] [mqtt_gateway_node]: MQTT subscribe ack mid=3 granted_qos=2[0m
[0m[INFO] [1787992837.918134621] [mqtt_gateway_node]: MQTT subscribe ack mid=4 granted_qos=2[0m
[0m[INFO] [1787992837.918157954] [mqtt_gateway_node]: MQTT subscribe ack mid=5 granted_qos=2[0m
[0m[INFO] [1787992837.918181579] [mqtt_gateway_node]: MQTT subscribe ack mid=6 granted_qos=2[0m
[0m[INFO] [1787992837.918205496] [mqtt_gateway_node]: MQTT subscribe ack mid=7 granted_qos=2[0m
[0m[INFO] [1787992837.918228246] [mqtt_gateway_node]: MQTT subscribe ack mid=8 granted_qos=2[0m
[0m[INFO] [1787992837.918250121] [mqtt_gateway_node]: MQTT subscribe ack mid=9 granted_qos=2[0m
[0m[INFO] [1787992837.918271996] [mqtt_gateway_node]: MQTT subscribe ack mid=10 granted_qos=2[0m
[0m[INFO] [1787992837.918296204] [mqtt_gateway_node]: MQTT subscribe ack mid=11 granted_qos=2[0m
[0m[INFO] [1787992842.917314998] [mqtt_gateway_node]: heartbeat_snapshot wifi_ip= tl_ip=192.168.3.10 sn= battery=49 battery_source=sdk battery_default=false charging=false state=1 uwb=1 pose=(0.000,0.000,0.000) pose_source=default pose_stale=true source=default[0m
[33m[WARN] [1787992847.523686292] [mqtt_gateway_node]: MQTT disconnected: rc=7[0m
[0m[INFO] [1787992847.523796542] [mqtt_gateway_node]: Heartbeat scheduler MQTT connection state=disconnected[0m
[0m[INFO] [1787992848.522228126] [rclcpp]: signal_handler(SIGINT/SIGTERM)[0m
[0m[INFO] [1787992848.522826917] [mqtt_gateway_node]: Heartbeat scheduler stopped[0m
[0m[INFO] [1787992848.526290459] [mqtt_gateway_node]: MQTT client stopped[0m
