[2026-08-29 16:42:37.189] [info] [INFO] [1787992957.188987136] [mqtt_gateway_node]: MQTT parameters loaded host=127.0.0.1 port=1883 client_id=linkswarm_mqtt_gateway keepalive_sec=10 username_set=false
[2026-08-29 16:42:37.189] [warning] [WARN] [1787992957.189659136] [mqtt_gateway_node]: Heartbeat sn is empty; continuing because RobotHeartbeat.sn is optional for D1
[2026-08-29 16:42:37.189] [info] [INFO] [1787992957.189702886] [mqtt_gateway_node]: Heartbeat tl_ip parameter is empty; Tianluo auto detection will use interface eth0
[2026-08-29 16:42:37.189] [warning] [WARN] [1787992957.189718344] [mqtt_gateway_node]: Heartbeat wifi_ip is empty after checking wlan0 and fallback parameters; platform diagnostics should flag this
[2026-08-29 16:42:37.189] [info] [INFO] [1787992957.189734677] [mqtt_gateway_node]: Heartbeat defaults initialized sn= sn_source=empty wifi_ip= tl_ip= wifi_source=empty tianluo_interface=eth0 tl_ip_auto_detect=true tl_default_ip=192.168.168.168 tl_connected_requires_non_default_ip=true battery_percent=100 battery_charging=false battery_source=default uwb_status_code=1 pose_source=default
[2026-08-29 16:42:37.189] [info] [INFO] [1787992957.189939719] [mqtt_gateway_node]: Robot management defaults loaded name= product=D1 model= interaction=false fall_detection=false volume=0 group_control_mode=true publish_pnc_capable=false
[2026-08-29 16:42:37.190] [info] [INFO] [1787992957.190046469] [mqtt_gateway_node]: Tianluo tl_ip changed old_ip= new_ip=192.168.3.10 interface=eth0 source=interface
[2026-08-29 16:42:37.190] [info] [INFO] [1787992957.190068636] [mqtt_gateway_node]: Tianluo tl_ip status interface=eth0 ip=192.168.3.10 source=interface tl_connected=true
[2026-08-29 16:42:37.190] [info] [INFO] [1787992957.190126386] [mqtt_gateway_node]: Tianluo tl_ip auto detection initialized interface=eth0 default_ip=192.168.168.168 connected_requires_non_default_ip=true period_ms=1000
[2026-08-29 16:42:37.190] [info] [INFO] [1787992957.190309261] [mqtt_gateway_node]: Tianshu USB presence changed connected=false path=/sys/class/net/eth1/device tl_connected_source=tianluo_ip_auto_detection
[2026-08-29 16:42:37.190] [info] [INFO] [1787992957.190339886] [mqtt_gateway_node]: Tianshu USB presence detection initialized interface=eth1 override_path= period_ms=1000
[2026-08-29 16:42:37.190] [info] [INFO] [1787992957.190750844] [mqtt_gateway_node]: Task audit logger started dir=/home/firefly/workspace/zsibot/linkswarm_d1_ros2/logs/platform_sdk_bringup/20260829_164231/task_audit
[2026-08-29 16:42:37.194] [info] [INFO] [1787992957.194800052] [mqtt_gateway_node]: Heartbeat sensor pose source robot_state_topic=/linkswarm_d1/robot_state enabled=true sensor_uwb_timeout_ms=3000 task_status_topic=/motion_manager/task_status
[2026-08-29 16:42:37.202] [info] [INFO] [1787992957.202820886] [mqtt_gateway_node]: Heartbeat scheduler started frequency_hz=0.200
[2026-08-29 16:42:37.203] [info] [INFO] [1787992957.203378261] [mqtt_gateway_node]: MQTT client connecting to 127.0.0.1:1883 as linkswarm_mqtt_gateway
[2026-08-29 16:42:37.203] [info] [INFO] [1787992957.203548302] [mqtt_gateway_node]: MQTT connected
[2026-08-29 16:42:37.203] [info] [INFO] [1787992957.203661177] [mqtt_gateway_node]: MQTT subscribe requested topic=aimrt_rpc_req/linkswarm_manager/%2Flinkswarm.protocol.LinkSwarmRobotService%2FTimeSync qos=2 mid=1
[2026-08-29 16:42:37.204] [info] [INFO] [1787992957.203737302] [mqtt_gateway_node]: MQTT subscribe requested topic=aimrt_rpc_req/linkswarm_manager/%2Flinkswarm.protocol.LinkSwarmRobotService%2FSetHeartbeatFrequency qos=2 mid=2
[2026-08-29 16:42:37.204] [info] [INFO] [1787992957.204280386] [mqtt_gateway_node]: MQTT subscribe requested topic=aimrt_rpc_req/linkswarm_manager/%2Flinkswarm.protocol.LinkSwarmRobotService%2FGetHeartbeat qos=2 mid=3
[2026-08-29 16:42:37.204] [info] [INFO] [1787992957.204353011] [mqtt_gateway_node]: MQTT subscribe requested topic=aimrt_rpc_req/linkswarm_manager/%2Flinkswarm.protocol.LinkSwarmRobotService%2FSetGroupControlMode qos=2 mid=4
[2026-08-29 16:42:37.204] [info] [INFO] [1787992957.204429719] [mqtt_gateway_node]: MQTT subscribe requested topic=aimrt_rpc_req/linkswarm_manager/%2Flinkswarm.protocol.LinkSwarmRobotService%2FGetRobotConfig qos=2 mid=5
[2026-08-29 16:42:37.204] [info] [INFO] [1787992957.204561552] [mqtt_gateway_node]: MQTT subscribe requested topic=aimrt_rpc_req/linkswarm_manager/%2Flinkswarm.protocol.LinkSwarmRobotService%2FHealthDiagnosis qos=2 mid=6
[2026-08-29 16:42:37.204] [info] [INFO] [1787992957.204647594] [mqtt_gateway_node]: MQTT subscribe requested topic=aimrt_rpc_req/linkswarm_manager/%2Flinkswarm.protocol.LinkSwarmRobotService%2FGetRobotInfo qos=2 mid=7
[2026-08-29 16:42:37.204] [info] [INFO] [1787992957.204705052] [mqtt_gateway_node]: MQTT subscribe requested topic=aimrt_rpc_req/linkswarm_manager/%2Flinkswarm.protocol.LinkSwarmRobotService%2FInitImu qos=2 mid=8
[2026-08-29 16:42:37.204] [info] [INFO] [1787992957.204784094] [mqtt_gateway_node]: MQTT subscribe requested topic=aimrt_rpc_req/linkswarm_manager/%2Flinkswarm.protocol.LinkSwarmTaskService%2FCreateTask qos=2 mid=9
[2026-08-29 16:42:37.204] [info] [INFO] [1787992957.204840969] [mqtt_gateway_node]: MQTT subscribe requested topic=aimrt_rpc_req/linkswarm_manager/%2Flinkswarm.protocol.LinkSwarmTaskService%2FExecuteTask qos=2 mid=10
[2026-08-29 16:42:37.205] [info] [INFO] [1787992957.204898427] [mqtt_gateway_node]: MQTT subscribe requested topic=aimrt_rpc_req/linkswarm_manager/%2Flinkswarm.protocol.LinkSwarmTaskService%2FStopTask qos=2 mid=11
[2026-08-29 16:42:37.205] [info] [INFO] [1787992957.205090927] [mqtt_gateway_node]: Heartbeat scheduler MQTT connection state=connected
[2026-08-29 16:42:37.205] [info] [INFO] [1787992957.205276427] [mqtt_gateway_node]: MQTT subscribe ack mid=1 granted_qos=2
[2026-08-29 16:42:37.205] [info] [INFO] [1787992957.205300344] [mqtt_gateway_node]: heartbeat_snapshot wifi_ip= tl_ip=192.168.3.10 sn= battery=48 battery_source=sdk battery_default=false charging=false state=1 uwb=1 pose=(0.000,0.000,0.000) pose_source=default pose_stale=true source=default
[2026-08-29 16:42:37.205] [info] [INFO] [1787992957.205480302] [mqtt_gateway_node]: Heartbeat immediate publish reason=mqtt_connected seq=1 topic=/channel/%2Faima%2Flinkswarm%2Fheartbeat/pb%3Alinkswarm.protocol.LinkSwarmHeartbeatChannel publish=queued
[2026-08-29 16:42:37.205] [info] [INFO] [1787992957.205440344] [mqtt_gateway_node]: MQTT subscribe ack mid=2 granted_qos=2
[2026-08-29 16:42:37.205] [info] [INFO] [1787992957.205627886] [mqtt_gateway_node]: MQTT subscribe ack mid=3 granted_qos=2
[2026-08-29 16:42:37.205] [info] [INFO] [1787992957.205698469] [mqtt_gateway_node]: MQTT subscribe ack mid=4 granted_qos=2
[2026-08-29 16:42:37.205] [info] [INFO] [1787992957.205768469] [mqtt_gateway_node]: MQTT subscribe ack mid=5 granted_qos=2
[2026-08-29 16:42:37.205] [info] [INFO] [1787992957.205838177] [mqtt_gateway_node]: MQTT subscribe ack mid=6 granted_qos=2
[2026-08-29 16:42:37.205] [info] [INFO] [1787992957.205906719] [mqtt_gateway_node]: MQTT subscribe ack mid=7 granted_qos=2
[2026-08-29 16:42:37.206] [info] [INFO] [1787992957.205977302] [mqtt_gateway_node]: MQTT subscribe ack mid=8 granted_qos=2
[2026-08-29 16:42:37.246] [info] [INFO] [1787992957.246572052] [mqtt_gateway_node]: MQTT subscribe ack mid=9 granted_qos=2
[2026-08-29 16:42:37.246] [info] [INFO] [1787992957.246646719] [mqtt_gateway_node]: MQTT subscribe ack mid=10 granted_qos=2
[2026-08-29 16:42:37.246] [info] [INFO] [1787992957.246666261] [mqtt_gateway_node]: MQTT subscribe ack mid=11 granted_qos=2
[2026-08-29 16:42:42.205] [info] [INFO] [1787992962.205702805] [mqtt_gateway_node]: heartbeat_snapshot wifi_ip= tl_ip=192.168.3.10 sn= battery=48 battery_source=sdk battery_default=false charging=false state=1 uwb=1 pose=(0.000,0.000,0.000) pose_source=default pose_stale=true source=default
[2026-08-29 16:42:46.915] [warning] [WARN] [1787992966.915436682] [mqtt_gateway_node]: MQTT disconnected: rc=7
[2026-08-29 16:42:46.915] [info] [INFO] [1787992966.915624807] [mqtt_gateway_node]: Heartbeat scheduler MQTT connection state=disconnected
[2026-08-29 16:42:47.890] [info] [INFO] [1787992967.890589183] [rclcpp]: signal_handler(SIGINT/SIGTERM)
